MPU9250.c:44:6:IMU_WriteByte	32	static
MPU9250.c:56:9:IMU_ReadByte	32	static
MPU9250.c:67:6:IMU_ReadByteArray	24	static
MPU9250.c:77:6:MPU9250_Init	8	static
MPU9250.c:96:6:MPU9250_ReadAccelData	16	static
MPU9250.c:122:6:MPU9250_ReadGyroData	24	static
MPU9250.c:142:7:MPU9250_ComputeAngle	32	static
MPU9250.c:156:7:MPU9250_GetPitch	16	static
MPU9250.c:166:7:MPU9250_GetRoll	16	static
MPU9250.c:175:7:MPU9250_GetYaw	0	static
MPU9250.c:182:6:AK8963_Init	16	static
MPU9250.c:226:6:AK8963_ReadData	48	static
MPU9250.c:257:6:IMU_Init	8	static
MPU9250.c:275:6:IMU_Update	48	static
