stm32f1xx_hal.c:215:13:HAL_MspInit	0	static
stm32f1xx_hal.c:226:13:HAL_MspDeInit	0	static
stm32f1xx_hal.c:190:19:HAL_DeInit	8	static
stm32f1xx_hal.c:249:26:HAL_InitTick	8	static
stm32f1xx_hal.c:157:19:HAL_Init	8	static
stm32f1xx_hal.c:297:13:HAL_IncTick	0	static
stm32f1xx_hal.c:308:17:HAL_GetTick	0	static
stm32f1xx_hal.c:324:13:HAL_Delay	16	static
stm32f1xx_hal.c:343:13:HAL_SuspendTick	0	static
stm32f1xx_hal.c:359:13:HAL_ResumeTick	0	static
stm32f1xx_hal.c:369:10:HAL_GetHalVersion	0	static
stm32f1xx_hal.c:385:10:HAL_GetREVID	0	static
stm32f1xx_hal.c:401:10:HAL_GetDEVID	0	static
stm32f1xx_hal.c:410:6:HAL_DBGMCU_EnableDBGSleepMode	0	static
stm32f1xx_hal.c:426:6:HAL_DBGMCU_DisableDBGSleepMode	0	static
stm32f1xx_hal.c:456:6:HAL_DBGMCU_EnableDBGStopMode	0	static
stm32f1xx_hal.c:472:6:HAL_DBGMCU_DisableDBGStopMode	0	static
stm32f1xx_hal.c:488:6:HAL_DBGMCU_EnableDBGStandbyMode	0	static
stm32f1xx_hal.c:504:6:HAL_DBGMCU_DisableDBGStandbyMode	0	static
