stm32f1xx_hal_i2c.c:4165:26:I2C_IsAcknowledgeFailed	0	static
stm32f1xx_hal_i2c.c:3906:26:I2C_WaitOnFlagUntilTimeout	24	static
stm32f1xx_hal_i2c.c:3963:26:I2C_WaitOnMasterAddressFlagUntilTimeout	24	static
stm32f1xx_hal_i2c.c:3218:26:I2C_MasterRequestWrite	16	static
stm32f1xx_hal_i2c.c:3280:26:I2C_MasterRequestRead	32	static
stm32f1xx_hal_i2c.c:4087:26:I2C_WaitOnSTOPFlagUntilTimeout.constprop	16	static
stm32f1xx_hal_i2c.c:4013:26:I2C_WaitOnTXEFlagUntilTimeout	16	static
stm32f1xx_hal_i2c.c:3375:26:I2C_RequestMemoryWrite	32	static
stm32f1xx_hal_i2c.c:3464:26:I2C_RequestMemoryRead	32	static
stm32f1xx_hal_i2c.c:4122:26:I2C_WaitOnRXNEFlagUntilTimeout	16	static
stm32f1xx_hal_i2c.c:435:14:HAL_I2C_MspInit	0	static
stm32f1xx_hal_i2c.c:318:19:HAL_I2C_Init	16	static
stm32f1xx_hal_i2c.c:450:14:HAL_I2C_MspDeInit	0	static
stm32f1xx_hal_i2c.c:400:19:HAL_I2C_DeInit	8	static
stm32f1xx_hal_i2c.c:532:19:HAL_I2C_Master_Transmit	40	static
stm32f1xx_hal_i2c.c:647:19:HAL_I2C_Master_Receive	48	static
stm32f1xx_hal_i2c.c:877:19:HAL_I2C_Slave_Transmit	32	static
stm32f1xx_hal_i2c.c:991:19:HAL_I2C_Slave_Receive	32	static
stm32f1xx_hal_i2c.c:1102:19:HAL_I2C_Master_Transmit_IT	40	static
stm32f1xx_hal_i2c.c:1178:19:HAL_I2C_Master_Receive_IT	48	static
stm32f1xx_hal_i2c.c:1281:19:HAL_I2C_Slave_Transmit_IT	24	static
stm32f1xx_hal_i2c.c:1339:19:HAL_I2C_Slave_Receive_IT	24	static
stm32f1xx_hal_i2c.c:1398:19:HAL_I2C_Master_Transmit_DMA	40	static
stm32f1xx_hal_i2c.c:1479:19:HAL_I2C_Master_Receive_DMA	40	static
stm32f1xx_hal_i2c.c:1570:19:HAL_I2C_Slave_Transmit_DMA	40	static
stm32f1xx_hal_i2c.c:1660:19:HAL_I2C_Slave_Receive_DMA	32	static
stm32f1xx_hal_i2c.c:1736:19:HAL_I2C_Mem_Write	48	static
stm32f1xx_hal_i2c.c:1854:19:HAL_I2C_Mem_Read	72	static
stm32f1xx_hal_i2c.c:2089:19:HAL_I2C_Mem_Write_IT	48	static
stm32f1xx_hal_i2c.c:2167:19:HAL_I2C_Mem_Read_IT	64	static
stm32f1xx_hal_i2c.c:2277:19:HAL_I2C_Mem_Write_DMA	48	static
stm32f1xx_hal_i2c.c:2360:19:HAL_I2C_Mem_Read_DMA	56	static
stm32f1xx_hal_i2c.c:2457:19:HAL_I2C_IsDeviceReady	48	static
stm32f1xx_hal_i2c.c:2763:14:HAL_I2C_MasterTxCpltCallback	0	static
stm32f1xx_hal_i2c.c:2778:13:HAL_I2C_MasterRxCpltCallback	0	static
stm32f1xx_hal_i2c.c:2792:14:HAL_I2C_SlaveTxCpltCallback	0	static
stm32f1xx_hal_i2c.c:2807:13:HAL_I2C_SlaveRxCpltCallback	0	static
stm32f1xx_hal_i2c.c:2822:14:HAL_I2C_MemTxCpltCallback	0	static
stm32f1xx_hal_i2c.c:2837:13:HAL_I2C_MemRxCpltCallback	0	static
stm32f1xx_hal_i2c.c:2576:6:HAL_I2C_EV_IRQHandler	24	static
stm32f1xx_hal_i2c.c:2852:14:HAL_I2C_ErrorCallback	0	static
stm32f1xx_hal_i2c.c:3880:13:I2C_DMAError	8	static
stm32f1xx_hal_i2c.c:3591:13:I2C_DMAMasterTransmitCplt	8	static
stm32f1xx_hal_i2c.c:3668:13:I2C_DMAMasterReceiveCplt	8	static
stm32f1xx_hal_i2c.c:3628:13:I2C_DMASlaveTransmitCplt	8	static
stm32f1xx_hal_i2c.c:3705:13:I2C_DMASlaveReceiveCplt	16	static
stm32f1xx_hal_i2c.c:3752:13:I2C_DMAMemTransmitCplt	8	static
stm32f1xx_hal_i2c.c:3789:13:I2C_DMAMemReceiveCplt	8	static
stm32f1xx_hal_i2c.c:2682:6:HAL_I2C_ER_IRQHandler	8	static
stm32f1xx_hal_i2c.c:2887:22:HAL_I2C_GetState	0	static
stm32f1xx_hal_i2c.c:2899:10:HAL_I2C_GetError	0	static
