stm32f1xx_hal_pwr.c:135:13:PWR_OverloadWfe	0	static
stm32f1xx_hal_pwr.c:174:6:HAL_PWR_DeInit	0	static
stm32f1xx_hal_pwr.c:187:6:HAL_PWR_EnableBkUpAccess	0	static
stm32f1xx_hal_pwr.c:200:6:HAL_PWR_DisableBkUpAccess	0	static
stm32f1xx_hal_pwr.c:334:6:HAL_PWR_ConfigPVD	0	static
stm32f1xx_hal_pwr.c:377:6:HAL_PWR_EnablePVD	0	static
stm32f1xx_hal_pwr.c:387:6:HAL_PWR_DisablePVD	0	static
stm32f1xx_hal_pwr.c:400:6:HAL_PWR_EnableWakeUpPin	0	static
stm32f1xx_hal_pwr.c:415:6:HAL_PWR_DisableWakeUpPin	0	static
stm32f1xx_hal_pwr.c:435:6:HAL_PWR_EnterSLEEPMode	0	static
stm32f1xx_hal_pwr.c:478:6:HAL_PWR_EnterSTOPMode	8	static
stm32f1xx_hal_pwr.c:518:6:HAL_PWR_EnterSTANDBYMode	0	static
stm32f1xx_hal_pwr.c:543:6:HAL_PWR_EnableSleepOnExit	0	static
stm32f1xx_hal_pwr.c:556:6:HAL_PWR_DisableSleepOnExit	0	static
stm32f1xx_hal_pwr.c:569:6:HAL_PWR_EnableSEVOnPend	0	static
stm32f1xx_hal_pwr.c:582:6:HAL_PWR_DisableSEVOnPend	0	static
stm32f1xx_hal_pwr.c:612:13:HAL_PWR_PVDCallback	0	static
stm32f1xx_hal_pwr.c:595:6:HAL_PWR_PVD_IRQHandler	8	static
