stm32f1xx_hal_uart.c:1869:13:UART_SetConfig	32	static
stm32f1xx_hal_uart.c:1656:26:UART_WaitOnFlagUntilTimeout.constprop	24	static
stm32f1xx_hal_uart.c:539:14:HAL_UART_MspInit	0	static
stm32f1xx_hal_uart.c:251:19:HAL_UART_Init	8	static
stm32f1xx_hal_uart.c:313:19:HAL_HalfDuplex_Init	8	static
stm32f1xx_hal_uart.c:373:19:HAL_LIN_Init	16	static
stm32f1xx_hal_uart.c:439:19:HAL_MultiProcessor_Init	16	static
stm32f1xx_hal_uart.c:554:14:HAL_UART_MspDeInit	0	static
stm32f1xx_hal_uart.c:501:19:HAL_UART_DeInit	16	static
stm32f1xx_hal_uart.c:633:19:HAL_UART_Transmit	16	static
stm32f1xx_hal_uart.c:727:19:HAL_UART_Receive	16	static
stm32f1xx_hal_uart.c:826:19:HAL_UART_Transmit_IT	0	static
stm32f1xx_hal_uart.c:878:19:HAL_UART_Receive_IT	0	static
stm32f1xx_hal_uart.c:936:19:HAL_UART_Transmit_DMA	8	static
stm32f1xx_hal_uart.c:1008:19:HAL_UART_Receive_DMA	16	static
stm32f1xx_hal_uart.c:1072:19:HAL_UART_DMAPause	0	static
stm32f1xx_hal_uart.c:1112:19:HAL_UART_DMAResume	8	static
stm32f1xx_hal_uart.c:1156:19:HAL_UART_DMAStop	8	static
stm32f1xx_hal_uart.c:1265:14:HAL_UART_TxCpltCallback	0	static
stm32f1xx_hal_uart.c:1552:13:UART_DMATransmitCplt	8	static
stm32f1xx_hal_uart.c:1280:14:HAL_UART_TxHalfCpltCallback	0	static
stm32f1xx_hal_uart.c:1580:13:UART_DMATxHalfCplt	8	static
stm32f1xx_hal_uart.c:1295:13:HAL_UART_RxCpltCallback	0	static
stm32f1xx_hal_uart.c:1593:13:UART_DMAReceiveCplt	8	static
stm32f1xx_hal_uart.c:1310:13:HAL_UART_RxHalfCpltCallback	0	static
stm32f1xx_hal_uart.c:1624:13:UART_DMARxHalfCplt	8	static
stm32f1xx_hal_uart.c:1325:14:HAL_UART_ErrorCallback	0	static
stm32f1xx_hal_uart.c:1637:13:UART_DMAError	8	static
stm32f1xx_hal_uart.c:1189:6:HAL_UART_IRQHandler	16	static
stm32f1xx_hal_uart.c:1363:19:HAL_LIN_SendBreak	0	static
stm32f1xx_hal_uart.c:1390:19:HAL_MultiProcessor_EnterMuteMode	0	static
stm32f1xx_hal_uart.c:1417:19:HAL_MultiProcessor_ExitMuteMode	0	static
stm32f1xx_hal_uart.c:1444:19:HAL_HalfDuplex_EnableTransmitter	0	static
stm32f1xx_hal_uart.c:1470:19:HAL_HalfDuplex_EnableReceiver	0	static
stm32f1xx_hal_uart.c:1518:23:HAL_UART_GetState	0	static
stm32f1xx_hal_uart.c:1529:10:HAL_UART_GetError	0	static
