Archive member included to satisfy reference by file (symbol)

c:/program files (x86)/atollic/truestudio for arm 8.0.0/armtools/bin/../lib/gcc/arm-atollic-eabi/6.3.1/../../../../arm-atollic-eabi/lib/armv7-m\libc_nano.a(lib_a-init.o)
                              startup\startup_stm32f103xb.o (__libc_init_array)
c:/program files (x86)/atollic/truestudio for arm 8.0.0/armtools/bin/../lib/gcc/arm-atollic-eabi/6.3.1/../../../../arm-atollic-eabi/lib/armv7-m\libc_nano.a(lib_a-memset.o)
                              Drivers\STM32F1xx_HAL_Driver\Src\stm32f1xx_hal_rcc.o (memset)
c:/program files (x86)/atollic/truestudio for arm 8.0.0/armtools/bin/../lib/gcc/arm-atollic-eabi/6.3.1/../../../../arm-atollic-eabi/lib/armv7-m\libc_nano.a(lib_a-sprintf.o)
                              Src\serial.o (sprintf)
c:/program files (x86)/atollic/truestudio for arm 8.0.0/armtools/bin/../lib/gcc/arm-atollic-eabi/6.3.1/../../../../arm-atollic-eabi/lib/armv7-m\libc_nano.a(lib_a-strcpy.o)
                              Src\serial.o (strcpy)
c:/program files (x86)/atollic/truestudio for arm 8.0.0/armtools/bin/../lib/gcc/arm-atollic-eabi/6.3.1/../../../../arm-atollic-eabi/lib/armv7-m\libc_nano.a(lib_a-strlen.o)
                              Src\serial.o (strlen)
c:/program files (x86)/atollic/truestudio for arm 8.0.0/armtools/bin/../lib/gcc/arm-atollic-eabi/6.3.1/../../../../arm-atollic-eabi/lib/armv7-m\libc_nano.a(lib_a-impure.o)
                              c:/program files (x86)/atollic/truestudio for arm 8.0.0/armtools/bin/../lib/gcc/arm-atollic-eabi/6.3.1/../../../../arm-atollic-eabi/lib/armv7-m\libc_nano.a(lib_a-sprintf.o) (_impure_ptr)
c:/program files (x86)/atollic/truestudio for arm 8.0.0/armtools/bin/../lib/gcc/arm-atollic-eabi/6.3.1/../../../../arm-atollic-eabi/lib/armv7-m\libc_nano.a(lib_a-nano-svfprintf.o)
                              c:/program files (x86)/atollic/truestudio for arm 8.0.0/armtools/bin/../lib/gcc/arm-atollic-eabi/6.3.1/../../../../arm-atollic-eabi/lib/armv7-m\libc_nano.a(lib_a-sprintf.o) (_svfprintf_r)
c:/program files (x86)/atollic/truestudio for arm 8.0.0/armtools/bin/../lib/gcc/arm-atollic-eabi/6.3.1/../../../../arm-atollic-eabi/lib/armv7-m\libc_nano.a(lib_a-nano-vfprintf_i.o)
                              c:/program files (x86)/atollic/truestudio for arm 8.0.0/armtools/bin/../lib/gcc/arm-atollic-eabi/6.3.1/../../../../arm-atollic-eabi/lib/armv7-m\libc_nano.a(lib_a-nano-svfprintf.o) (_printf_i)
c:/program files (x86)/atollic/truestudio for arm 8.0.0/armtools/bin/../lib/gcc/arm-atollic-eabi/6.3.1/../../../../arm-atollic-eabi/lib/armv7-m\libc_nano.a(lib_a-memchr-stub.o)
                              c:/program files (x86)/atollic/truestudio for arm 8.0.0/armtools/bin/../lib/gcc/arm-atollic-eabi/6.3.1/../../../../arm-atollic-eabi/lib/armv7-m\libc_nano.a(lib_a-nano-svfprintf.o) (memchr)
c:/program files (x86)/atollic/truestudio for arm 8.0.0/armtools/bin/../lib/gcc/arm-atollic-eabi/6.3.1/../../../../arm-atollic-eabi/lib/armv7-m\libc_nano.a(lib_a-memcpy-stub.o)
                              c:/program files (x86)/atollic/truestudio for arm 8.0.0/armtools/bin/../lib/gcc/arm-atollic-eabi/6.3.1/../../../../arm-atollic-eabi/lib/armv7-m\libc_nano.a(lib_a-nano-svfprintf.o) (memcpy)
c:/program files (x86)/atollic/truestudio for arm 8.0.0/armtools/bin/../lib/gcc/arm-atollic-eabi/6.3.1/../../../../arm-atollic-eabi/lib/armv7-m\libc_nano.a(lib_a-memmove.o)
                              c:/program files (x86)/atollic/truestudio for arm 8.0.0/armtools/bin/../lib/gcc/arm-atollic-eabi/6.3.1/../../../../arm-atollic-eabi/lib/armv7-m\libc_nano.a(lib_a-nano-svfprintf.o) (memmove)
c:/program files (x86)/atollic/truestudio for arm 8.0.0/armtools/bin/../lib/gcc/arm-atollic-eabi/6.3.1/../../../../arm-atollic-eabi/lib/armv7-m\libc_nano.a(lib_a-nano-freer.o)
                              c:/program files (x86)/atollic/truestudio for arm 8.0.0/armtools/bin/../lib/gcc/arm-atollic-eabi/6.3.1/../../../../arm-atollic-eabi/lib/armv7-m\libc_nano.a(lib_a-nano-svfprintf.o) (_free_r)
c:/program files (x86)/atollic/truestudio for arm 8.0.0/armtools/bin/../lib/gcc/arm-atollic-eabi/6.3.1/../../../../arm-atollic-eabi/lib/armv7-m\libc_nano.a(lib_a-nano-mallocr.o)
                              c:/program files (x86)/atollic/truestudio for arm 8.0.0/armtools/bin/../lib/gcc/arm-atollic-eabi/6.3.1/../../../../arm-atollic-eabi/lib/armv7-m\libc_nano.a(lib_a-nano-svfprintf.o) (_malloc_r)
c:/program files (x86)/atollic/truestudio for arm 8.0.0/armtools/bin/../lib/gcc/arm-atollic-eabi/6.3.1/../../../../arm-atollic-eabi/lib/armv7-m\libc_nano.a(lib_a-nano-reallocr.o)
                              c:/program files (x86)/atollic/truestudio for arm 8.0.0/armtools/bin/../lib/gcc/arm-atollic-eabi/6.3.1/../../../../arm-atollic-eabi/lib/armv7-m\libc_nano.a(lib_a-nano-svfprintf.o) (_realloc_r)
c:/program files (x86)/atollic/truestudio for arm 8.0.0/armtools/bin/../lib/gcc/arm-atollic-eabi/6.3.1/../../../../arm-atollic-eabi/lib/armv7-m\libc_nano.a(lib_a-sbrkr.o)
[...]
Memory Configuration

Name             Origin             Length             Attributes
RAM              0x20000000         0x00005000         xrw
FLASH            0x08000000         0x00010000         xr
*default*        0x00000000         0xffffffff

Linker script and memory map

LOAD c:/program files (x86)/atollic/truestudio for arm 8.0.0/armtools/bin/../lib/gcc/arm-atollic-eabi/6.3.1/armv7-m/crti.o
LOAD c:/program files (x86)/atollic/truestudio for arm 8.0.0/armtools/bin/../lib/gcc/arm-atollic-eabi/6.3.1/armv7-m/crtbegin.o
LOAD Drivers\STM32F1xx_HAL_Driver\Src\stm32f1xx_hal.o
LOAD Drivers\STM32F1xx_HAL_Driver\Src\stm32f1xx_hal_cortex.o
LOAD Drivers\STM32F1xx_HAL_Driver\Src\stm32f1xx_hal_dma.o
LOAD Drivers\STM32F1xx_HAL_Driver\Src\stm32f1xx_hal_flash.o
LOAD Drivers\STM32F1xx_HAL_Driver\Src\stm32f1xx_hal_flash_ex.o
LOAD Drivers\STM32F1xx_HAL_Driver\Src\stm32f1xx_hal_gpio.o
LOAD Drivers\STM32F1xx_HAL_Driver\Src\stm32f1xx_hal_gpio_ex.o
LOAD Drivers\STM32F1xx_HAL_Driver\Src\stm32f1xx_hal_i2c.o
LOAD Drivers\STM32F1xx_HAL_Driver\Src\stm32f1xx_hal_pwr.o
LOAD Drivers\STM32F1xx_HAL_Driver\Src\stm32f1xx_hal_rcc.o
LOAD Drivers\STM32F1xx_HAL_Driver\Src\stm32f1xx_hal_rcc_ex.o
LOAD Drivers\STM32F1xx_HAL_Driver\Src\stm32f1xx_hal_tim.o
LOAD Drivers\STM32F1xx_HAL_Driver\Src\stm32f1xx_hal_tim_ex.o
LOAD Drivers\STM32F1xx_HAL_Driver\Src\stm32f1xx_hal_uart.o
LOAD Src\MPU9250.o
LOAD Src\MadgwickAHRS.o
LOAD Src\devices.o
LOAD Src\main.o
LOAD Src\msp.o
LOAD Src\peripherals.o
LOAD Src\serial.o
LOAD Src\stm32f1xx_hal_msp.o
LOAD Src\stm32f1xx_it.o
LOAD Src\system_stm32f1xx.o
LOAD Src\telemetry.o
LOAD startup\startup_stm32f103xb.o
                0x00000080                malloc_getpagesize_P = 0x80
START GROUP
LOAD c:/program files (x86)/atollic/truestudio for arm 8.0.0/armtools/bin/../lib/gcc/arm-atollic-eabi/6.3.1/../../../../arm-atollic-eabi/lib/armv7-m\libc_nano.a
LOAD c:/program files (x86)/atollic/truestudio for arm 8.0.0/armtools/bin/../lib/gcc/arm-atollic-eabi/6.3.1/../../../../arm-atollic-eabi/lib/armv7-m\libm.a
END GROUP
START GROUP
LOAD c:/program files (x86)/atollic/truestudio for arm 8.0.0/armtools/bin/../lib/gcc/arm-atollic-eabi/6.3.1/armv7-m\libgcc.a
LOAD c:/program files (x86)/atollic/truestudio for arm 8.0.0/armtools/bin/../lib/gcc/arm-atollic-eabi/6.3.1/../../../../arm-atollic-eabi/lib/armv7-m\libc_nano.a
END GROUP
START GROUP
LOAD c:/program files (x86)/atollic/truestudio for arm 8.0.0/armtools/bin/../lib/gcc/arm-atollic-eabi/6.3.1/armv7-m\libgcc.a
LOAD c:/program files (x86)/atollic/truestudio for arm 8.0.0/armtools/bin/../lib/gcc/arm-atollic-eabi/6.3.1/../../../../arm-atollic-eabi/lib/armv7-m\libc_nano.a
LOAD c:/program files (x86)/atollic/truestudio for arm 8.0.0/armtools/bin/../lib/gcc/arm-atollic-eabi/6.3.1/../../../../arm-atollic-eabi/lib/armv7-m\libnosys.a
END GROUP
START GROUP
LOAD c:/program files (x86)/atollic/truestudio for arm 8.0.0/armtools/bin/../lib/gcc/arm-atollic-eabi/6.3.1/armv7-m\libgcc.a
LOAD c:/program files (x86)/atollic/truestudio for arm 8.0.0/armtools/bin/../lib/gcc/arm-atollic-eabi/6.3.1/../../../../arm-atollic-eabi/lib/armv7-m\libc_nano.a
LOAD c:/program files (x86)/atollic/truestudio for arm 8.0.0/armtools/bin/../lib/gcc/arm-atollic-eabi/6.3.1/../../../../arm-atollic-eabi/lib/armv7-m\libnosys.a
END GROUP
LOAD c:/program files (x86)/atollic/truestudio for arm 8.0.0/armtools/bin/../lib/gcc/arm-atollic-eabi/6.3.1/armv7-m/crtend.o
LOAD c:/program files (x86)/atollic/truestudio for arm 8.0.0/armtools/bin/../lib/gcc/arm-atollic-eabi/6.3.1/armv7-m/crtn.o
                0x20005000                _estack = 0x20005000
                0x00000200                _Min_Heap_Size = 0x200
                0x00000400                _Min_Stack_Size = 0x400

.isr_vector     0x08000000      0x10c
                0x08000000                . = ALIGN (0x4)
 *(.isr_vector)
 .isr_vector    0x08000000      0x10c startup\startup_stm32f103xb.o
                0x08000000                g_pfnVectors
                0x0800010c                . = ALIGN (0x4)

.text           0x0800010c     0x1ae4
                0x0800010c                . = ALIGN (0x4)
 *(.text)
 .text          0x0800010c       0x40 c:/program files (x86)/atollic/truestudio for arm 8.0.0/armtools/bin/../lib/gcc/arm-atollic-eabi/6.3.1/armv7-m/crtbegin.o
 .text          0x0800014c       0x10 c:/program files (x86)/atollic/truestudio for arm 8.0.0/armtools/bin/../lib/gcc/arm-atollic-eabi/6.3.1/../../../../arm-atollic-eabi/lib/armv7-m\libc_nano.a(lib_a-strlen.o)
                0x0800014c                strlen
 *(.text*)
 .text.HAL_InitTick
                0x0800015c       0x24 Drivers\STM32F1xx_HAL_Driver\Src\stm32f1xx_hal.o
                0x0800015c                HAL_InitTick
 .text.HAL_Init
                0x08000180       0x24 Drivers\STM32F1xx_HAL_Driver\Src\stm32f1xx_hal.o
                0x08000180                HAL_Init
 .text.HAL_IncTick
                0x080001a4       0x10 Drivers\STM32F1xx_HAL_Driver\Src\stm32f1xx_hal.o
                0x080001a4                HAL_IncTick
 .text.HAL_GetTick
                0x080001b4        0xc Drivers\STM32F1xx_HAL_Driver\Src\stm32f1xx_hal.o
                0x080001b4                HAL_GetTick
 .text.HAL_Delay
                0x080001c0       0x1a Drivers\STM32F1xx_HAL_Driver\Src\stm32f1xx_hal.o
                0x080001c0                HAL_Delay
 *fill*         0x080001da        0x2 
 .text.HAL_NVIC_SetPriorityGrouping
                0x080001dc       0x24 Drivers\STM32F1xx_HAL_Driver\Src\stm32f1xx_hal_cortex.o
                0x080001dc                HAL_NVIC_SetPriorityGrouping
 .text.HAL_NVIC_SetPriority
                0x08000200       0x68 Drivers\STM32F1xx_HAL_Driver\Src\stm32f1xx_hal_cortex.o
                0x08000200                HAL_NVIC_SetPriority
 .text.HAL_NVIC_EnableIRQ
                0x08000268       0x18 Drivers\STM32F1xx_HAL_Driver\Src\stm32f1xx_hal_cortex.o
                0x08000268                HAL_NVIC_EnableIRQ
 .text.HAL_SYSTICK_Config
                0x08000280       0x2c Drivers\STM32F1xx_HAL_Driver\Src\stm32f1xx_hal_cortex.o
                0x08000280                HAL_SYSTICK_Config
 .text.HAL_SYSTICK_CLKSourceConfig
                0x080002ac       0x18 Drivers\STM32F1xx_HAL_Driver\Src\stm32f1xx_hal_cortex.o
                0x080002ac                HAL_SYSTICK_CLKSourceConfig
 .text.HAL_SYSTICK_Callback
                0x080002c4        0x2 Drivers\STM32F1xx_HAL_Driver\Src\stm32f1xx_hal_cortex.o
                0x080002c4                HAL_SYSTICK_Callback
 .text.HAL_SYSTICK_IRQHandler
                0x080002c6        0x8 Drivers\STM32F1xx_HAL_Driver\Src\stm32f1xx_hal_cortex.o
                0x080002c6                HAL_SYSTICK_IRQHandler
 *fill*         0x080002ce        0x2 
 .text.HAL_GPIO_Init
                0x080002d0      0x1c0 Drivers\STM32F1xx_HAL_Driver\Src\stm32f1xx_hal_gpio.o
                0x080002d0                HAL_GPIO_Init
 .text.HAL_GPIO_WritePin
                0x08000490        0xa Drivers\STM32F1xx_HAL_Driver\Src\stm32f1xx_hal_gpio.o
                0x08000490                HAL_GPIO_WritePin
 .text.HAL_GPIO_TogglePin
                0x0800049a        0x8 Drivers\STM32F1xx_HAL_Driver\Src\stm32f1xx_hal_gpio.o
                0x0800049a                HAL_GPIO_TogglePin
 *fill*         0x080004a2        0x2 
 .text.HAL_I2C_Init
                0x080004a4       0xd4 Drivers\STM32F1xx_HAL_Driver\Src\stm32f1xx_hal_i2c.o
                0x080004a4                HAL_I2C_Init
 .text.HAL_RCC_OscConfig
                0x08000578      0x4b0 Drivers\STM32F1xx_HAL_Driver\Src\stm32f1xx_hal_rcc.o
                0x08000578                HAL_RCC_OscConfig
 .text.HAL_RCC_GetSysClockFreq
                0x08000a28       0x94 Drivers\STM32F1xx_HAL_Driver\Src\stm32f1xx_hal_rcc.o
                0x08000a28                HAL_RCC_GetSysClockFreq
 .text.HAL_RCC_ClockConfig
                0x08000abc      0x168 Drivers\STM32F1xx_HAL_Driver\Src\stm32f1xx_hal_rcc.o
                0x08000abc                HAL_RCC_ClockConfig
 .text.HAL_RCC_GetHCLKFreq
                0x08000c24        0xc Drivers\STM32F1xx_HAL_Driver\Src\stm32f1xx_hal_rcc.o
                0x08000c24                HAL_RCC_GetHCLKFreq
 .text.HAL_RCC_GetPCLK1Freq
                0x08000c30       0x30 Drivers\STM32F1xx_HAL_Driver\Src\stm32f1xx_hal_rcc.o
                0x08000c30                HAL_RCC_GetPCLK1Freq
 .text.HAL_RCC_GetPCLK2Freq
                0x08000c60       0x30 Drivers\STM32F1xx_HAL_Driver\Src\stm32f1xx_hal_rcc.o
                0x08000c60                HAL_RCC_GetPCLK2Freq
 .text.TIM_OC1_SetConfig
                0x08000c90       0x50 Drivers\STM32F1xx_HAL_Driver\Src\stm32f1xx_hal_tim.o
 .text.TIM_OC3_SetConfig
                0x08000ce0       0x54 Drivers\STM32F1xx_HAL_Driver\Src\stm32f1xx_hal_tim.o
 .text.TIM_OC4_SetConfig
                0x08000d34       0x44 Drivers\STM32F1xx_HAL_Driver\Src\stm32f1xx_hal_tim.o
 .text.TIM_Base_SetConfig
                0x08000d78       0x68 Drivers\STM32F1xx_HAL_Driver\Src\stm32f1xx_hal_tim.o
                0x08000d78                TIM_Base_SetConfig
 .text.HAL_TIM_PWM_Init
                0x08000de0       0x34 Drivers\STM32F1xx_HAL_Driver\Src\stm32f1xx_hal_tim.o
                0x08000de0                HAL_TIM_PWM_Init
 .text.TIM_OC2_SetConfig
                0x08000e14       0x58 Drivers\STM32F1xx_HAL_Driver\Src\stm32f1xx_hal_tim.o
                0x08000e14                TIM_OC2_SetConfig
 .text.HAL_TIM_PWM_ConfigChannel
                0x08000e6c       0xc4 Drivers\STM32F1xx_HAL_Driver\Src\stm32f1xx_hal_tim.o
                0x08000e6c                HAL_TIM_PWM_ConfigChannel
 .text.TIM_CCxChannelCmd
                0x08000f30       0x18 Drivers\STM32F1xx_HAL_Driver\Src\stm32f1xx_hal_tim.o
                0x08000f30                TIM_CCxChannelCmd
 .text.HAL_TIM_PWM_Start
                0x08000f48       0x2c Drivers\STM32F1xx_HAL_Driver\Src\stm32f1xx_hal_tim.o
                0x08000f48                HAL_TIM_PWM_Start
 .text.HAL_TIMEx_ConfigBreakDeadTime
                0x08000f74       0x40 Drivers\STM32F1xx_HAL_Driver\Src\stm32f1xx_hal_tim_ex.o
                0x08000f74                HAL_TIMEx_ConfigBreakDeadTime
 .text.HAL_TIMEx_MasterConfigSynchronization
                0x08000fb4       0x44 Drivers\STM32F1xx_HAL_Driver\Src\stm32f1xx_hal_tim_ex.o
                0x08000fb4                HAL_TIMEx_MasterConfigSynchronization
 .text.UART_SetConfig
                0x08000ff8      0x13c Drivers\STM32F1xx_HAL_Driver\Src\stm32f1xx_hal_uart.o
 .text.UART_WaitOnFlagUntilTimeout.constprop.1
                0x08001134       0x60 Drivers\STM32F1xx_HAL_Driver\Src\stm32f1xx_hal_uart.o
 .text.HAL_UART_Init
                0x08001194       0x58 Drivers\STM32F1xx_HAL_Driver\Src\stm32f1xx_hal_uart.o
                0x08001194                HAL_UART_Init
 .text.HAL_UART_Transmit
                0x080011ec       0xb6 Drivers\STM32F1xx_HAL_Driver\Src\stm32f1xx_hal_uart.o
                0x080011ec                HAL_UART_Transmit
 .text.HAL_UART_TxCpltCallback
                0x080012a2        0x2 Drivers\STM32F1xx_HAL_Driver\Src\stm32f1xx_hal_uart.o
                0x080012a2                HAL_UART_TxCpltCallback
 .text.HAL_UART_RxCpltCallback
                0x080012a4        0x2 Drivers\STM32F1xx_HAL_Driver\Src\stm32f1xx_hal_uart.o
                0x080012a4                HAL_UART_RxCpltCallback
 .text.HAL_UART_ErrorCallback
                0x080012a6        0x2 Drivers\STM32F1xx_HAL_Driver\Src\stm32f1xx_hal_uart.o
                0x080012a6                HAL_UART_ErrorCallback
 .text.HAL_UART_IRQHandler
                0x080012a8      0x188 Drivers\STM32F1xx_HAL_Driver\Src\stm32f1xx_hal_uart.o
                0x080012a8                HAL_UART_IRQHandler
 .text.toggleLED
                0x08001430       0x34 Src\devices.o
                0x08001430                toggleLED
 .text.LED_StartupSequence
                0x08001464       0x5c Src\devices.o
                0x08001464                LED_StartupSequence
 .text.PWM_Init
                0x080014c0       0x34 Src\devices.o
                0x080014c0                PWM_Init
 .text.Devices_Init
                0x080014f4       0x12 Src\devices.o
                0x080014f4                Devices_Init
 *fill*         0x08001506        0x2 
 .text.startup.main
                0x08001508       0x1c Src\main.o
                0x08001508                main
 .text._Error_Handler.constprop.1
                0x08001524       0x54 Src\peripherals.o
 .text.SystemClock_Config
                0x08001578       0x6c Src\peripherals.o
                0x08001578                SystemClock_Config
 .text.Peripherals_Init
                0x080015e4      0x288 Src\peripherals.o
                0x080015e4                Peripherals_Init
 .text.serialPrint
                0x0800186c       0x38 Src\serial.o
                0x0800186c                serialPrint
 .text.HAL_MspInit
                0x080018a4       0x7c Src\stm32f1xx_hal_msp.o
                0x080018a4                HAL_MspInit
 .text.HAL_I2C_MspInit
                0x08001920       0x44 Src\stm32f1xx_hal_msp.o
                0x08001920                HAL_I2C_MspInit
 .text.HAL_TIM_PWM_MspInit
                0x08001964       0x88 Src\stm32f1xx_hal_msp.o
                0x08001964                HAL_TIM_PWM_MspInit
 .text.HAL_TIM_MspPostInit
                0x080019ec       0x68 Src\stm32f1xx_hal_msp.o
                0x080019ec                HAL_TIM_MspPostInit
 .text.HAL_UART_MspInit
                0x08001a54       0x68 Src\stm32f1xx_hal_msp.o
                0x08001a54                HAL_UART_MspInit
 .text.NMI_Handler
                0x08001abc        0x2 Src\stm32f1xx_it.o
                0x08001abc                NMI_Handler
 .text.HardFault_Handler
                0x08001abe        0x2 Src\stm32f1xx_it.o
                0x08001abe                HardFault_Handler
 .text.MemManage_Handler
                0x08001ac0        0x2 Src\stm32f1xx_it.o
                0x08001ac0                MemManage_Handler
 .text.BusFault_Handler
                0x08001ac2        0x2 Src\stm32f1xx_it.o
                0x08001ac2                BusFault_Handler
 .text.UsageFault_Handler
                0x08001ac4        0x2 Src\stm32f1xx_it.o
                0x08001ac4                UsageFault_Handler
 .text.SVC_Handler
                0x08001ac6        0x2 Src\stm32f1xx_it.o
                0x08001ac6                SVC_Handler
 .text.DebugMon_Handler
                0x08001ac8        0x2 Src\stm32f1xx_it.o
                0x08001ac8                DebugMon_Handler
 .text.PendSV_Handler
                0x08001aca        0x2 Src\stm32f1xx_it.o
                0x08001aca                PendSV_Handler
 .text.SysTick_Handler
                0x08001acc        0xe Src\stm32f1xx_it.o
                0x08001acc                SysTick_Handler
 *fill*         0x08001ada        0x2 
 .text.USART1_IRQHandler
                0x08001adc        0xc Src\stm32f1xx_it.o
                0x08001adc                USART1_IRQHandler
 .text.SystemInit
                0x08001ae8       0x4c Src\system_stm32f1xx.o
                0x08001ae8                SystemInit
 .text.Reset_Handler
                0x08001b34       0x48 startup\startup_stm32f103xb.o
                0x08001b34                Reset_Handler
 .text.Default_Handler
                0x08001b7c        0x2 startup\startup_stm32f103xb.o
                0x08001b7c                RTC_Alarm_IRQHandler
                0x08001b7c                EXTI2_IRQHandler
                0x08001b7c                TIM1_CC_IRQHandler
                0x08001b7c                PVD_IRQHandler
                0x08001b7c                EXTI3_IRQHandler
                0x08001b7c                EXTI0_IRQHandler
                0x08001b7c                I2C2_EV_IRQHandler
                0x08001b7c                ADC1_2_IRQHandler
                0x08001b7c                SPI1_IRQHandler
                0x08001b7c                TAMPER_IRQHandler
                0x08001b7c                DMA1_Channel4_IRQHandler
                0x08001b7c                USART3_IRQHandler
                0x08001b7c                RTC_IRQHandler
                0x08001b7c                DMA1_Channel7_IRQHandler
                0x08001b7c                CAN1_RX1_IRQHandler
                0x08001b7c                TIM4_IRQHandler
                0x08001b7c                I2C1_EV_IRQHandler
                0x08001b7c                DMA1_Channel6_IRQHandler
                0x08001b7c                TIM3_IRQHandler
                0x08001b7c                RCC_IRQHandler
                0x08001b7c                TIM1_TRG_COM_IRQHandler
                0x08001b7c                DMA1_Channel1_IRQHandler
                0x08001b7c                Default_Handler
                0x08001b7c                EXTI15_10_IRQHandler
                0x08001b7c                EXTI9_5_IRQHandler
                0x08001b7c                SPI2_IRQHandler
                0x08001b7c                DMA1_Channel5_IRQHandler
                0x08001b7c                EXTI4_IRQHandler
                0x08001b7c                USB_LP_CAN1_RX0_IRQHandler
                0x08001b7c                USB_HP_CAN1_TX_IRQHandler
                0x08001b7c                DMA1_Channel3_IRQHandler
                0x08001b7c                TIM1_UP_IRQHandler
                0x08001b7c                WWDG_IRQHandler
                0x08001b7c                TIM2_IRQHandler
                0x08001b7c                TIM1_BRK_IRQHandler
                0x08001b7c                EXTI1_IRQHandler
                0x08001b7c                USART2_IRQHandler
                0x08001b7c                I2C2_ER_IRQHandler
                0x08001b7c                DMA1_Channel2_IRQHandler
                0x08001b7c                CAN1_SCE_IRQHandler
                0x08001b7c                FLASH_IRQHandler
                0x08001b7c                I2C1_ER_IRQHandler
                0x08001b7c                USBWakeUp_IRQHandler
 *fill*         0x08001b7e        0x2 
 .text.__libc_init_array
                0x08001b80       0x48 c:/program files (x86)/atollic/truestudio for arm 8.0.0/armtools/bin/../lib/gcc/arm-atollic-eabi/6.3.1/../../../../arm-atollic-eabi/lib/armv7-m\libc_nano.a(lib_a-init.o)
                0x08001b80                __libc_init_array
 .text.strcpy   0x08001bc8       0x10 c:/program files (x86)/atollic/truestudio for arm 8.0.0/armtools/bin/../lib/gcc/arm-atollic-eabi/6.3.1/../../../../arm-atollic-eabi/lib/armv7-m\libc_nano.a(lib_a-strcpy.o)
                0x08001bc8                strcpy
 *(.glue_7)
 .glue_7        0x08001bd8        0x0 linker stubs
 *(.glue_7t)
 .glue_7t       0x08001bd8        0x0 linker stubs
 *(.eh_frame)
 .eh_frame      0x08001bd8        0x0 c:/program files (x86)/atollic/truestudio for arm 8.0.0/armtools/bin/../lib/gcc/arm-atollic-eabi/6.3.1/armv7-m/crtbegin.o
 *(.init)
 .init          0x08001bd8        0x4 c:/program files (x86)/atollic/truestudio for arm 8.0.0/armtools/bin/../lib/gcc/arm-atollic-eabi/6.3.1/armv7-m/crti.o
                0x08001bd8                _init
 .init          0x08001bdc        0x8 c:/program files (x86)/atollic/truestudio for arm 8.0.0/armtools/bin/../lib/gcc/arm-atollic-eabi/6.3.1/armv7-m/crtn.o
 *(.fini)
 .fini          0x08001be4        0x4 c:/program files (x86)/atollic/truestudio for arm 8.0.0/armtools/bin/../lib/gcc/arm-atollic-eabi/6.3.1/armv7-m/crti.o
                0x08001be4                _fini
 .fini          0x08001be8        0x8 c:/program files (x86)/atollic/truestudio for arm 8.0.0/armtools/bin/../lib/gcc/arm-atollic-eabi/6.3.1/armv7-m/crtn.o
                0x08001bf0                . = ALIGN (0x4)
                0x08001bf0                _etext = .

.vfp11_veneer   0x08001bf0        0x0
 .vfp11_veneer  0x08001bf0        0x0 linker stubs

.v4_bx          0x08001bf0        0x0
 .v4_bx         0x08001bf0        0x0 linker stubs

.iplt           0x08001bf0        0x0
 .iplt          0x08001bf0        0x0 c:/program files (x86)/atollic/truestudio for arm 8.0.0/armtools/bin/../lib/gcc/arm-atollic-eabi/6.3.1/armv7-m/crtbegin.o

.rodata         0x08001bf0       0x30
                0x08001bf0                . = ALIGN (0x4)
 *(.rodata)
 .rodata        0x08001bf0       0x10 Drivers\STM32F1xx_HAL_Driver\Src\stm32f1xx_hal_rcc.o
 *(.rodata*)
 .rodata.main.str1.1
                0x08001c00        0x8 Src\main.o
 .rodata.AHBPrescTable
                0x08001c08       0x10 Src\system_stm32f1xx.o
                0x08001c08                AHBPrescTable
 .rodata.APBPrescTable
                0x08001c18        0x8 Src\system_stm32f1xx.o
                0x08001c18                APBPrescTable
                0x08001c20                . = ALIGN (0x4)

.rel.dyn        0x08001c20        0x0
 .rel.iplt      0x08001c20        0x0 c:/program files (x86)/atollic/truestudio for arm 8.0.0/armtools/bin/../lib/gcc/arm-atollic-eabi/6.3.1/armv7-m/crtbegin.o

.ARM.extab
 *(.ARM.extab* .gnu.linkonce.armextab.*)

.ARM            0x08001c20        0x0
                0x08001c20                __exidx_start = .
 *(.ARM.exidx*)
                0x08001c20                __exidx_end = .

.preinit_array  0x08001c20        0x0
                0x08001c20                PROVIDE (__preinit_array_start, .)
 *(.preinit_array*)
                0x08001c20                PROVIDE (__preinit_array_end, .)

.init_array     0x08001c20        0x4
                0x08001c20                PROVIDE (__init_array_start, .)
 *(SORT(.init_array.*))
 *(.init_array*)
 .init_array    0x08001c20        0x4 c:/program files (x86)/atollic/truestudio for arm 8.0.0/armtools/bin/../lib/gcc/arm-atollic-eabi/6.3.1/armv7-m/crtbegin.o
                0x08001c24                PROVIDE (__init_array_end, .)

.fini_array     0x08001c24        0x4
                [!provide]                PROVIDE (__fini_array_start, .)
 *(SORT(.fini_array.*))
 *(.fini_array*)
 .fini_array    0x08001c24        0x4 c:/program files (x86)/atollic/truestudio for arm 8.0.0/armtools/bin/../lib/gcc/arm-atollic-eabi/6.3.1/armv7-m/crtbegin.o
                [!provide]                PROVIDE (__fini_array_end, .)
                0x08001c28                _sidata = LOADADDR (.data)

.data           0x20000000        0x4 load address 0x08001c28
                0x20000000                . = ALIGN (0x4)
                0x20000000                _sdata = .
 *(.data)
 *(.data*)
 .data.SystemCoreClock
                0x20000000        0x4 Src\system_stm32f1xx.o
                0x20000000                SystemCoreClock
                0x20000004                . = ALIGN (0x4)
                0x20000004                _edata = .

.igot.plt       0x20000004        0x0 load address 0x08001c2c
 .igot.plt      0x20000004        0x0 c:/program files (x86)/atollic/truestudio for arm 8.0.0/armtools/bin/../lib/gcc/arm-atollic-eabi/6.3.1/armv7-m/crtbegin.o
                0x20000004                . = ALIGN (0x4)

.bss            0x20000004      0x254 load address 0x08001c2c
                0x20000004                _sbss = .
                0x20000004                __bss_start__ = _sbss
 *(.bss)
 .bss           0x20000004       0x1c c:/program files (x86)/atollic/truestudio for arm 8.0.0/armtools/bin/../lib/gcc/arm-atollic-eabi/6.3.1/armv7-m/crtbegin.o
 *(.bss*)
 .bss.uwTick    0x20000020        0x4 Drivers\STM32F1xx_HAL_Driver\Src\stm32f1xx_hal.o
 *(COMMON)
 COMMON         0x20000024      0x16c Src\peripherals.o
                0x20000024                htim4
                0x20000060                hi2c1
                0x2000009c                htim3
                0x200000d8                huart1
                0x20000118                htim1
                0x20000154                htim2
 COMMON         0x20000190       0xc8 Src\serial.o
                0x20000190                buffer_rx
                0x200001f4                buffer_tx
                0x20000258                . = ALIGN (0x4)
                0x20000258                _ebss = .
                0x20000258                __bss_end__ = _ebss

._user_heap_stack
                0x20000258      0x600 load address 0x08001c2c
                0x20000258                . = ALIGN (0x4)
                0x20000258                PROVIDE (end, .)
                [!provide]                PROVIDE (_end, .)
                0x20000458                . = (. + _Min_Heap_Size)
 *fill*         0x20000258      0x200 
                0x20000858                . = (. + _Min_Stack_Size)
 *fill*         0x20000458      0x400 
                0x20000858                . = ALIGN (0x4)

/DISCARD/
 libc.a(*)
 libm.a(*)
 libgcc.a(*)

.ARM.attributes
                0x00000000       0x29
 *(.ARM.attributes)
 .ARM.attributes
                0x00000000       0x1d c:/program files (x86)/atollic/truestudio for arm 8.0.0/armtools/bin/../lib/gcc/arm-atollic-eabi/6.3.1/armv7-m/crti.o
 .ARM.attributes
                0x0000001d       0x2d c:/program files (x86)/atollic/truestudio for arm 8.0.0/armtools/bin/../lib/gcc/arm-atollic-eabi/6.3.1/armv7-m/crtbegin.o
 .ARM.attributes
                0x0000004a       0x33 Drivers\STM32F1xx_HAL_Driver\Src\stm32f1xx_hal.o
 .ARM.attributes
                0x0000007d       0x33 Drivers\STM32F1xx_HAL_Driver\Src\stm32f1xx_hal_cortex.o
 .ARM.attributes
                0x000000b0       0x33 Drivers\STM32F1xx_HAL_Driver\Src\stm32f1xx_hal_gpio.o
 .ARM.attributes
                0x000000e3       0x33 Drivers\STM32F1xx_HAL_Driver\Src\stm32f1xx_hal_i2c.o
 .ARM.attributes
                0x00000116       0x33 Drivers\STM32F1xx_HAL_Driver\Src\stm32f1xx_hal_rcc.o
 .ARM.attributes
                0x00000149       0x33 Drivers\STM32F1xx_HAL_Driver\Src\stm32f1xx_hal_tim.o
 .ARM.attributes
                0x0000017c       0x33 Drivers\STM32F1xx_HAL_Driver\Src\stm32f1xx_hal_tim_ex.o
 .ARM.attributes
                0x000001af       0x33 Drivers\STM32F1xx_HAL_Driver\Src\stm32f1xx_hal_uart.o
 .ARM.attributes
                0x000001e2       0x33 Src\devices.o
 .ARM.attributes
                0x00000215       0x33 Src\main.o
 .ARM.attributes
                0x00000248       0x33 Src\peripherals.o
 .ARM.attributes
                0x0000027b       0x33 Src\serial.o
 .ARM.attributes
                0x000002ae       0x33 Src\stm32f1xx_hal_msp.o
 .ARM.attributes
                0x000002e1       0x33 Src\stm32f1xx_it.o
 .ARM.attributes
                0x00000314       0x33 Src\system_stm32f1xx.o
 .ARM.attributes
                0x00000347       0x21 startup\startup_stm32f103xb.o
 .ARM.attributes
                0x00000368       0x2d c:/program files (x86)/atollic/truestudio for arm 8.0.0/armtools/bin/../lib/gcc/arm-atollic-eabi/6.3.1/../../../../arm-atollic-eabi/lib/armv7-m\libc_nano.a(lib_a-init.o)
 .ARM.attributes
                0x00000395       0x2d c:/program files (x86)/atollic/truestudio for arm 8.0.0/armtools/bin/../lib/gcc/arm-atollic-eabi/6.3.1/../../../../arm-atollic-eabi/lib/armv7-m\libc_nano.a(lib_a-strcpy.o)
 .ARM.attributes
                0x000003c2       0x17 c:/program files (x86)/atollic/truestudio for arm 8.0.0/armtools/bin/../lib/gcc/arm-atollic-eabi/6.3.1/../../../../arm-atollic-eabi/lib/armv7-m\libc_nano.a(lib_a-strlen.o)
 .ARM.attributes
                0x000003d9       0x1d c:/program files (x86)/atollic/truestudio for arm 8.0.0/armtools/bin/../lib/gcc/arm-atollic-eabi/6.3.1/armv7-m/crtn.o
OUTPUT(Firmware_V101-103C8.elf elf32-littlearm)

.debug_info     0x00000000    0x173ff
 .debug_info    0x00000000      0xf02 Drivers\STM32F1xx_HAL_Driver\Src\stm32f1xx_hal.o
 .debug_info    0x00000f02     0x1468 Drivers\STM32F1xx_HAL_Driver\Src\stm32f1xx_hal_cortex.o
 .debug_info    0x0000236a      0xe7c Drivers\STM32F1xx_HAL_Driver\Src\stm32f1xx_hal_gpio.o
 .debug_info    0x000031e6     0x33c1 Drivers\STM32F1xx_HAL_Driver\Src\stm32f1xx_hal_i2c.o
 .debug_info    0x000065a7     0x19f5 Drivers\STM32F1xx_HAL_Driver\Src\stm32f1xx_hal_rcc.o
 .debug_info    0x00007f9c     0x3b1d Drivers\STM32F1xx_HAL_Driver\Src\stm32f1xx_hal_tim.o
 .debug_info    0x0000bab9     0x18e4 Drivers\STM32F1xx_HAL_Driver\Src\stm32f1xx_hal_tim_ex.o
 .debug_info    0x0000d39d     0x1916 Drivers\STM32F1xx_HAL_Driver\Src\stm32f1xx_hal_uart.o
 .debug_info    0x0000ecb3     0x1185 Src\devices.o
 .debug_info    0x0000fe38     0x119e Src\main.o
 .debug_info    0x00010fd6     0x1f7a Src\peripherals.o
 .debug_info    0x00012f50     0x1272 Src\serial.o
 .debug_info    0x000141c2     0x17fa Src\stm32f1xx_hal_msp.o
 .debug_info    0x000159bc      0xdc9 Src\stm32f1xx_it.o
 .debug_info    0x00016785      0xc07 Src\system_stm32f1xx.o
 .debug_info    0x0001738c       0x73 startup\startup_stm32f103xb.o

.debug_abbrev   0x00000000     0x2b35
 .debug_abbrev  0x00000000      0x313 Drivers\STM32F1xx_HAL_Driver\Src\stm32f1xx_hal.o
 .debug_abbrev  0x00000313      0x37d Drivers\STM32F1xx_HAL_Driver\Src\stm32f1xx_hal_cortex.o
 .debug_abbrev  0x00000690      0x268 Drivers\STM32F1xx_HAL_Driver\Src\stm32f1xx_hal_gpio.o
 .debug_abbrev  0x000008f8      0x397 Drivers\STM32F1xx_HAL_Driver\Src\stm32f1xx_hal_i2c.o
 .debug_abbrev  0x00000c8f      0x347 Drivers\STM32F1xx_HAL_Driver\Src\stm32f1xx_hal_rcc.o
 .debug_abbrev  0x00000fd6      0x3bb Drivers\STM32F1xx_HAL_Driver\Src\stm32f1xx_hal_tim.o
 .debug_abbrev  0x00001391      0x30d Drivers\STM32F1xx_HAL_Driver\Src\stm32f1xx_hal_tim_ex.o
 .debug_abbrev  0x0000169e      0x36c Drivers\STM32F1xx_HAL_Driver\Src\stm32f1xx_hal_uart.o
 .debug_abbrev  0x00001a0a      0x2ad Src\devices.o
 .debug_abbrev  0x00001cb7      0x223 Src\main.o
 .debug_abbrev  0x00001eda      0x341 Src\peripherals.o
 .debug_abbrev  0x0000221b      0x2bd Src\serial.o
 .debug_abbrev  0x000024d8      0x24f Src\stm32f1xx_hal_msp.o
 .debug_abbrev  0x00002727      0x211 Src\stm32f1xx_it.o
 .debug_abbrev  0x00002938      0x1eb Src\system_stm32f1xx.o
 .debug_abbrev  0x00002b23       0x12 startup\startup_stm32f103xb.o

.debug_loc      0x00000000     0x85a3
 .debug_loc     0x00000000       0x73 Drivers\STM32F1xx_HAL_Driver\Src\stm32f1xx_hal.o
 .debug_loc     0x00000073      0x46b Drivers\STM32F1xx_HAL_Driver\Src\stm32f1xx_hal_cortex.o
 .debug_loc     0x000004de      0x36a Drivers\STM32F1xx_HAL_Driver\Src\stm32f1xx_hal_gpio.o
 .debug_loc     0x00000848     0x2abb Drivers\STM32F1xx_HAL_Driver\Src\stm32f1xx_hal_i2c.o
 .debug_loc     0x00003303      0x835 Drivers\STM32F1xx_HAL_Driver\Src\stm32f1xx_hal_rcc.o
 .debug_loc     0x00003b38     0x3001 Drivers\STM32F1xx_HAL_Driver\Src\stm32f1xx_hal_tim.o
 .debug_loc     0x00006b39      0x746 Drivers\STM32F1xx_HAL_Driver\Src\stm32f1xx_hal_tim_ex.o
 .debug_loc     0x0000727f      0xd78 Drivers\STM32F1xx_HAL_Driver\Src\stm32f1xx_hal_uart.o
 .debug_loc     0x00007ff7      0x17a Src\devices.o
 .debug_loc     0x00008171       0x42 Src\peripherals.o
 .debug_loc     0x000081b3      0x244 Src\serial.o
 .debug_loc     0x000083f7       0xdf Src\stm32f1xx_hal_msp.o
 .debug_loc     0x000084d6       0xcd Src\system_stm32f1xx.o

.debug_aranges  0x00000000      0x9e0
 .debug_aranges
                0x00000000       0xa8 Drivers\STM32F1xx_HAL_Driver\Src\stm32f1xx_hal.o
 .debug_aranges
                0x000000a8       0x90 Drivers\STM32F1xx_HAL_Driver\Src\stm32f1xx_hal_cortex.o
 .debug_aranges
                0x00000138       0x58 Drivers\STM32F1xx_HAL_Driver\Src\stm32f1xx_hal_gpio.o
 .debug_aranges
                0x00000190      0x170 Drivers\STM32F1xx_HAL_Driver\Src\stm32f1xx_hal_i2c.o
 .debug_aranges
                0x00000300       0x88 Drivers\STM32F1xx_HAL_Driver\Src\stm32f1xx_hal_rcc.o
 .debug_aranges
                0x00000388      0x250 Drivers\STM32F1xx_HAL_Driver\Src\stm32f1xx_hal_tim.o
 .debug_aranges
                0x000005d8       0xe8 Drivers\STM32F1xx_HAL_Driver\Src\stm32f1xx_hal_tim_ex.o
 .debug_aranges
                0x000006c0      0x108 Drivers\STM32F1xx_HAL_Driver\Src\stm32f1xx_hal_uart.o
 .debug_aranges
                0x000007c8       0x68 Src\devices.o
 .debug_aranges
                0x00000830       0x28 Src\main.o
 .debug_aranges
                0x00000858       0x38 Src\peripherals.o
 .debug_aranges
                0x00000890       0x58 Src\serial.o
 .debug_aranges
                0x000008e8       0x58 Src\stm32f1xx_hal_msp.o
 .debug_aranges
                0x00000940       0x50 Src\stm32f1xx_it.o
 .debug_aranges
                0x00000990       0x28 Src\system_stm32f1xx.o
 .debug_aranges
                0x000009b8       0x28 startup\startup_stm32f103xb.o

.debug_ranges   0x00000000      0xfc8
 .debug_ranges  0x00000000       0x98 Drivers\STM32F1xx_HAL_Driver\Src\stm32f1xx_hal.o
 .debug_ranges  0x00000098      0x128 Drivers\STM32F1xx_HAL_Driver\Src\stm32f1xx_hal_cortex.o
 .debug_ranges  0x000001c0       0x60 Drivers\STM32F1xx_HAL_Driver\Src\stm32f1xx_hal_gpio.o
 .debug_ranges  0x00000220      0x3a0 Drivers\STM32F1xx_HAL_Driver\Src\stm32f1xx_hal_i2c.o
 .debug_ranges  0x000005c0      0x238 Drivers\STM32F1xx_HAL_Driver\Src\stm32f1xx_hal_rcc.o
 .debug_ranges  0x000007f8      0x328 Drivers\STM32F1xx_HAL_Driver\Src\stm32f1xx_hal_tim.o
 .debug_ranges  0x00000b20       0xd8 Drivers\STM32F1xx_HAL_Driver\Src\stm32f1xx_hal_tim_ex.o
 .debug_ranges  0x00000bf8      0x140 Drivers\STM32F1xx_HAL_Driver\Src\stm32f1xx_hal_uart.o
 .debug_ranges  0x00000d38       0x78 Src\devices.o
 .debug_ranges  0x00000db0       0x18 Src\main.o
 .debug_ranges  0x00000dc8       0xb8 Src\peripherals.o
 .debug_ranges  0x00000e80       0x48 Src\serial.o
 .debug_ranges  0x00000ec8       0x88 Src\stm32f1xx_hal_msp.o
 .debug_ranges  0x00000f50       0x40 Src\stm32f1xx_it.o
 .debug_ranges  0x00000f90       0x18 Src\system_stm32f1xx.o
 .debug_ranges  0x00000fa8       0x20 startup\startup_stm32f103xb.o

.debug_line     0x00000000     0x6516
 .debug_line    0x00000000      0x420 Drivers\STM32F1xx_HAL_Driver\Src\stm32f1xx_hal.o
 .debug_line    0x00000420      0x42c Drivers\STM32F1xx_HAL_Driver\Src\stm32f1xx_hal_cortex.o
 .debug_line    0x0000084c      0x445 Drivers\STM32F1xx_HAL_Driver\Src\stm32f1xx_hal_gpio.o
 .debug_line    0x00000c91     0x1436 Drivers\STM32F1xx_HAL_Driver\Src\stm32f1xx_hal_i2c.o
 .debug_line    0x000020c7      0x8b7 Drivers\STM32F1xx_HAL_Driver\Src\stm32f1xx_hal_rcc.o
 .debug_line    0x0000297e     0x1142 Drivers\STM32F1xx_HAL_Driver\Src\stm32f1xx_hal_tim.o
 .debug_line    0x00003ac0      0x705 Drivers\STM32F1xx_HAL_Driver\Src\stm32f1xx_hal_tim_ex.o
 .debug_line    0x000041c5      0xa5f Drivers\STM32F1xx_HAL_Driver\Src\stm32f1xx_hal_uart.o
 .debug_line    0x00004c24      0x3a6 Src\devices.o
 .debug_line    0x00004fca      0x29d Src\main.o
 .debug_line    0x00005267      0x487 Src\peripherals.o
 .debug_line    0x000056ee      0x3fe Src\serial.o
 .debug_line    0x00005aec      0x3fc Src\stm32f1xx_hal_msp.o
 .debug_line    0x00005ee8      0x32f Src\stm32f1xx_it.o
 .debug_line    0x00006217      0x282 Src\system_stm32f1xx.o
 .debug_line    0x00006499       0x7d startup\startup_stm32f103xb.o

.debug_str      0x00000000     0x3ddd
 .debug_str     0x00000000      0xb23 Drivers\STM32F1xx_HAL_Driver\Src\stm32f1xx_hal.o
                                0xbcb (size before relaxing)
 .debug_str     0x00000b23      0x2e1 Drivers\STM32F1xx_HAL_Driver\Src\stm32f1xx_hal_cortex.o
                                0xd17 (size before relaxing)
 .debug_str     0x00000e04      0x1d0 Drivers\STM32F1xx_HAL_Driver\Src\stm32f1xx_hal_gpio.o
                                0x884 (size before relaxing)
 .debug_str     0x00000fd4      0xa18 Drivers\STM32F1xx_HAL_Driver\Src\stm32f1xx_hal_i2c.o
                               0x10dd (size before relaxing)
 .debug_str     0x000019ec      0x2d3 Drivers\STM32F1xx_HAL_Driver\Src\stm32f1xx_hal_rcc.o
                                0xa4a (size before relaxing)
 .debug_str     0x00001cbf      0xf09 Drivers\STM32F1xx_HAL_Driver\Src\stm32f1xx_hal_tim.o
                               0x178f (size before relaxing)
 .debug_str     0x00002bc8      0x4e9 Drivers\STM32F1xx_HAL_Driver\Src\stm32f1xx_hal_tim_ex.o
                               0x1029 (size before relaxing)
 .debug_str     0x000030b1      0x50a Drivers\STM32F1xx_HAL_Driver\Src\stm32f1xx_hal_uart.o
                                0xdea (size before relaxing)
 .debug_str     0x000035bb       0xb9 Src\devices.o
                                0xaa6 (size before relaxing)
 .debug_str     0x00003674      0x448 Src\main.o
                                0xa92 (size before relaxing)
 .debug_str     0x00003abc       0xd9 Src\peripherals.o
                               0x151e (size before relaxing)
 .debug_str     0x00003b95      0x11f Src\serial.o
                                0xb20 (size before relaxing)
 .debug_str     0x00003cb4       0x24 Src\stm32f1xx_hal_msp.o
                               0x118c (size before relaxing)
 .debug_str     0x00003cd8       0xb8 Src\stm32f1xx_it.o
                                0xa58 (size before relaxing)
 .debug_str     0x00003d90       0x4d Src\system_stm32f1xx.o
                                0x6ed (size before relaxing)

.comment        0x00000000       0x7c
 .comment       0x00000000       0x7c Drivers\STM32F1xx_HAL_Driver\Src\stm32f1xx_hal.o
                                 0x7d (size before relaxing)
 .comment       0x0000007c       0x7d Drivers\STM32F1xx_HAL_Driver\Src\stm32f1xx_hal_cortex.o
 .comment       0x0000007c       0x7d Drivers\STM32F1xx_HAL_Driver\Src\stm32f1xx_hal_gpio.o
 .comment       0x0000007c       0x7d Drivers\STM32F1xx_HAL_Driver\Src\stm32f1xx_hal_i2c.o
 .comment       0x0000007c       0x7d Drivers\STM32F1xx_HAL_Driver\Src\stm32f1xx_hal_rcc.o
 .comment       0x0000007c       0x7d Drivers\STM32F1xx_HAL_Driver\Src\stm32f1xx_hal_tim.o
 .comment       0x0000007c       0x7d Drivers\STM32F1xx_HAL_Driver\Src\stm32f1xx_hal_tim_ex.o
 .comment       0x0000007c       0x7d Drivers\STM32F1xx_HAL_Driver\Src\stm32f1xx_hal_uart.o
 .comment       0x0000007c       0x7d Src\devices.o
 .comment       0x0000007c       0x7d Src\main.o
 .comment       0x0000007c       0x7d Src\peripherals.o
 .comment       0x0000007c       0x7d Src\serial.o
 .comment       0x0000007c       0x7d Src\stm32f1xx_hal_msp.o
 .comment       0x0000007c       0x7d Src\stm32f1xx_it.o
 .comment       0x0000007c       0x7d Src\system_stm32f1xx.o

.debug_frame    0x00000000     0x1e08
 .debug_frame   0x00000000      0x164 Drivers\STM32F1xx_HAL_Driver\Src\stm32f1xx_hal.o
 .debug_frame   0x00000164      0x120 Drivers\STM32F1xx_HAL_Driver\Src\stm32f1xx_hal_cortex.o
 .debug_frame   0x00000284       0xd4 Drivers\STM32F1xx_HAL_Driver\Src\stm32f1xx_hal_gpio.o
 .debug_frame   0x00000358      0x628 Drivers\STM32F1xx_HAL_Driver\Src\stm32f1xx_hal_i2c.o
 .debug_frame   0x00000980      0x14c Drivers\STM32F1xx_HAL_Driver\Src\stm32f1xx_hal_rcc.o
 .debug_frame   0x00000acc      0x854 Drivers\STM32F1xx_HAL_Driver\Src\stm32f1xx_hal_tim.o
 .debug_frame   0x00001320      0x328 Drivers\STM32F1xx_HAL_Driver\Src\stm32f1xx_hal_tim_ex.o
 .debug_frame   0x00001648      0x320 Drivers\STM32F1xx_HAL_Driver\Src\stm32f1xx_hal_uart.o
 .debug_frame   0x00001968       0xd4 Src\devices.o
 .debug_frame   0x00001a3c       0x38 Src\main.o
 .debug_frame   0x00001a74       0x88 Src\peripherals.o
 .debug_frame   0x00001afc       0xfc Src\serial.o
 .debug_frame   0x00001bf8       0xd8 Src\stm32f1xx_hal_msp.o
 .debug_frame   0x00001cd0       0xbc Src\stm32f1xx_it.o
 .debug_frame   0x00001d8c       0x30 Src\system_stm32f1xx.o
 .debug_frame   0x00001dbc       0x2c c:/program files (x86)/atollic/truestudio for arm 8.0.0/armtools/bin/../lib/gcc/arm-atollic-eabi/6.3.1/../../../../arm-atollic-eabi/lib/armv7-m\libc_nano.a(lib_a-init.o)
 .debug_frame   0x00001de8       0x20 c:/program files (x86)/atollic/truestudio for arm 8.0.0/armtools/bin/../lib/gcc/arm-atollic-eabi/6.3.1/../../../../arm-atollic-eabi/lib/armv7-m\libc_nano.a(lib_a-strcpy.o)
