Archive member included to satisfy reference by file (symbol)

c:/program files (x86)/atollic/truestudio for arm 8.0.0/armtools/bin/../lib/gcc/arm-atollic-eabi/6.3.1/../../../../arm-atollic-eabi/lib/armv7-m\libc_nano.a(lib_a-init.o)
                              startup\startup_stm32f103xb.o (__libc_init_array)
c:/program files (x86)/atollic/truestudio for arm 8.0.0/armtools/bin/../lib/gcc/arm-atollic-eabi/6.3.1/../../../../arm-atollic-eabi/lib/armv7-m\libc_nano.a(lib_a-memset.o)
                              Drivers\STM32F1xx_HAL_Driver\Src\stm32f1xx_hal_rcc.o (memset)
c:/program files (x86)/atollic/truestudio for arm 8.0.0/armtools/bin/../lib/gcc/arm-atollic-eabi/6.3.1/../../../../arm-atollic-eabi/lib/armv7-m\libc_nano.a(lib_a-sprintf.o)
                              Src\serial.o (sprintf)
c:/program files (x86)/atollic/truestudio for arm 8.0.0/armtools/bin/../lib/gcc/arm-atollic-eabi/6.3.1/../../../../arm-atollic-eabi/lib/armv7-m\libc_nano.a(lib_a-strlen.o)
                              Src\serial.o (strlen)
c:/program files (x86)/atollic/truestudio for arm 8.0.0/armtools/bin/../lib/gcc/arm-atollic-eabi/6.3.1/../../../../arm-atollic-eabi/lib/armv7-m\libc_nano.a(lib_a-impure.o)
                              c:/program files (x86)/atollic/truestudio for arm 8.0.0/armtools/bin/../lib/gcc/arm-atollic-eabi/6.3.1/../../../../arm-atollic-eabi/lib/armv7-m\libc_nano.a(lib_a-sprintf.o) (_impure_ptr)
c:/program files (x86)/atollic/truestudio for arm 8.0.0/armtools/bin/../lib/gcc/arm-atollic-eabi/6.3.1/../../../../arm-atollic-eabi/lib/armv7-m\libc_nano.a(lib_a-nano-svfprintf.o)
                              c:/program files (x86)/atollic/truestudio for arm 8.0.0/armtools/bin/../lib/gcc/arm-atollic-eabi/6.3.1/../../../../arm-atollic-eabi/lib/armv7-m\libc_nano.a(lib_a-sprintf.o) (_svfprintf_r)
c:/program files (x86)/atollic/truestudio for arm 8.0.0/armtools/bin/../lib/gcc/arm-atollic-eabi/6.3.1/../../../../arm-atollic-eabi/lib/armv7-m\libc_nano.a(lib_a-nano-vfprintf_i.o)
                              c:/program files (x86)/atollic/truestudio for arm 8.0.0/armtools/bin/../lib/gcc/arm-atollic-eabi/6.3.1/../../../../arm-atollic-eabi/lib/armv7-m\libc_nano.a(lib_a-nano-svfprintf.o) (_printf_i)
c:/program files (x86)/atollic/truestudio for arm 8.0.0/armtools/bin/../lib/gcc/arm-atollic-eabi/6.3.1/../../../../arm-atollic-eabi/lib/armv7-m\libc_nano.a(lib_a-memchr-stub.o)
                              c:/program files (x86)/atollic/truestudio for arm 8.0.0/armtools/bin/../lib/gcc/arm-atollic-eabi/6.3.1/../../../../arm-atollic-eabi/lib/armv7-m\libc_nano.a(lib_a-nano-svfprintf.o) (memchr)
c:/program files (x86)/atollic/truestudio for arm 8.0.0/armtools/bin/../lib/gcc/arm-atollic-eabi/6.3.1/../../../../arm-atollic-eabi/lib/armv7-m\libc_nano.a(lib_a-memcpy-stub.o)
                              c:/program files (x86)/atollic/truestudio for arm 8.0.0/armtools/bin/../lib/gcc/arm-atollic-eabi/6.3.1/../../../../arm-atollic-eabi/lib/armv7-m\libc_nano.a(lib_a-nano-svfprintf.o) (memcpy)
c:/program files (x86)/atollic/truestudio for arm 8.0.0/armtools/bin/../lib/gcc/arm-atollic-eabi/6.3.1/../../../../arm-atollic-eabi/lib/armv7-m\libc_nano.a(lib_a-memmove.o)
                              c:/program files (x86)/atollic/truestudio for arm 8.0.0/armtools/bin/../lib/gcc/arm-atollic-eabi/6.3.1/../../../../arm-atollic-eabi/lib/armv7-m\libc_nano.a(lib_a-nano-svfprintf.o) (memmove)
c:/program files (x86)/atollic/truestudio for arm 8.0.0/armtools/bin/../lib/gcc/arm-atollic-eabi/6.3.1/../../../../arm-atollic-eabi/lib/armv7-m\libc_nano.a(lib_a-nano-freer.o)
                              c:/program files (x86)/atollic/truestudio for arm 8.0.0/armtools/bin/../lib/gcc/arm-atollic-eabi/6.3.1/../../../../arm-atollic-eabi/lib/armv7-m\libc_nano.a(lib_a-nano-svfprintf.o) (_free_r)
c:/program files (x86)/atollic/truestudio for arm 8.0.0/armtools/bin/../lib/gcc/arm-atollic-eabi/6.3.1/../../../../arm-atollic-eabi/lib/armv7-m\libc_nano.a(lib_a-nano-mallocr.o)
                              c:/program files (x86)/atollic/truestudio for arm 8.0.0/armtools/bin/../lib/gcc/arm-atollic-eabi/6.3.1/../../../../arm-atollic-eabi/lib/armv7-m\libc_nano.a(lib_a-nano-svfprintf.o) (_malloc_r)
c:/program files (x86)/atollic/truestudio for arm 8.0.0/armtools/bin/../lib/gcc/arm-atollic-eabi/6.3.1/../../../../arm-atollic-eabi/lib/armv7-m\libc_nano.a(lib_a-nano-reallocr.o)
                              c:/program files (x86)/atollic/truestudio for arm 8.0.0/armtools/bin/../lib/gcc/arm-atollic-eabi/6.3.1/../../../../arm-atollic-eabi/lib/armv7-m\libc_nano.a(lib_a-nano-svfprintf.o) (_realloc_r)
c:/program files (x86)/atollic/truestudio for arm 8.0.0/armtools/bin/../lib/gcc/arm-atollic-eabi/6.3.1/../../../../arm-atollic-eabi/lib/armv7-m\libc_nano.a(lib_a-sbrkr.o)
                              c:/program files (x86)/atollic/truestudio for arm 8.0.0/armtools/bin/../lib/gcc/arm-atollic-eabi/6.3.1/../../../../arm-atollic-eabi/lib/armv7-m\libc_nano.a(lib_a-nano-mallocr.o) (_sbrk_r)
[...]
Memory Configuration

Name             Origin             Length             Attributes
RAM              0x20000000         0x00005000         xrw
FLASH            0x08000000         0x00010000         xr
*default*        0x00000000         0xffffffff

Linker script and memory map

LOAD c:/program files (x86)/atollic/truestudio for arm 8.0.0/armtools/bin/../lib/gcc/arm-atollic-eabi/6.3.1/armv7-m/crti.o
LOAD c:/program files (x86)/atollic/truestudio for arm 8.0.0/armtools/bin/../lib/gcc/arm-atollic-eabi/6.3.1/armv7-m/crtbegin.o
LOAD Drivers\STM32F1xx_HAL_Driver\Src\stm32f1xx_hal.o
LOAD Drivers\STM32F1xx_HAL_Driver\Src\stm32f1xx_hal_cortex.o
LOAD Drivers\STM32F1xx_HAL_Driver\Src\stm32f1xx_hal_dma.o
LOAD Drivers\STM32F1xx_HAL_Driver\Src\stm32f1xx_hal_flash.o
LOAD Drivers\STM32F1xx_HAL_Driver\Src\stm32f1xx_hal_flash_ex.o
LOAD Drivers\STM32F1xx_HAL_Driver\Src\stm32f1xx_hal_gpio.o
LOAD Drivers\STM32F1xx_HAL_Driver\Src\stm32f1xx_hal_gpio_ex.o
LOAD Drivers\STM32F1xx_HAL_Driver\Src\stm32f1xx_hal_i2c.o
LOAD Drivers\STM32F1xx_HAL_Driver\Src\stm32f1xx_hal_pwr.o
LOAD Drivers\STM32F1xx_HAL_Driver\Src\stm32f1xx_hal_rcc.o
LOAD Drivers\STM32F1xx_HAL_Driver\Src\stm32f1xx_hal_rcc_ex.o
LOAD Drivers\STM32F1xx_HAL_Driver\Src\stm32f1xx_hal_tim.o
LOAD Drivers\STM32F1xx_HAL_Driver\Src\stm32f1xx_hal_tim_ex.o
LOAD Drivers\STM32F1xx_HAL_Driver\Src\stm32f1xx_hal_uart.o
LOAD Src\MPU9250.o
LOAD Src\MS5611.o
LOAD Src\MadgwickAHRS.o
LOAD Src\circular_buffer.o
LOAD Src\common.o
LOAD Src\devices.o
LOAD Src\i2c.o
LOAD Src\joystick.o
LOAD Src\main.o
LOAD Src\motor.o
LOAD Src\msp.o
LOAD Src\peripherals.o
LOAD Src\pid.o
LOAD Src\serial.o
LOAD Src\stm32f1xx_hal_msp.o
LOAD Src\stm32f1xx_it.o
LOAD Src\system_stm32f1xx.o
LOAD Src\telemetry.o
LOAD Src\timing.o
LOAD startup\startup_stm32f103xb.o
                0x00000080                malloc_getpagesize_P = 0x80
START GROUP
LOAD c:/program files (x86)/atollic/truestudio for arm 8.0.0/armtools/bin/../lib/gcc/arm-atollic-eabi/6.3.1/../../../../arm-atollic-eabi/lib/armv7-m\libc_nano.a
LOAD c:/program files (x86)/atollic/truestudio for arm 8.0.0/armtools/bin/../lib/gcc/arm-atollic-eabi/6.3.1/../../../../arm-atollic-eabi/lib/armv7-m\libm.a
END GROUP
START GROUP
LOAD c:/program files (x86)/atollic/truestudio for arm 8.0.0/armtools/bin/../lib/gcc/arm-atollic-eabi/6.3.1/armv7-m\libgcc.a
LOAD c:/program files (x86)/atollic/truestudio for arm 8.0.0/armtools/bin/../lib/gcc/arm-atollic-eabi/6.3.1/../../../../arm-atollic-eabi/lib/armv7-m\libc_nano.a
END GROUP
START GROUP
LOAD c:/program files (x86)/atollic/truestudio for arm 8.0.0/armtools/bin/../lib/gcc/arm-atollic-eabi/6.3.1/armv7-m\libgcc.a
LOAD c:/program files (x86)/atollic/truestudio for arm 8.0.0/armtools/bin/../lib/gcc/arm-atollic-eabi/6.3.1/../../../../arm-atollic-eabi/lib/armv7-m\libc_nano.a
LOAD c:/program files (x86)/atollic/truestudio for arm 8.0.0/armtools/bin/../lib/gcc/arm-atollic-eabi/6.3.1/../../../../arm-atollic-eabi/lib/armv7-m\libnosys.a
END GROUP
START GROUP
LOAD c:/program files (x86)/atollic/truestudio for arm 8.0.0/armtools/bin/../lib/gcc/arm-atollic-eabi/6.3.1/armv7-m\libgcc.a
LOAD c:/program files (x86)/atollic/truestudio for arm 8.0.0/armtools/bin/../lib/gcc/arm-atollic-eabi/6.3.1/../../../../arm-atollic-eabi/lib/armv7-m\libc_nano.a
LOAD c:/program files (x86)/atollic/truestudio for arm 8.0.0/armtools/bin/../lib/gcc/arm-atollic-eabi/6.3.1/../../../../arm-atollic-eabi/lib/armv7-m\libnosys.a
END GROUP
LOAD c:/program files (x86)/atollic/truestudio for arm 8.0.0/armtools/bin/../lib/gcc/arm-atollic-eabi/6.3.1/armv7-m/crtend.o
LOAD c:/program files (x86)/atollic/truestudio for arm 8.0.0/armtools/bin/../lib/gcc/arm-atollic-eabi/6.3.1/armv7-m/crtn.o
                0x20005000                _estack = 0x20005000
                0x00000200                _Min_Heap_Size = 0x200
                0x00000400                _Min_Stack_Size = 0x400

.isr_vector     0x08000000      0x10c
                0x08000000                . = ALIGN (0x4)
 *(.isr_vector)
 .isr_vector    0x08000000      0x10c startup\startup_stm32f103xb.o
                0x08000000                g_pfnVectors
                0x0800010c                . = ALIGN (0x4)

.text           0x08000110     0x752c
                0x08000110                . = ALIGN (0x4)
 *(.text)
 .text          0x08000110       0x40 c:/program files (x86)/atollic/truestudio for arm 8.0.0/armtools/bin/../lib/gcc/arm-atollic-eabi/6.3.1/armv7-m/crtbegin.o
 .text          0x08000150       0x10 c:/program files (x86)/atollic/truestudio for arm 8.0.0/armtools/bin/../lib/gcc/arm-atollic-eabi/6.3.1/../../../../arm-atollic-eabi/lib/armv7-m\libc_nano.a(lib_a-strlen.o)
                0x08000150                strlen
 .text          0x08000160      0x370 c:/program files (x86)/atollic/truestudio for arm 8.0.0/armtools/bin/../lib/gcc/arm-atollic-eabi/6.3.1/armv7-m\libgcc.a(_arm_addsubdf3.o)
                0x08000160                __aeabi_drsub
                0x08000168                __aeabi_dsub
                0x08000168                __subdf3
                0x0800016c                __aeabi_dadd
                0x0800016c                __adddf3
                0x080003e4                __floatunsidf
                0x080003e4                __aeabi_ui2d
                0x08000404                __floatsidf
                0x08000404                __aeabi_i2d
                0x08000428                __aeabi_f2d
                0x08000428                __extendsfdf2
                0x08000464                __floatundidf
                0x08000464                __aeabi_ul2d
                0x08000474                __floatdidf
                0x08000474                __aeabi_l2d
 .text          0x080004d0      0x424 c:/program files (x86)/atollic/truestudio for arm 8.0.0/armtools/bin/../lib/gcc/arm-atollic-eabi/6.3.1/armv7-m\libgcc.a(_arm_muldivdf3.o)
                0x080004d0                __aeabi_dmul
                0x080004d0                __muldf3
                0x08000724                __divdf3
                0x08000724                __aeabi_ddiv
 .text          0x080008f4      0x110 c:/program files (x86)/atollic/truestudio for arm 8.0.0/armtools/bin/../lib/gcc/arm-atollic-eabi/6.3.1/armv7-m\libgcc.a(_arm_cmpdf2.o)
                0x080008f4                __gtdf2
                0x080008f4                __gedf2
                0x080008fc                __ltdf2
                0x080008fc                __ledf2
                0x08000904                __nedf2
                0x08000904                __eqdf2
                0x08000904                __cmpdf2
                0x08000980                __aeabi_cdrcmple
                0x08000990                __aeabi_cdcmpeq
                0x08000990                __aeabi_cdcmple
                0x080009a0                __aeabi_dcmpeq
                0x080009b4                __aeabi_dcmplt
                0x080009c8                __aeabi_dcmple
                0x080009dc                __aeabi_dcmpge
                0x080009f0                __aeabi_dcmpgt
 .text          0x08000a04       0x2c c:/program files (x86)/atollic/truestudio for arm 8.0.0/armtools/bin/../lib/gcc/arm-atollic-eabi/6.3.1/armv7-m\libgcc.a(_arm_unorddf2.o)
                0x08000a04                __unorddf2
                0x08000a04                __aeabi_dcmpun
 .text          0x08000a30       0xa0 c:/program files (x86)/atollic/truestudio for arm 8.0.0/armtools/bin/../lib/gcc/arm-atollic-eabi/6.3.1/armv7-m\libgcc.a(_arm_truncdfsf2.o)
                0x08000a30                __truncdfsf2
                0x08000a30                __aeabi_d2f
 .text          0x08000ad0      0x21c c:/program files (x86)/atollic/truestudio for arm 8.0.0/armtools/bin/../lib/gcc/arm-atollic-eabi/6.3.1/armv7-m\libgcc.a(_arm_addsubsf3.o)
                0x08000ad0                __aeabi_frsub
                0x08000ad8                __subsf3
                0x08000ad8                __aeabi_fsub
                0x08000adc                __aeabi_fadd
                0x08000adc                __addsf3
                0x08000c3c                __aeabi_ui2f
                0x08000c3c                __floatunsisf
                0x08000c44                __aeabi_i2f
                0x08000c44                __floatsisf
                0x08000c60                __aeabi_ul2f
                0x08000c60                __floatundisf
                0x08000c70                __aeabi_l2f
                0x08000c70                __floatdisf
 .text          0x08000cec      0x2a0 c:/program files (x86)/atollic/truestudio for arm 8.0.0/armtools/bin/../lib/gcc/arm-atollic-eabi/6.3.1/armv7-m\libgcc.a(_arm_muldivsf3.o)
                0x08000cec                __mulsf3
                0x08000cec                __aeabi_fmul
                0x08000e54                __aeabi_fdiv
                0x08000e54                __divsf3
 .text          0x08000f8c       0xec c:/program files (x86)/atollic/truestudio for arm 8.0.0/armtools/bin/../lib/gcc/arm-atollic-eabi/6.3.1/armv7-m\libgcc.a(_arm_cmpsf2.o)
                0x08000f8c                __gesf2
                0x08000f8c                __gtsf2
                0x08000f94                __lesf2
                0x08000f94                __ltsf2
                0x08000f9c                __nesf2
                0x08000f9c                __eqsf2
                0x08000f9c                __cmpsf2
                0x08000ffc                __aeabi_cfrcmple
                0x08001004                __aeabi_cfcmpeq
                0x08001004                __aeabi_cfcmple
                0x08001014                __aeabi_fcmpeq
                0x08001028                __aeabi_fcmplt
                0x0800103c                __aeabi_fcmple
                0x08001050                __aeabi_fcmpge
                0x08001064                __aeabi_fcmpgt
 .text          0x08001078       0x4c c:/program files (x86)/atollic/truestudio for arm 8.0.0/armtools/bin/../lib/gcc/arm-atollic-eabi/6.3.1/armv7-m\libgcc.a(_arm_fixsfsi.o)
                0x08001078                __aeabi_f2iz
                0x08001078                __fixsfsi
 .text          0x080010c4       0x40 c:/program files (x86)/atollic/truestudio for arm 8.0.0/armtools/bin/../lib/gcc/arm-atollic-eabi/6.3.1/armv7-m\libgcc.a(_arm_fixunssfsi.o)
                0x080010c4                __fixunssfsi
                0x080010c4                __aeabi_f2uiz
 *(.text*)
 .text.HAL_InitTick
                0x08001104       0x24 Drivers\STM32F1xx_HAL_Driver\Src\stm32f1xx_hal.o
                0x08001104                HAL_InitTick
 .text.HAL_Init
                0x08001128       0x24 Drivers\STM32F1xx_HAL_Driver\Src\stm32f1xx_hal.o
                0x08001128                HAL_Init
 .text.HAL_IncTick
                0x0800114c       0x10 Drivers\STM32F1xx_HAL_Driver\Src\stm32f1xx_hal.o
                0x0800114c                HAL_IncTick
 .text.HAL_GetTick
                0x0800115c        0xc Drivers\STM32F1xx_HAL_Driver\Src\stm32f1xx_hal.o
                0x0800115c                HAL_GetTick
 .text.HAL_Delay
                0x08001168       0x1a Drivers\STM32F1xx_HAL_Driver\Src\stm32f1xx_hal.o
                0x08001168                HAL_Delay
 *fill*         0x08001182        0x2 
 .text.HAL_NVIC_SetPriorityGrouping
                0x08001184       0x24 Drivers\STM32F1xx_HAL_Driver\Src\stm32f1xx_hal_cortex.o
                0x08001184                HAL_NVIC_SetPriorityGrouping
 .text.HAL_NVIC_SetPriority
                0x080011a8       0x68 Drivers\STM32F1xx_HAL_Driver\Src\stm32f1xx_hal_cortex.o
                0x080011a8                HAL_NVIC_SetPriority
 .text.HAL_NVIC_EnableIRQ
                0x08001210       0x18 Drivers\STM32F1xx_HAL_Driver\Src\stm32f1xx_hal_cortex.o
                0x08001210                HAL_NVIC_EnableIRQ
 .text.HAL_SYSTICK_Config
                0x08001228       0x2c Drivers\STM32F1xx_HAL_Driver\Src\stm32f1xx_hal_cortex.o
                0x08001228                HAL_SYSTICK_Config
 .text.HAL_SYSTICK_CLKSourceConfig
                0x08001254       0x18 Drivers\STM32F1xx_HAL_Driver\Src\stm32f1xx_hal_cortex.o
                0x08001254                HAL_SYSTICK_CLKSourceConfig
 .text.HAL_SYSTICK_Callback
                0x0800126c        0x2 Drivers\STM32F1xx_HAL_Driver\Src\stm32f1xx_hal_cortex.o
                0x0800126c                HAL_SYSTICK_Callback
 .text.HAL_SYSTICK_IRQHandler
                0x0800126e        0x8 Drivers\STM32F1xx_HAL_Driver\Src\stm32f1xx_hal_cortex.o
                0x0800126e                HAL_SYSTICK_IRQHandler
 *fill*         0x08001276        0x2 
 .text.HAL_GPIO_Init
                0x08001278      0x1c0 Drivers\STM32F1xx_HAL_Driver\Src\stm32f1xx_hal_gpio.o
                0x08001278                HAL_GPIO_Init
 .text.HAL_GPIO_WritePin
                0x08001438        0xa Drivers\STM32F1xx_HAL_Driver\Src\stm32f1xx_hal_gpio.o
                0x08001438                HAL_GPIO_WritePin
 .text.HAL_GPIO_TogglePin
                0x08001442        0x8 Drivers\STM32F1xx_HAL_Driver\Src\stm32f1xx_hal_gpio.o
                0x08001442                HAL_GPIO_TogglePin
 .text.I2C_IsAcknowledgeFailed
                0x0800144a       0x2a Drivers\STM32F1xx_HAL_Driver\Src\stm32f1xx_hal_i2c.o
 .text.I2C_WaitOnFlagUntilTimeout
                0x08001474       0x90 Drivers\STM32F1xx_HAL_Driver\Src\stm32f1xx_hal_i2c.o
 .text.I2C_WaitOnMasterAddressFlagUntilTimeout
                0x08001504       0x82 Drivers\STM32F1xx_HAL_Driver\Src\stm32f1xx_hal_i2c.o
 .text.I2C_WaitOnTXEFlagUntilTimeout
                0x08001586       0x4e Drivers\STM32F1xx_HAL_Driver\Src\stm32f1xx_hal_i2c.o
 .text.I2C_RequestMemoryWrite
                0x080015d4       0x90 Drivers\STM32F1xx_HAL_Driver\Src\stm32f1xx_hal_i2c.o
 .text.I2C_RequestMemoryRead
                0x08001664       0xdc Drivers\STM32F1xx_HAL_Driver\Src\stm32f1xx_hal_i2c.o
 .text.I2C_WaitOnRXNEFlagUntilTimeout
                0x08001740       0x5e Drivers\STM32F1xx_HAL_Driver\Src\stm32f1xx_hal_i2c.o
 *fill*         0x0800179e        0x2 
 .text.HAL_I2C_Init
                0x080017a0       0xd4 Drivers\STM32F1xx_HAL_Driver\Src\stm32f1xx_hal_i2c.o
                0x080017a0                HAL_I2C_Init
 .text.HAL_I2C_Mem_Write
                0x08001874       0xf0 Drivers\STM32F1xx_HAL_Driver\Src\stm32f1xx_hal_i2c.o
                0x08001874                HAL_I2C_Mem_Write
 .text.HAL_I2C_Mem_Read
                0x08001964      0x1c8 Drivers\STM32F1xx_HAL_Driver\Src\stm32f1xx_hal_i2c.o
                0x08001964                HAL_I2C_Mem_Read
 .text.HAL_RCC_OscConfig
                0x08001b2c      0x4b0 Drivers\STM32F1xx_HAL_Driver\Src\stm32f1xx_hal_rcc.o
                0x08001b2c                HAL_RCC_OscConfig
 .text.HAL_RCC_GetSysClockFreq
                0x08001fdc       0x94 Drivers\STM32F1xx_HAL_Driver\Src\stm32f1xx_hal_rcc.o
                0x08001fdc                HAL_RCC_GetSysClockFreq
 .text.HAL_RCC_ClockConfig
                0x08002070      0x168 Drivers\STM32F1xx_HAL_Driver\Src\stm32f1xx_hal_rcc.o
                0x08002070                HAL_RCC_ClockConfig
 .text.HAL_RCC_GetHCLKFreq
                0x080021d8        0xc Drivers\STM32F1xx_HAL_Driver\Src\stm32f1xx_hal_rcc.o
                0x080021d8                HAL_RCC_GetHCLKFreq
 .text.HAL_RCC_GetPCLK1Freq
                0x080021e4       0x30 Drivers\STM32F1xx_HAL_Driver\Src\stm32f1xx_hal_rcc.o
                0x080021e4                HAL_RCC_GetPCLK1Freq
 .text.HAL_RCC_GetPCLK2Freq
                0x08002214       0x30 Drivers\STM32F1xx_HAL_Driver\Src\stm32f1xx_hal_rcc.o
                0x08002214                HAL_RCC_GetPCLK2Freq
 .text.TIM_OC1_SetConfig
                0x08002244       0x50 Drivers\STM32F1xx_HAL_Driver\Src\stm32f1xx_hal_tim.o
 .text.TIM_OC3_SetConfig
                0x08002294       0x54 Drivers\STM32F1xx_HAL_Driver\Src\stm32f1xx_hal_tim.o
 .text.TIM_OC4_SetConfig
                0x080022e8       0x44 Drivers\STM32F1xx_HAL_Driver\Src\stm32f1xx_hal_tim.o
 .text.TIM_Base_SetConfig
                0x0800232c       0x68 Drivers\STM32F1xx_HAL_Driver\Src\stm32f1xx_hal_tim.o
                0x0800232c                TIM_Base_SetConfig
 .text.HAL_TIM_PWM_Init
                0x08002394       0x34 Drivers\STM32F1xx_HAL_Driver\Src\stm32f1xx_hal_tim.o
                0x08002394                HAL_TIM_PWM_Init
 .text.TIM_OC2_SetConfig
                0x080023c8       0x58 Drivers\STM32F1xx_HAL_Driver\Src\stm32f1xx_hal_tim.o
                0x080023c8                TIM_OC2_SetConfig
 .text.HAL_TIM_PWM_ConfigChannel
                0x08002420       0xc4 Drivers\STM32F1xx_HAL_Driver\Src\stm32f1xx_hal_tim.o
                0x08002420                HAL_TIM_PWM_ConfigChannel
 .text.TIM_CCxChannelCmd
                0x080024e4       0x18 Drivers\STM32F1xx_HAL_Driver\Src\stm32f1xx_hal_tim.o
                0x080024e4                TIM_CCxChannelCmd
 .text.HAL_TIM_PWM_Start
                0x080024fc       0x2c Drivers\STM32F1xx_HAL_Driver\Src\stm32f1xx_hal_tim.o
                0x080024fc                HAL_TIM_PWM_Start
 .text.HAL_TIMEx_ConfigBreakDeadTime
                0x08002528       0x40 Drivers\STM32F1xx_HAL_Driver\Src\stm32f1xx_hal_tim_ex.o
                0x08002528                HAL_TIMEx_ConfigBreakDeadTime
 .text.HAL_TIMEx_MasterConfigSynchronization
                0x08002568       0x44 Drivers\STM32F1xx_HAL_Driver\Src\stm32f1xx_hal_tim_ex.o
                0x08002568                HAL_TIMEx_MasterConfigSynchronization
 .text.UART_SetConfig
                0x080025ac      0x13c Drivers\STM32F1xx_HAL_Driver\Src\stm32f1xx_hal_uart.o
 .text.UART_WaitOnFlagUntilTimeout.constprop.1
                0x080026e8       0x60 Drivers\STM32F1xx_HAL_Driver\Src\stm32f1xx_hal_uart.o
 .text.HAL_UART_Init
                0x08002748       0x58 Drivers\STM32F1xx_HAL_Driver\Src\stm32f1xx_hal_uart.o
                0x08002748                HAL_UART_Init
 .text.HAL_UART_Transmit
                0x080027a0       0xb6 Drivers\STM32F1xx_HAL_Driver\Src\stm32f1xx_hal_uart.o
                0x080027a0                HAL_UART_Transmit
 .text.HAL_UART_Receive_IT
                0x08002856       0x64 Drivers\STM32F1xx_HAL_Driver\Src\stm32f1xx_hal_uart.o
                0x08002856                HAL_UART_Receive_IT
 .text.HAL_UART_TxCpltCallback
                0x080028ba        0x2 Drivers\STM32F1xx_HAL_Driver\Src\stm32f1xx_hal_uart.o
                0x080028ba                HAL_UART_TxCpltCallback
 .text.HAL_UART_ErrorCallback
                0x080028bc        0x2 Drivers\STM32F1xx_HAL_Driver\Src\stm32f1xx_hal_uart.o
                0x080028bc                HAL_UART_ErrorCallback
 .text.HAL_UART_IRQHandler
                0x080028be      0x188 Drivers\STM32F1xx_HAL_Driver\Src\stm32f1xx_hal_uart.o
                0x080028be                HAL_UART_IRQHandler
 *fill*         0x08002a46        0x2 
 .text.MPU9250_Init
                0x08002a48       0x84 Src\MPU9250.o
                0x08002a48                MPU9250_Init
 .text.MPU9250_ReadAccelData
                0x08002acc       0xa8 Src\MPU9250.o
                0x08002acc                MPU9250_ReadAccelData
 .text.MPU9250_ReadGyroData
                0x08002b74       0xc0 Src\MPU9250.o
                0x08002b74                MPU9250_ReadGyroData
 .text.AK8963_Init
                0x08002c34       0xe4 Src\MPU9250.o
                0x08002c34                AK8963_Init
 .text.AK8963_ReadData
                0x08002d18      0x118 Src\MPU9250.o
                0x08002d18                AK8963_ReadData
 .text.IMU_Init
                0x08002e30       0x20 Src\MPU9250.o
                0x08002e30                IMU_Init
 .text.AHRS_GetPitch
                0x08002e50       0x14 Src\MPU9250.o
                0x08002e50                AHRS_GetPitch
 .text.AHRS_GetRoll
                0x08002e64       0x14 Src\MPU9250.o
                0x08002e64                AHRS_GetRoll
 .text.AHRS_GetYaw
                0x08002e78       0x40 Src\MPU9250.o
                0x08002e78                AHRS_GetYaw
 .text.AHRS_ComputeAngles
                0x08002eb8      0x10c Src\MPU9250.o
                0x08002eb8                AHRS_ComputeAngles
 .text.MS5611_ReadADC
                0x08002fc4       0x34 Src\MS5611.o
 .text.MS5611_GetFilteredAltitude
                0x08002ff8        0xc Src\MS5611.o
                0x08002ff8                MS5611_GetFilteredAltitude
 *fill*         0x08003004        0x4 
 .text.MS5611_Update
                0x08003008      0x220 Src\MS5611.o
                0x08003008                MS5611_Update
 .text.MS5611_Init
                0x08003228       0x7c Src\MS5611.o
                0x08003228                MS5611_Init
 .text.MadgwickSetBeta
                0x080032a4        0xc Src\MadgwickAHRS.o
                0x080032a4                MadgwickSetBeta
 .text.MadgwickSetDelta
                0x080032b0        0xc Src\MadgwickAHRS.o
                0x080032b0                MadgwickSetDelta
 *fill*         0x080032bc        0x4 
 .text.MadgwickQuaternionUpdate
                0x080032c0      0xb7c Src\MadgwickAHRS.o
                0x080032c0                MadgwickQuaternionUpdate
 .text.CB_Write
                0x08003e3c       0x2a Src\circular_buffer.o
                0x08003e3c                CB_Write
 .text.CB_Read  0x08003e66       0x36 Src\circular_buffer.o
                0x08003e66                CB_Read
 .text.CB_Size  0x08003e9c        0x8 Src\circular_buffer.o
                0x08003e9c                CB_Size
 .text.CB_Init  0x08003ea4       0x1c Src\circular_buffer.o
                0x08003ea4                CB_Init
 .text.lowPassFilter
                0x08003ec0       0x2c Src\common.o
                0x08003ec0                lowPassFilter
 .text.toggleLED
                0x08003eec       0x40 Src\devices.o
                0x08003eec                toggleLED
 .text.LED_StartupSequence
                0x08003f2c       0x46 Src\devices.o
                0x08003f2c                LED_StartupSequence
 *fill*         0x08003f72        0x2 
 .text.Motor1_SetPWM
                0x08003f74        0xc Src\devices.o
                0x08003f74                Motor1_SetPWM
 .text.Motor2_SetPWM
                0x08003f80        0xc Src\devices.o
                0x08003f80                Motor2_SetPWM
 .text.Motor3_SetPWM
                0x08003f8c        0xc Src\devices.o
                0x08003f8c                Motor3_SetPWM
 .text.Motor4_SetPWM
                0x08003f98        0xc Src\devices.o
                0x08003f98                Motor4_SetPWM
 .text.PWM_Init
                0x08003fa4       0x34 Src\devices.o
                0x08003fa4                PWM_Init
 .text.Devices_Init
                0x08003fd8       0x12 Src\devices.o
                0x08003fd8                Devices_Init
 *fill*         0x08003fea        0x2 
 .text.I2C_WriteByte
                0x08003fec       0x40 Src\i2c.o
                0x08003fec                I2C_WriteByte
 .text.I2C_ReadByte
                0x0800402c       0x3c Src\i2c.o
                0x0800402c                I2C_ReadByte
 .text.I2C_ReadBytes
                0x08004068       0x30 Src\i2c.o
                0x08004068                I2C_ReadBytes
 .text.I2C_ReadByteArray
                0x08004098       0x34 Src\i2c.o
                0x08004098                I2C_ReadByteArray
 .text.MSP_SetPID_Callback
                0x080040cc      0x120 Src\joystick.o
                0x080040cc                MSP_SetPID_Callback
 .text.MSP_SetRawRC_Callback
                0x080041ec       0xf4 Src\joystick.o
                0x080041ec                MSP_SetRawRC_Callback
 .text.taskScheduler
                0x080042e0       0x60 Src\main.o
                0x080042e0                taskScheduler
 .text.setup    0x08004340       0x1a Src\main.o
                0x08004340                setup
 .text.startup.main
                0x0800435a        0xc Src\main.o
                0x0800435a                main
 .text.Motor_StopAll
                0x08004366       0x1e Src\motor.o
                0x08004366                Motor_StopAll
 .text.Motor_SetSpeed
                0x08004384       0x88 Src\motor.o
                0x08004384                Motor_SetSpeed
 .text.Motor_DistributeSpeed
                0x0800440c       0x94 Src\motor.o
                0x0800440c                Motor_DistributeSpeed
 .text.MSP_SendFrame
                0x080044a0       0x48 Src\msp.o
 .text.MSP_SendIdent
                0x080044e8       0x3c Src\msp.o
                0x080044e8                MSP_SendIdent
 .text.MSP_SendStatus
                0x08004524       0x38 Src\msp.o
                0x08004524                MSP_SendStatus
 .text.MSP_SendRawIMU
                0x0800455c       0x34 Src\msp.o
                0x0800455c                MSP_SendRawIMU
 .text.MSP_SendMotor
                0x08004590       0x20 Src\msp.o
                0x08004590                MSP_SendMotor
 .text.MSP_SendRC
                0x080045b0       0x30 Src\msp.o
                0x080045b0                MSP_SendRC
 .text.MSP_SendAttitude
                0x080045e0       0x24 Src\msp.o
                0x080045e0                MSP_SendAttitude
 .text.MSP_SendAltitude
                0x08004604       0x24 Src\msp.o
                0x08004604                MSP_SendAltitude
 .text.MSP_ParseFrame.isra.0
                0x08004628       0xb8 Src\msp.o
 .text.MSP_Update
                0x080046e0       0xd0 Src\msp.o
                0x080046e0                MSP_Update
 .text._Error_Handler
                0x080047b0       0x84 Src\peripherals.o
                0x080047b0                _Error_Handler
 .text.SystemClock_Config
                0x08004834       0x78 Src\peripherals.o
                0x08004834                SystemClock_Config
 .text.Peripherals_Init
                0x080048ac      0x2b0 Src\peripherals.o
                0x080048ac                Peripherals_Init
 .text.PID_Compute
                0x08004b5c      0x13c Src\pid.o
 .text.PID_Init
                0x08004c98       0xb8 Src\pid.o
                0x08004c98                PID_Init
 .text.PID_UpdateAltitude
                0x08004d50       0x54 Src\pid.o
                0x08004d50                PID_UpdateAltitude
 .text.PID_Update
                0x08004da4      0x194 Src\pid.o
                0x08004da4                PID_Update
 .text.serialAvailable
                0x08004f38       0x10 Src\serial.o
                0x08004f38                serialAvailable
 .text.serialWrite
                0x08004f48       0x18 Src\serial.o
                0x08004f48                serialWrite
 .text.serialRead
                0x08004f60       0x1c Src\serial.o
                0x08004f60                serialRead
 .text.HAL_UART_RxCpltCallback
                0x08004f7c       0x34 Src\serial.o
                0x08004f7c                HAL_UART_RxCpltCallback
 .text.serialFlush
                0x08004fb0        0xc Src\serial.o
                0x08004fb0                serialFlush
 .text.serialBegin
                0x08004fbc       0x1c Src\serial.o
                0x08004fbc                serialBegin
 .text.serialPrint
                0x08004fd8       0x1e Src\serial.o
                0x08004fd8                serialPrint
 *fill*         0x08004ff6        0x2 
 .text.serialInt
                0x08004ff8       0x20 Src\serial.o
                0x08004ff8                serialInt
 .text.HAL_MspInit
                0x08005018       0x7c Src\stm32f1xx_hal_msp.o
                0x08005018                HAL_MspInit
 .text.HAL_I2C_MspInit
                0x08005094       0x44 Src\stm32f1xx_hal_msp.o
                0x08005094                HAL_I2C_MspInit
 .text.HAL_TIM_PWM_MspInit
                0x080050d8       0x88 Src\stm32f1xx_hal_msp.o
                0x080050d8                HAL_TIM_PWM_MspInit
 .text.HAL_TIM_MspPostInit
                0x08005160       0x68 Src\stm32f1xx_hal_msp.o
                0x08005160                HAL_TIM_MspPostInit
 .text.HAL_UART_MspInit
                0x080051c8       0x68 Src\stm32f1xx_hal_msp.o
                0x080051c8                HAL_UART_MspInit
 .text.NMI_Handler
                0x08005230        0x2 Src\stm32f1xx_it.o
                0x08005230                NMI_Handler
 .text.HardFault_Handler
                0x08005232        0x2 Src\stm32f1xx_it.o
                0x08005232                HardFault_Handler
 .text.MemManage_Handler
                0x08005234        0x2 Src\stm32f1xx_it.o
                0x08005234                MemManage_Handler
 .text.BusFault_Handler
                0x08005236        0x2 Src\stm32f1xx_it.o
                0x08005236                BusFault_Handler
 .text.UsageFault_Handler
                0x08005238        0x2 Src\stm32f1xx_it.o
                0x08005238                UsageFault_Handler
 .text.SVC_Handler
                0x0800523a        0x2 Src\stm32f1xx_it.o
                0x0800523a                SVC_Handler
 .text.DebugMon_Handler
                0x0800523c        0x2 Src\stm32f1xx_it.o
                0x0800523c                DebugMon_Handler
 .text.PendSV_Handler
                0x0800523e        0x2 Src\stm32f1xx_it.o
                0x0800523e                PendSV_Handler
 .text.SysTick_Handler
                0x08005240        0xe Src\stm32f1xx_it.o
                0x08005240                SysTick_Handler
 *fill*         0x0800524e        0x2 
 .text.USART1_IRQHandler
                0x08005250        0xc Src\stm32f1xx_it.o
                0x08005250                USART1_IRQHandler
 .text.SystemInit
                0x0800525c       0x4c Src\system_stm32f1xx.o
                0x0800525c                SystemInit
 .text.millis   0x080052a8        0x4 Src\timing.o
                0x080052a8                millis
 .text.micros   0x080052ac        0x4 Src\timing.o
                0x080052ac                micros
 .text.delay_ms
                0x080052b0        0x4 Src\timing.o
                0x080052b0                delay_ms
 .text.Reset_Handler
                0x080052b4       0x48 startup\startup_stm32f103xb.o
                0x080052b4                Reset_Handler
 .text.Default_Handler
                0x080052fc        0x2 startup\startup_stm32f103xb.o
                0x080052fc                RTC_Alarm_IRQHandler
                0x080052fc                EXTI2_IRQHandler
                0x080052fc                TIM1_CC_IRQHandler
                0x080052fc                PVD_IRQHandler
                0x080052fc                EXTI3_IRQHandler
                0x080052fc                EXTI0_IRQHandler
                0x080052fc                I2C2_EV_IRQHandler
                0x080052fc                ADC1_2_IRQHandler
                0x080052fc                SPI1_IRQHandler
                0x080052fc                TAMPER_IRQHandler
                0x080052fc                DMA1_Channel4_IRQHandler
                0x080052fc                USART3_IRQHandler
                0x080052fc                RTC_IRQHandler
                0x080052fc                DMA1_Channel7_IRQHandler
                0x080052fc                CAN1_RX1_IRQHandler
                0x080052fc                TIM4_IRQHandler
                0x080052fc                I2C1_EV_IRQHandler
                0x080052fc                DMA1_Channel6_IRQHandler
                0x080052fc                TIM3_IRQHandler
                0x080052fc                RCC_IRQHandler
                0x080052fc                TIM1_TRG_COM_IRQHandler
                0x080052fc                DMA1_Channel1_IRQHandler
                0x080052fc                Default_Handler
                0x080052fc                EXTI15_10_IRQHandler
                0x080052fc                EXTI9_5_IRQHandler
                0x080052fc                SPI2_IRQHandler
                0x080052fc                DMA1_Channel5_IRQHandler
                0x080052fc                EXTI4_IRQHandler
                0x080052fc                USB_LP_CAN1_RX0_IRQHandler
                0x080052fc                USB_HP_CAN1_TX_IRQHandler
                0x080052fc                DMA1_Channel3_IRQHandler
                0x080052fc                TIM1_UP_IRQHandler
                0x080052fc                WWDG_IRQHandler
                0x080052fc                TIM2_IRQHandler
                0x080052fc                TIM1_BRK_IRQHandler
                0x080052fc                EXTI1_IRQHandler
                0x080052fc                USART2_IRQHandler
                0x080052fc                I2C2_ER_IRQHandler
                0x080052fc                DMA1_Channel2_IRQHandler
                0x080052fc                CAN1_SCE_IRQHandler
                0x080052fc                FLASH_IRQHandler
                0x080052fc                I2C1_ER_IRQHandler
                0x080052fc                USBWakeUp_IRQHandler
 *fill*         0x080052fe        0x2 
 .text.__libc_init_array
                0x08005300       0x48 c:/program files (x86)/atollic/truestudio for arm 8.0.0/armtools/bin/../lib/gcc/arm-atollic-eabi/6.3.1/../../../../arm-atollic-eabi/lib/armv7-m\libc_nano.a(lib_a-init.o)
                0x08005300                __libc_init_array
 .text.sprintf  0x08005348       0x48 c:/program files (x86)/atollic/truestudio for arm 8.0.0/armtools/bin/../lib/gcc/arm-atollic-eabi/6.3.1/../../../../arm-atollic-eabi/lib/armv7-m\libc_nano.a(lib_a-sprintf.o)
                0x08005348                siprintf
                0x08005348                sprintf
 .text.__ssputs_r
                0x08005390       0xb6 c:/program files (x86)/atollic/truestudio for arm 8.0.0/armtools/bin/../lib/gcc/arm-atollic-eabi/6.3.1/../../../../arm-atollic-eabi/lib/armv7-m\libc_nano.a(lib_a-nano-svfprintf.o)
                0x08005390                __ssputs_r
 *fill*         0x08005446        0x2 
 .text._svfprintf_r
                0x08005448      0x1e8 c:/program files (x86)/atollic/truestudio for arm 8.0.0/armtools/bin/../lib/gcc/arm-atollic-eabi/6.3.1/../../../../arm-atollic-eabi/lib/armv7-m\libc_nano.a(lib_a-nano-svfprintf.o)
                0x08005448                _svfiprintf_r
                0x08005448                _svfprintf_r
 .text._printf_common
                0x08005630       0xee c:/program files (x86)/atollic/truestudio for arm 8.0.0/armtools/bin/../lib/gcc/arm-atollic-eabi/6.3.1/../../../../arm-atollic-eabi/lib/armv7-m\libc_nano.a(lib_a-nano-vfprintf_i.o)
                0x08005630                _printf_common
 *fill*         0x0800571e        0x2 
 .text._printf_i
                0x08005720      0x240 c:/program files (x86)/atollic/truestudio for arm 8.0.0/armtools/bin/../lib/gcc/arm-atollic-eabi/6.3.1/../../../../arm-atollic-eabi/lib/armv7-m\libc_nano.a(lib_a-nano-vfprintf_i.o)
                0x08005720                _printf_i
 .text.memchr   0x08005960       0x1c c:/program files (x86)/atollic/truestudio for arm 8.0.0/armtools/bin/../lib/gcc/arm-atollic-eabi/6.3.1/../../../../arm-atollic-eabi/lib/armv7-m\libc_nano.a(lib_a-memchr-stub.o)
                0x08005960                memchr
 .text.memcpy   0x0800597c       0x16 c:/program files (x86)/atollic/truestudio for arm 8.0.0/armtools/bin/../lib/gcc/arm-atollic-eabi/6.3.1/../../../../arm-atollic-eabi/lib/armv7-m\libc_nano.a(lib_a-memcpy-stub.o)
                0x0800597c                memcpy
 .text.memmove  0x08005992       0x34 c:/program files (x86)/atollic/truestudio for arm 8.0.0/armtools/bin/../lib/gcc/arm-atollic-eabi/6.3.1/../../../../arm-atollic-eabi/lib/armv7-m\libc_nano.a(lib_a-memmove.o)
                0x08005992                memmove
 *fill*         0x080059c6        0x2 
 .text._free_r  0x080059c8       0x98 c:/program files (x86)/atollic/truestudio for arm 8.0.0/armtools/bin/../lib/gcc/arm-atollic-eabi/6.3.1/../../../../arm-atollic-eabi/lib/armv7-m\libc_nano.a(lib_a-nano-freer.o)
                0x080059c8                _free_r
 .text._malloc_r
                0x08005a60       0xbc c:/program files (x86)/atollic/truestudio for arm 8.0.0/armtools/bin/../lib/gcc/arm-atollic-eabi/6.3.1/../../../../arm-atollic-eabi/lib/armv7-m\libc_nano.a(lib_a-nano-mallocr.o)
                0x08005a60                _malloc_r
 .text._realloc_r
                0x08005b1c       0x4c c:/program files (x86)/atollic/truestudio for arm 8.0.0/armtools/bin/../lib/gcc/arm-atollic-eabi/6.3.1/../../../../arm-atollic-eabi/lib/armv7-m\libc_nano.a(lib_a-nano-reallocr.o)
                0x08005b1c                _realloc_r
 .text._sbrk_r  0x08005b68       0x20 c:/program files (x86)/atollic/truestudio for arm 8.0.0/armtools/bin/../lib/gcc/arm-atollic-eabi/6.3.1/../../../../arm-atollic-eabi/lib/armv7-m\libc_nano.a(lib_a-sbrkr.o)
                0x08005b68                _sbrk_r
 .text.__malloc_lock
                0x08005b88        0x2 c:/program files (x86)/atollic/truestudio for arm 8.0.0/armtools/bin/../lib/gcc/arm-atollic-eabi/6.3.1/../../../../arm-atollic-eabi/lib/armv7-m\libc_nano.a(lib_a-mlock.o)
                0x08005b88                __malloc_lock
 .text.__malloc_unlock
                0x08005b8a        0x2 c:/program files (x86)/atollic/truestudio for arm 8.0.0/armtools/bin/../lib/gcc/arm-atollic-eabi/6.3.1/../../../../arm-atollic-eabi/lib/armv7-m\libc_nano.a(lib_a-mlock.o)
                0x08005b8a                __malloc_unlock
 .text._malloc_usable_size_r
                0x08005b8c       0x12 c:/program files (x86)/atollic/truestudio for arm 8.0.0/armtools/bin/../lib/gcc/arm-atollic-eabi/6.3.1/../../../../arm-atollic-eabi/lib/armv7-m\libc_nano.a(lib_a-nano-msizer.o)
                0x08005b8c                _malloc_usable_size_r
 *fill*         0x08005b9e        0x2 
 .text.asin     0x08005ba0       0xa8 c:/program files (x86)/atollic/truestudio for arm 8.0.0/armtools/bin/../lib/gcc/arm-atollic-eabi/6.3.1/../../../../arm-atollic-eabi/lib/armv7-m\libm.a(lib_a-w_asin.o)
                0x08005ba0                asin
 .text.atan2    0x08005c48        0x4 c:/program files (x86)/atollic/truestudio for arm 8.0.0/armtools/bin/../lib/gcc/arm-atollic-eabi/6.3.1/../../../../arm-atollic-eabi/lib/armv7-m\libm.a(lib_a-w_atan2.o)
                0x08005c48                atan2
 .text.pow      0x08005c4c      0x2c8 c:/program files (x86)/atollic/truestudio for arm 8.0.0/armtools/bin/../lib/gcc/arm-atollic-eabi/6.3.1/../../../../arm-atollic-eabi/lib/armv7-m\libm.a(lib_a-w_pow.o)
                0x08005c4c                pow
 .text.sqrt     0x08005f14       0xa8 c:/program files (x86)/atollic/truestudio for arm 8.0.0/armtools/bin/../lib/gcc/arm-atollic-eabi/6.3.1/../../../../arm-atollic-eabi/lib/armv7-m\libm.a(lib_a-w_sqrt.o)
                0x08005f14                sqrt
 *fill*         0x08005fbc        0x4 
 .text.__ieee754_asin
                0x08005fc0      0x400 c:/program files (x86)/atollic/truestudio for arm 8.0.0/armtools/bin/../lib/gcc/arm-atollic-eabi/6.3.1/../../../../arm-atollic-eabi/lib/armv7-m\libm.a(lib_a-e_asin.o)
                0x08005fc0                __ieee754_asin
 .text.__ieee754_atan2
                0x080063c0      0x1b4 c:/program files (x86)/atollic/truestudio for arm 8.0.0/armtools/bin/../lib/gcc/arm-atollic-eabi/6.3.1/../../../../arm-atollic-eabi/lib/armv7-m\libm.a(lib_a-e_atan2.o)
                0x080063c0                __ieee754_atan2
 *fill*         0x08006574        0x4 
 .text.__ieee754_pow
                0x08006578      0x9e4 c:/program files (x86)/atollic/truestudio for arm 8.0.0/armtools/bin/../lib/gcc/arm-atollic-eabi/6.3.1/../../../../arm-atollic-eabi/lib/armv7-m\libm.a(lib_a-e_pow.o)
                0x08006578                __ieee754_pow
 .text.__ieee754_sqrt
                0x08006f5c      0x158 c:/program files (x86)/atollic/truestudio for arm 8.0.0/armtools/bin/../lib/gcc/arm-atollic-eabi/6.3.1/../../../../arm-atollic-eabi/lib/armv7-m\libm.a(lib_a-e_sqrt.o)
                0x08006f5c                __ieee754_sqrt
 *fill*         0x080070b4        0x4 
 .text.atan     0x080070b8      0x324 c:/program files (x86)/atollic/truestudio for arm 8.0.0/armtools/bin/../lib/gcc/arm-atollic-eabi/6.3.1/../../../../arm-atollic-eabi/lib/armv7-m\libm.a(lib_a-s_atan.o)
                0x080070b8                atan
 .text.fabs     0x080073dc        0x6 c:/program files (x86)/atollic/truestudio for arm 8.0.0/armtools/bin/../lib/gcc/arm-atollic-eabi/6.3.1/../../../../arm-atollic-eabi/lib/armv7-m\libm.a(lib_a-s_fabs.o)
                0x080073dc                fabs
 .text.finite   0x080073e2        0xc c:/program files (x86)/atollic/truestudio for arm 8.0.0/armtools/bin/../lib/gcc/arm-atollic-eabi/6.3.1/../../../../arm-atollic-eabi/lib/armv7-m\libm.a(lib_a-s_finite.o)
                0x080073e2                finite
 .text.matherr  0x080073ee        0x4 c:/program files (x86)/atollic/truestudio for arm 8.0.0/armtools/bin/../lib/gcc/arm-atollic-eabi/6.3.1/../../../../arm-atollic-eabi/lib/armv7-m\libm.a(lib_a-s_matherr.o)
                0x080073ee                matherr
 *fill*         0x080073f2        0x2 
 .text.nan      0x080073f4        0xc c:/program files (x86)/atollic/truestudio for arm 8.0.0/armtools/bin/../lib/gcc/arm-atollic-eabi/6.3.1/../../../../arm-atollic-eabi/lib/armv7-m\libm.a(lib_a-s_nan.o)
                0x080073f4                nan
 .text.rint     0x08007400      0x110 c:/program files (x86)/atollic/truestudio for arm 8.0.0/armtools/bin/../lib/gcc/arm-atollic-eabi/6.3.1/../../../../arm-atollic-eabi/lib/armv7-m\libm.a(lib_a-s_rint.o)
                0x08007400                rint
 .text.scalbn   0x08007510       0xdc c:/program files (x86)/atollic/truestudio for arm 8.0.0/armtools/bin/../lib/gcc/arm-atollic-eabi/6.3.1/../../../../arm-atollic-eabi/lib/armv7-m\libm.a(lib_a-s_scalbn.o)
                0x08007510                scalbn
 .text.copysign
                0x080075ec        0xe c:/program files (x86)/atollic/truestudio for arm 8.0.0/armtools/bin/../lib/gcc/arm-atollic-eabi/6.3.1/../../../../arm-atollic-eabi/lib/armv7-m\libm.a(lib_a-s_copysign.o)
                0x080075ec                copysign
 *fill*         0x080075fa        0x2 
 .text.__errno  0x080075fc        0xc c:/program files (x86)/atollic/truestudio for arm 8.0.0/armtools/bin/../lib/gcc/arm-atollic-eabi/6.3.1/../../../../arm-atollic-eabi/lib/armv7-m\libc_nano.a(lib_a-errno.o)
                0x080075fc                __errno
 .text._sbrk    0x08007608       0x1c c:/program files (x86)/atollic/truestudio for arm 8.0.0/armtools/bin/../lib/gcc/arm-atollic-eabi/6.3.1/../../../../arm-atollic-eabi/lib/armv7-m\libnosys.a(sbrk.o)
                0x08007608                _sbrk
 *(.glue_7)
 .glue_7        0x08007624        0x0 linker stubs
 *(.glue_7t)
 .glue_7t       0x08007624        0x0 linker stubs
 *(.eh_frame)
 .eh_frame      0x08007624        0x0 c:/program files (x86)/atollic/truestudio for arm 8.0.0/armtools/bin/../lib/gcc/arm-atollic-eabi/6.3.1/armv7-m/crtbegin.o
 *(.init)
 .init          0x08007624        0x4 c:/program files (x86)/atollic/truestudio for arm 8.0.0/armtools/bin/../lib/gcc/arm-atollic-eabi/6.3.1/armv7-m/crti.o
                0x08007624                _init
 .init          0x08007628        0x8 c:/program files (x86)/atollic/truestudio for arm 8.0.0/armtools/bin/../lib/gcc/arm-atollic-eabi/6.3.1/armv7-m/crtn.o
 *(.fini)
 .fini          0x08007630        0x4 c:/program files (x86)/atollic/truestudio for arm 8.0.0/armtools/bin/../lib/gcc/arm-atollic-eabi/6.3.1/armv7-m/crti.o
                0x08007630                _fini
 .fini          0x08007634        0x8 c:/program files (x86)/atollic/truestudio for arm 8.0.0/armtools/bin/../lib/gcc/arm-atollic-eabi/6.3.1/armv7-m/crtn.o
                0x0800763c                . = ALIGN (0x4)
                0x0800763c                _etext = .

.vfp11_veneer   0x0800763c        0x0
 .vfp11_veneer  0x0800763c        0x0 linker stubs

.v4_bx          0x0800763c        0x0
 .v4_bx         0x0800763c        0x0 linker stubs

.iplt           0x0800763c        0x0
 .iplt          0x0800763c        0x0 c:/program files (x86)/atollic/truestudio for arm 8.0.0/armtools/bin/../lib/gcc/arm-atollic-eabi/6.3.1/armv7-m/crtbegin.o

.rodata         0x08007640      0x150
                0x08007640                . = ALIGN (0x4)
 *(.rodata)
 .rodata        0x08007640       0x10 Drivers\STM32F1xx_HAL_Driver\Src\stm32f1xx_hal_rcc.o
 *(.rodata*)
 .rodata.MPU9250_Init.str1.1
                0x08007650       0x11 Src\MPU9250.o
 .rodata.MS5611_ReadADC.str1.1
                0x08007661       0x10 Src\MS5611.o
 .rodata.I2C_WriteByte.str1.1
                0x08007671        0xd Src\i2c.o
 .rodata.MSP_SendFrame.str1.1
                0x0800767e        0x4 Src\msp.o
 .rodata.SystemClock_Config.str1.1
                0x08007682       0x15 Src\peripherals.o
 .rodata._Error_Handler.str1.1
                0x08007697       0x17 Src\peripherals.o
 .rodata.serialInt.str1.1
                0x080076ae        0x3 Src\serial.o
 .rodata.AHBPrescTable
                0x080076b1       0x10 Src\system_stm32f1xx.o
                0x080076b1                AHBPrescTable
 .rodata.APBPrescTable
                0x080076c1        0x8 Src\system_stm32f1xx.o
                0x080076c1                APBPrescTable
 .rodata._svfprintf_r.str1.1
                0x080076c9       0x11 c:/program files (x86)/atollic/truestudio for arm 8.0.0/armtools/bin/../lib/gcc/arm-atollic-eabi/6.3.1/../../../../arm-atollic-eabi/lib/armv7-m\libc_nano.a(lib_a-nano-svfprintf.o)
 .rodata._printf_i.str1.1
                0x080076da       0x22 c:/program files (x86)/atollic/truestudio for arm 8.0.0/armtools/bin/../lib/gcc/arm-atollic-eabi/6.3.1/../../../../arm-atollic-eabi/lib/armv7-m\libc_nano.a(lib_a-nano-vfprintf_i.o)
 .rodata.asin.str1.1
                0x080076fc        0x5 c:/program files (x86)/atollic/truestudio for arm 8.0.0/armtools/bin/../lib/gcc/arm-atollic-eabi/6.3.1/../../../../arm-atollic-eabi/lib/armv7-m\libm.a(lib_a-w_asin.o)
                                  0x6 (size before relaxing)
 .rodata.pow.str1.1
                0x08007701        0x4 c:/program files (x86)/atollic/truestudio for arm 8.0.0/armtools/bin/../lib/gcc/arm-atollic-eabi/6.3.1/../../../../arm-atollic-eabi/lib/armv7-m\libm.a(lib_a-w_pow.o)
 .rodata.sqrt.str1.1
                0x08007705        0x5 c:/program files (x86)/atollic/truestudio for arm 8.0.0/armtools/bin/../lib/gcc/arm-atollic-eabi/6.3.1/../../../../arm-atollic-eabi/lib/armv7-m\libm.a(lib_a-w_sqrt.o)
 .rodata.__ieee754_pow.str1.1
                0x0800770a        0x1 c:/program files (x86)/atollic/truestudio for arm 8.0.0/armtools/bin/../lib/gcc/arm-atollic-eabi/6.3.1/../../../../arm-atollic-eabi/lib/armv7-m\libm.a(lib_a-e_pow.o)
 *fill*         0x0800770a        0x6 
 .rodata.bp     0x08007710       0x10 c:/program files (x86)/atollic/truestudio for arm 8.0.0/armtools/bin/../lib/gcc/arm-atollic-eabi/6.3.1/../../../../arm-atollic-eabi/lib/armv7-m\libm.a(lib_a-e_pow.o)
 .rodata.dp_h   0x08007720       0x10 c:/program files (x86)/atollic/truestudio for arm 8.0.0/armtools/bin/../lib/gcc/arm-atollic-eabi/6.3.1/../../../../arm-atollic-eabi/lib/armv7-m\libm.a(lib_a-e_pow.o)
 .rodata.dp_l   0x08007730       0x10 c:/program files (x86)/atollic/truestudio for arm 8.0.0/armtools/bin/../lib/gcc/arm-atollic-eabi/6.3.1/../../../../arm-atollic-eabi/lib/armv7-m\libm.a(lib_a-e_pow.o)
 .rodata.atanhi
                0x08007740       0x20 c:/program files (x86)/atollic/truestudio for arm 8.0.0/armtools/bin/../lib/gcc/arm-atollic-eabi/6.3.1/../../../../arm-atollic-eabi/lib/armv7-m\libm.a(lib_a-s_atan.o)
 .rodata.atanlo
                0x08007760       0x20 c:/program files (x86)/atollic/truestudio for arm 8.0.0/armtools/bin/../lib/gcc/arm-atollic-eabi/6.3.1/../../../../arm-atollic-eabi/lib/armv7-m\libm.a(lib_a-s_atan.o)
 .rodata.TWO52  0x08007780       0x10 c:/program files (x86)/atollic/truestudio for arm 8.0.0/armtools/bin/../lib/gcc/arm-atollic-eabi/6.3.1/../../../../arm-atollic-eabi/lib/armv7-m\libm.a(lib_a-s_rint.o)
                0x08007790                . = ALIGN (0x4)

.rel.dyn        0x08007790        0x0
 .rel.iplt      0x08007790        0x0 c:/program files (x86)/atollic/truestudio for arm 8.0.0/armtools/bin/../lib/gcc/arm-atollic-eabi/6.3.1/armv7-m/crtbegin.o

.ARM.extab
 *(.ARM.extab* .gnu.linkonce.armextab.*)

.ARM            0x08007790        0x0
                0x08007790                __exidx_start = .
 *(.ARM.exidx*)
                0x08007790                __exidx_end = .

.preinit_array  0x08007790        0x0
                0x08007790                PROVIDE (__preinit_array_start, .)
 *(.preinit_array*)
                0x08007790                PROVIDE (__preinit_array_end, .)

.init_array     0x08007790        0x4
                0x08007790                PROVIDE (__init_array_start, .)
 *(SORT(.init_array.*))
 *(.init_array*)
 .init_array    0x08007790        0x4 c:/program files (x86)/atollic/truestudio for arm 8.0.0/armtools/bin/../lib/gcc/arm-atollic-eabi/6.3.1/armv7-m/crtbegin.o
                0x08007794                PROVIDE (__init_array_end, .)

.fini_array     0x08007794        0x4
                [!provide]                PROVIDE (__fini_array_start, .)
 *(SORT(.fini_array.*))
 *(.fini_array*)
 .fini_array    0x08007794        0x4 c:/program files (x86)/atollic/truestudio for arm 8.0.0/armtools/bin/../lib/gcc/arm-atollic-eabi/6.3.1/armv7-m/crtbegin.o
                [!provide]                PROVIDE (__fini_array_end, .)
                0x08007798                _sidata = LOADADDR (.data)

.data           0x20000000      0x228 load address 0x08007798
                0x20000000                . = ALIGN (0x4)
                0x20000000                _sdata = .
 *(.data)
 *(.data*)
 .data.gyroBias
                0x20000000        0xc Src\MPU9250.o
                0x20000000                gyroBias
 .data.lpf_pitch
                0x2000000c        0x8 Src\MPU9250.o
                0x2000000c                lpf_pitch
 .data.lpf_roll
                0x20000014        0x8 Src\MPU9250.o
                0x20000014                lpf_roll
 .data.mRes     0x2000001c        0x4 Src\MPU9250.o
                0x2000001c                mRes
 .data.magBias  0x20000020        0xc Src\MPU9250.o
                0x20000020                magBias
 .data.magScale
                0x2000002c        0xc Src\MPU9250.o
                0x2000002c                magScale
 .data.MS5611_OSR
                0x20000038        0x1 Src\MS5611.o
 *fill*         0x20000039        0x3 
 .data.q        0x2000003c       0x10 Src\MadgwickAHRS.o
                0x2000003c                q
 .data.pid_altitude
                0x2000004c       0x5c Src\pid.o
                0x2000004c                pid_altitude
 .data.pid_pitch
                0x200000a8       0x5c Src\pid.o
                0x200000a8                pid_pitch
 .data.pid_roll
                0x20000104       0x5c Src\pid.o
                0x20000104                pid_roll
 .data.pid_yaw  0x20000160       0x5c Src\pid.o
                0x20000160                pid_yaw
 .data.SystemCoreClock
                0x200001bc        0x4 Src\system_stm32f1xx.o
                0x200001bc                SystemCoreClock
 .data._impure_ptr
                0x200001c0        0x4 c:/program files (x86)/atollic/truestudio for arm 8.0.0/armtools/bin/../lib/gcc/arm-atollic-eabi/6.3.1/../../../../arm-atollic-eabi/lib/armv7-m\libc_nano.a(lib_a-impure.o)
                0x200001c0                _impure_ptr
 .data.impure_data
                0x200001c4       0x60 c:/program files (x86)/atollic/truestudio for arm 8.0.0/armtools/bin/../lib/gcc/arm-atollic-eabi/6.3.1/../../../../arm-atollic-eabi/lib/armv7-m\libc_nano.a(lib_a-impure.o)
 .data.__fdlib_version
                0x20000224        0x1 c:/program files (x86)/atollic/truestudio for arm 8.0.0/armtools/bin/../lib/gcc/arm-atollic-eabi/6.3.1/../../../../arm-atollic-eabi/lib/armv7-m\libm.a(lib_a-s_lib_ver.o)
                0x20000224                __fdlib_version
                0x20000228                . = ALIGN (0x4)
 *fill*         0x20000225        0x3 
                0x20000228                _edata = .

.igot.plt       0x20000228        0x0 load address 0x080079c0
 .igot.plt      0x20000228        0x0 c:/program files (x86)/atollic/truestudio for arm 8.0.0/armtools/bin/../lib/gcc/arm-atollic-eabi/6.3.1/armv7-m/crtbegin.o
                0x20000228                . = ALIGN (0x4)

.bss            0x20000228     0x1474 load address 0x080079c0
                0x20000228                _sbss = .
                0x20000228                __bss_start__ = _sbss
 *(.bss)
 .bss           0x20000228       0x1c c:/program files (x86)/atollic/truestudio for arm 8.0.0/armtools/bin/../lib/gcc/arm-atollic-eabi/6.3.1/armv7-m/crtbegin.o
 *(.bss*)
 .bss.uwTick    0x20000244        0x4 Drivers\STM32F1xx_HAL_Driver\Src\stm32f1xx_hal.o
 .bss.AHRS_Angle
                0x20000248        0xc Src\MPU9250.o
                0x20000248                AHRS_Angle
 .bss.AHRS_lastUpdate
                0x20000254        0x4 Src\MPU9250.o
                0x20000254                AHRS_lastUpdate
 .bss.AHRS_timeNow
                0x20000258        0x4 Src\MPU9250.o
                0x20000258                AHRS_timeNow
 .bss.MS5611_Coefficients
                0x2000025c       0x10 Src\MS5611.o
 .bss.MS5611_RawPressure
                0x2000026c        0x4 Src\MS5611.o
 .bss.MS5611_RawTemperature
                0x20000270        0x4 Src\MS5611.o
 .bss.PRESSURE_READY
                0x20000274        0x1 Src\MS5611.o
 .bss.TEMP_READY
                0x20000275        0x1 Src\MS5611.o
 *fill*         0x20000276        0x2 
 .bss.pressure_time
                0x20000278        0x4 Src\MS5611.o
 .bss.temp_time
                0x2000027c        0x4 Src\MS5611.o
 .bss.joystick  0x20000280        0x8 Src\joystick.o
                0x20000280                joystick
 .bss.last_tick1
                0x20000288        0x4 Src\main.o
                0x20000288                last_tick1
 .bss.last_tick2
                0x2000028c        0x4 Src\main.o
                0x2000028c                last_tick2
 .bss.last_tick3
                0x20000290        0x4 Src\main.o
                0x20000290                last_tick3
 .bss.motor_pwm
                0x20000294       0x10 Src\motor.o
                0x20000294                motor_pwm
 .bss.ALT_FLAG  0x200002a4        0x1 Src\pid.o
                0x200002a4                ALT_FLAG
 *fill*         0x200002a5        0x3 
 .bss.__malloc_free_list
                0x200002a8        0x4 c:/program files (x86)/atollic/truestudio for arm 8.0.0/armtools/bin/../lib/gcc/arm-atollic-eabi/6.3.1/../../../../arm-atollic-eabi/lib/armv7-m\libc_nano.a(lib_a-nano-mallocr.o)
                0x200002a8                __malloc_free_list
 .bss.__malloc_sbrk_start
                0x200002ac        0x4 c:/program files (x86)/atollic/truestudio for arm 8.0.0/armtools/bin/../lib/gcc/arm-atollic-eabi/6.3.1/../../../../arm-atollic-eabi/lib/armv7-m\libc_nano.a(lib_a-nano-mallocr.o)
                0x200002ac                __malloc_sbrk_start
 .bss.heap_end.4116
                0x200002b0        0x4 c:/program files (x86)/atollic/truestudio for arm 8.0.0/armtools/bin/../lib/gcc/arm-atollic-eabi/6.3.1/../../../../arm-atollic-eabi/lib/armv7-m\libnosys.a(sbrk.o)
 *(COMMON)
 COMMON         0x200002b4       0x42 Src\MPU9250.o
                0x200002b4                magRaw
                0x200002ba                gyroRaw
                0x200002c0                gyroData
                0x200002cc                accelData
                0x200002d8                magData
                0x200002e4                magCalib
                0x200002f0                accelRaw
 *fill*         0x200002f6        0x2 
 COMMON         0x200002f8       0x60 Src\MS5611.o
                0x200002f8                MS5611_FilteredAltitude
                0x200002fc                alt_filter
                0x2000034c                MS5611_Altitude
                0x20000350                MS5611_CompensatedPressure
                0x20000354                MS5611_CompensatedTemperature
 COMMON         0x20000358        0x8 Src\MadgwickAHRS.o
                0x20000358                beta
                0x2000035c                deltat
 COMMON         0x20000360     0x100c Src\circular_buffer.o
                0x20000360                rxc
                0x20000b66                txc
 COMMON         0x2000136c      0x158 Src\msp.o
                0x2000136c                msp_txf_analog
                0x20001373                msp_rxf_pid
                0x20001391                msp_txf_attitude
                0x20001397                msp_txf_pid
                0x200013b5                msp_txf_status
                0x200013c0                msp_txf_rc_tuning
                0x200013c7                msp_rxf_box
                0x200013c9                msp_rxf_raw_rc
                0x200013d9                msp_txf_motor
                0x200013e1                msp_rxf_motor
                0x200013e1                msp_txf_boxids
                0x200013e9                msp_rxf_misc
                0x200013ff                msp_txf_misc
                0x20001415                msp_txf_motor_pins
                0x2000141d                msp_rxf_head
                0x2000141d                msp_txf_pidnames
                0x2000141f                msp_txf_ident
                0x20001426                msp_txf_raw_imu
                0x20001438                rxf
                0x200014a4                msp_rxf_led
                0x200014a4                msp_txf_boxnames
                0x200014a7                msp_txf_altitude
                0x200014ad                msp_rxf_rc_tuning
                0x200014b4                msp_txf_rc
 COMMON         0x200014c4      0x16c Src\peripherals.o
                0x200014c4                htim4
                0x20001500                hi2c1
                0x2000153c                htim3
                0x20001578                huart1
                0x200015b8                htim1
                0x200015f4                htim2
 COMMON         0x20001630       0x66 Src\serial.o
                0x20001630                rx_buffer
                0x20001632                tx_buffer
 *fill*         0x20001696        0x2 
 COMMON         0x20001698        0x4 c:/program files (x86)/atollic/truestudio for arm 8.0.0/armtools/bin/../lib/gcc/arm-atollic-eabi/6.3.1/../../../../arm-atollic-eabi/lib/armv7-m\libc_nano.a(lib_a-reent.o)
                0x20001698                errno
                0x2000169c                . = ALIGN (0x4)
                0x2000169c                _ebss = .
                0x2000169c                __bss_end__ = _ebss

._user_heap_stack
                0x2000169c      0x600 load address 0x080079c0
                0x2000169c                . = ALIGN (0x4)
                0x2000169c                PROVIDE (end, .)
                [!provide]                PROVIDE (_end, .)
                0x2000189c                . = (. + _Min_Heap_Size)
 *fill*         0x2000169c      0x200 
                0x20001c9c                . = (. + _Min_Stack_Size)
 *fill*         0x2000189c      0x400 
                0x20001c9c                . = ALIGN (0x4)

/DISCARD/
 libc.a(*)
 libm.a(*)
 libgcc.a(*)

.ARM.attributes
                0x00000000       0x29
 *(.ARM.attributes)
 .ARM.attributes
                0x00000000       0x1d c:/program files (x86)/atollic/truestudio for arm 8.0.0/armtools/bin/../lib/gcc/arm-atollic-eabi/6.3.1/armv7-m/crti.o
 .ARM.attributes
                0x0000001d       0x2d c:/program files (x86)/atollic/truestudio for arm 8.0.0/armtools/bin/../lib/gcc/arm-atollic-eabi/6.3.1/armv7-m/crtbegin.o
 .ARM.attributes
                0x0000004a       0x33 Drivers\STM32F1xx_HAL_Driver\Src\stm32f1xx_hal.o
 .ARM.attributes
                0x0000007d       0x33 Drivers\STM32F1xx_HAL_Driver\Src\stm32f1xx_hal_cortex.o
 .ARM.attributes
                0x000000b0       0x33 Drivers\STM32F1xx_HAL_Driver\Src\stm32f1xx_hal_gpio.o
 .ARM.attributes
                0x000000e3       0x33 Drivers\STM32F1xx_HAL_Driver\Src\stm32f1xx_hal_i2c.o
 .ARM.attributes
                0x00000116       0x33 Drivers\STM32F1xx_HAL_Driver\Src\stm32f1xx_hal_rcc.o
 .ARM.attributes
                0x00000149       0x33 Drivers\STM32F1xx_HAL_Driver\Src\stm32f1xx_hal_tim.o
 .ARM.attributes
                0x0000017c       0x33 Drivers\STM32F1xx_HAL_Driver\Src\stm32f1xx_hal_tim_ex.o
 .ARM.attributes
                0x000001af       0x33 Drivers\STM32F1xx_HAL_Driver\Src\stm32f1xx_hal_uart.o
 .ARM.attributes
                0x000001e2       0x33 Src\MPU9250.o
 .ARM.attributes
                0x00000215       0x33 Src\MS5611.o
 .ARM.attributes
                0x00000248       0x33 Src\MadgwickAHRS.o
 .ARM.attributes
                0x0000027b       0x33 Src\circular_buffer.o
 .ARM.attributes
                0x000002ae       0x33 Src\common.o
 .ARM.attributes
                0x000002e1       0x33 Src\devices.o
 .ARM.attributes
                0x00000314       0x33 Src\i2c.o
 .ARM.attributes
                0x00000347       0x33 Src\joystick.o
 .ARM.attributes
                0x0000037a       0x33 Src\main.o
 .ARM.attributes
                0x000003ad       0x33 Src\motor.o
 .ARM.attributes
                0x000003e0       0x33 Src\msp.o
 .ARM.attributes
                0x00000413       0x33 Src\peripherals.o
 .ARM.attributes
                0x00000446       0x33 Src\pid.o
 .ARM.attributes
                0x00000479       0x33 Src\serial.o
 .ARM.attributes
                0x000004ac       0x33 Src\stm32f1xx_hal_msp.o
 .ARM.attributes
                0x000004df       0x33 Src\stm32f1xx_it.o
 .ARM.attributes
                0x00000512       0x33 Src\system_stm32f1xx.o
 .ARM.attributes
                0x00000545       0x33 Src\timing.o
 .ARM.attributes
                0x00000578       0x21 startup\startup_stm32f103xb.o
 .ARM.attributes
                0x00000599       0x2d c:/program files (x86)/atollic/truestudio for arm 8.0.0/armtools/bin/../lib/gcc/arm-atollic-eabi/6.3.1/../../../../arm-atollic-eabi/lib/armv7-m\libc_nano.a(lib_a-init.o)
 .ARM.attributes
                0x000005c6       0x2d c:/program files (x86)/atollic/truestudio for arm 8.0.0/armtools/bin/../lib/gcc/arm-atollic-eabi/6.3.1/../../../../arm-atollic-eabi/lib/armv7-m\libc_nano.a(lib_a-sprintf.o)
 .ARM.attributes
                0x000005f3       0x17 c:/program files (x86)/atollic/truestudio for arm 8.0.0/armtools/bin/../lib/gcc/arm-atollic-eabi/6.3.1/../../../../arm-atollic-eabi/lib/armv7-m\libc_nano.a(lib_a-strlen.o)
 .ARM.attributes
                0x0000060a       0x2d c:/program files (x86)/atollic/truestudio for arm 8.0.0/armtools/bin/../lib/gcc/arm-atollic-eabi/6.3.1/../../../../arm-atollic-eabi/lib/armv7-m\libc_nano.a(lib_a-impure.o)
 .ARM.attributes
                0x00000637       0x2d c:/program files (x86)/atollic/truestudio for arm 8.0.0/armtools/bin/../lib/gcc/arm-atollic-eabi/6.3.1/../../../../arm-atollic-eabi/lib/armv7-m\libc_nano.a(lib_a-nano-svfprintf.o)
 .ARM.attributes
                0x00000664       0x2d c:/program files (x86)/atollic/truestudio for arm 8.0.0/armtools/bin/../lib/gcc/arm-atollic-eabi/6.3.1/../../../../arm-atollic-eabi/lib/armv7-m\libc_nano.a(lib_a-nano-vfprintf_i.o)
 .ARM.attributes
                0x00000691       0x2d c:/program files (x86)/atollic/truestudio for arm 8.0.0/armtools/bin/../lib/gcc/arm-atollic-eabi/6.3.1/../../../../arm-atollic-eabi/lib/armv7-m\libc_nano.a(lib_a-memchr-stub.o)
 .ARM.attributes
                0x000006be       0x2d c:/program files (x86)/atollic/truestudio for arm 8.0.0/armtools/bin/../lib/gcc/arm-atollic-eabi/6.3.1/../../../../arm-atollic-eabi/lib/armv7-m\libc_nano.a(lib_a-memcpy-stub.o)
 .ARM.attributes
                0x000006eb       0x2d c:/program files (x86)/atollic/truestudio for arm 8.0.0/armtools/bin/../lib/gcc/arm-atollic-eabi/6.3.1/../../../../arm-atollic-eabi/lib/armv7-m\libc_nano.a(lib_a-memmove.o)
 .ARM.attributes
                0x00000718       0x2d c:/program files (x86)/atollic/truestudio for arm 8.0.0/armtools/bin/../lib/gcc/arm-atollic-eabi/6.3.1/../../../../arm-atollic-eabi/lib/armv7-m\libc_nano.a(lib_a-nano-freer.o)
 .ARM.attributes
                0x00000745       0x2d c:/program files (x86)/atollic/truestudio for arm 8.0.0/armtools/bin/../lib/gcc/arm-atollic-eabi/6.3.1/../../../../arm-atollic-eabi/lib/armv7-m\libc_nano.a(lib_a-nano-mallocr.o)
 .ARM.attributes
                0x00000772       0x2d c:/program files (x86)/atollic/truestudio for arm 8.0.0/armtools/bin/../lib/gcc/arm-atollic-eabi/6.3.1/../../../../arm-atollic-eabi/lib/armv7-m\libc_nano.a(lib_a-nano-reallocr.o)
 .ARM.attributes
                0x0000079f       0x2d c:/program files (x86)/atollic/truestudio for arm 8.0.0/armtools/bin/../lib/gcc/arm-atollic-eabi/6.3.1/../../../../arm-atollic-eabi/lib/armv7-m\libc_nano.a(lib_a-sbrkr.o)
 .ARM.attributes
                0x000007cc       0x2d c:/program files (x86)/atollic/truestudio for arm 8.0.0/armtools/bin/../lib/gcc/arm-atollic-eabi/6.3.1/../../../../arm-atollic-eabi/lib/armv7-m\libc_nano.a(lib_a-mlock.o)
 .ARM.attributes
                0x000007f9       0x2d c:/program files (x86)/atollic/truestudio for arm 8.0.0/armtools/bin/../lib/gcc/arm-atollic-eabi/6.3.1/../../../../arm-atollic-eabi/lib/armv7-m\libc_nano.a(lib_a-nano-msizer.o)
 .ARM.attributes
                0x00000826       0x2d c:/program files (x86)/atollic/truestudio for arm 8.0.0/armtools/bin/../lib/gcc/arm-atollic-eabi/6.3.1/../../../../arm-atollic-eabi/lib/armv7-m\libc_nano.a(lib_a-reent.o)
 .ARM.attributes
                0x00000853       0x2d c:/program files (x86)/atollic/truestudio for arm 8.0.0/armtools/bin/../lib/gcc/arm-atollic-eabi/6.3.1/../../../../arm-atollic-eabi/lib/armv7-m\libm.a(lib_a-w_asin.o)
 .ARM.attributes
                0x00000880       0x2d c:/program files (x86)/atollic/truestudio for arm 8.0.0/armtools/bin/../lib/gcc/arm-atollic-eabi/6.3.1/../../../../arm-atollic-eabi/lib/armv7-m\libm.a(lib_a-w_atan2.o)
 .ARM.attributes
                0x000008ad       0x2d c:/program files (x86)/atollic/truestudio for arm 8.0.0/armtools/bin/../lib/gcc/arm-atollic-eabi/6.3.1/../../../../arm-atollic-eabi/lib/armv7-m\libm.a(lib_a-w_pow.o)
 .ARM.attributes
                0x000008da       0x2d c:/program files (x86)/atollic/truestudio for arm 8.0.0/armtools/bin/../lib/gcc/arm-atollic-eabi/6.3.1/../../../../arm-atollic-eabi/lib/armv7-m\libm.a(lib_a-w_sqrt.o)
 .ARM.attributes
                0x00000907       0x2d c:/program files (x86)/atollic/truestudio for arm 8.0.0/armtools/bin/../lib/gcc/arm-atollic-eabi/6.3.1/../../../../arm-atollic-eabi/lib/armv7-m\libm.a(lib_a-e_asin.o)
 .ARM.attributes
                0x00000934       0x2d c:/program files (x86)/atollic/truestudio for arm 8.0.0/armtools/bin/../lib/gcc/arm-atollic-eabi/6.3.1/../../../../arm-atollic-eabi/lib/armv7-m\libm.a(lib_a-e_atan2.o)
 .ARM.attributes
                0x00000961       0x2d c:/program files (x86)/atollic/truestudio for arm 8.0.0/armtools/bin/../lib/gcc/arm-atollic-eabi/6.3.1/../../../../arm-atollic-eabi/lib/armv7-m\libm.a(lib_a-e_pow.o)
 .ARM.attributes
                0x0000098e       0x2d c:/program files (x86)/atollic/truestudio for arm 8.0.0/armtools/bin/../lib/gcc/arm-atollic-eabi/6.3.1/../../../../arm-atollic-eabi/lib/armv7-m\libm.a(lib_a-e_sqrt.o)
 .ARM.attributes
                0x000009bb       0x2d c:/program files (x86)/atollic/truestudio for arm 8.0.0/armtools/bin/../lib/gcc/arm-atollic-eabi/6.3.1/../../../../arm-atollic-eabi/lib/armv7-m\libm.a(lib_a-s_atan.o)
 .ARM.attributes
                0x000009e8       0x2d c:/program files (x86)/atollic/truestudio for arm 8.0.0/armtools/bin/../lib/gcc/arm-atollic-eabi/6.3.1/../../../../arm-atollic-eabi/lib/armv7-m\libm.a(lib_a-s_fabs.o)
 .ARM.attributes
                0x00000a15       0x2d c:/program files (x86)/atollic/truestudio for arm 8.0.0/armtools/bin/../lib/gcc/arm-atollic-eabi/6.3.1/../../../../arm-atollic-eabi/lib/armv7-m\libm.a(lib_a-s_finite.o)
 .ARM.attributes
                0x00000a42       0x2d c:/program files (x86)/atollic/truestudio for arm 8.0.0/armtools/bin/../lib/gcc/arm-atollic-eabi/6.3.1/../../../../arm-atollic-eabi/lib/armv7-m\libm.a(lib_a-s_lib_ver.o)
 .ARM.attributes
                0x00000a6f       0x2d c:/program files (x86)/atollic/truestudio for arm 8.0.0/armtools/bin/../lib/gcc/arm-atollic-eabi/6.3.1/../../../../arm-atollic-eabi/lib/armv7-m\libm.a(lib_a-s_matherr.o)
 .ARM.attributes
                0x00000a9c       0x2d c:/program files (x86)/atollic/truestudio for arm 8.0.0/armtools/bin/../lib/gcc/arm-atollic-eabi/6.3.1/../../../../arm-atollic-eabi/lib/armv7-m\libm.a(lib_a-s_nan.o)
 .ARM.attributes
                0x00000ac9       0x2d c:/program files (x86)/atollic/truestudio for arm 8.0.0/armtools/bin/../lib/gcc/arm-atollic-eabi/6.3.1/../../../../arm-atollic-eabi/lib/armv7-m\libm.a(lib_a-s_rint.o)
 .ARM.attributes
                0x00000af6       0x2d c:/program files (x86)/atollic/truestudio for arm 8.0.0/armtools/bin/../lib/gcc/arm-atollic-eabi/6.3.1/../../../../arm-atollic-eabi/lib/armv7-m\libm.a(lib_a-s_scalbn.o)
 .ARM.attributes
                0x00000b23       0x2d c:/program files (x86)/atollic/truestudio for arm 8.0.0/armtools/bin/../lib/gcc/arm-atollic-eabi/6.3.1/../../../../arm-atollic-eabi/lib/armv7-m\libm.a(lib_a-s_copysign.o)
 .ARM.attributes
                0x00000b50       0x2d c:/program files (x86)/atollic/truestudio for arm 8.0.0/armtools/bin/../lib/gcc/arm-atollic-eabi/6.3.1/../../../../arm-atollic-eabi/lib/armv7-m\libc_nano.a(lib_a-errno.o)
 .ARM.attributes
                0x00000b7d       0x1d c:/program files (x86)/atollic/truestudio for arm 8.0.0/armtools/bin/../lib/gcc/arm-atollic-eabi/6.3.1/armv7-m\libgcc.a(_arm_addsubdf3.o)
 .ARM.attributes
                0x00000b9a       0x1d c:/program files (x86)/atollic/truestudio for arm 8.0.0/armtools/bin/../lib/gcc/arm-atollic-eabi/6.3.1/armv7-m\libgcc.a(_arm_muldivdf3.o)
 .ARM.attributes
                0x00000bb7       0x1d c:/program files (x86)/atollic/truestudio for arm 8.0.0/armtools/bin/../lib/gcc/arm-atollic-eabi/6.3.1/armv7-m\libgcc.a(_arm_cmpdf2.o)
 .ARM.attributes
                0x00000bd4       0x1d c:/program files (x86)/atollic/truestudio for arm 8.0.0/armtools/bin/../lib/gcc/arm-atollic-eabi/6.3.1/armv7-m\libgcc.a(_arm_unorddf2.o)
 .ARM.attributes
                0x00000bf1       0x1d c:/program files (x86)/atollic/truestudio for arm 8.0.0/armtools/bin/../lib/gcc/arm-atollic-eabi/6.3.1/armv7-m\libgcc.a(_arm_truncdfsf2.o)
 .ARM.attributes
                0x00000c0e       0x1d c:/program files (x86)/atollic/truestudio for arm 8.0.0/armtools/bin/../lib/gcc/arm-atollic-eabi/6.3.1/armv7-m\libgcc.a(_arm_addsubsf3.o)
 .ARM.attributes
                0x00000c2b       0x1d c:/program files (x86)/atollic/truestudio for arm 8.0.0/armtools/bin/../lib/gcc/arm-atollic-eabi/6.3.1/armv7-m\libgcc.a(_arm_muldivsf3.o)
 .ARM.attributes
                0x00000c48       0x1d c:/program files (x86)/atollic/truestudio for arm 8.0.0/armtools/bin/../lib/gcc/arm-atollic-eabi/6.3.1/armv7-m\libgcc.a(_arm_cmpsf2.o)
 .ARM.attributes
                0x00000c65       0x1d c:/program files (x86)/atollic/truestudio for arm 8.0.0/armtools/bin/../lib/gcc/arm-atollic-eabi/6.3.1/armv7-m\libgcc.a(_arm_fixsfsi.o)
 .ARM.attributes
                0x00000c82       0x1d c:/program files (x86)/atollic/truestudio for arm 8.0.0/armtools/bin/../lib/gcc/arm-atollic-eabi/6.3.1/armv7-m\libgcc.a(_arm_fixunssfsi.o)
 .ARM.attributes
                0x00000c9f       0x2d c:/program files (x86)/atollic/truestudio for arm 8.0.0/armtools/bin/../lib/gcc/arm-atollic-eabi/6.3.1/../../../../arm-atollic-eabi/lib/armv7-m\libnosys.a(sbrk.o)
 .ARM.attributes
                0x00000ccc       0x1d c:/program files (x86)/atollic/truestudio for arm 8.0.0/armtools/bin/../lib/gcc/arm-atollic-eabi/6.3.1/armv7-m/crtn.o
OUTPUT(Firmware_V101-103C8.elf elf32-littlearm)

.debug_info     0x00000000    0x2013a
 .debug_info    0x00000000      0xf02 Drivers\STM32F1xx_HAL_Driver\Src\stm32f1xx_hal.o
 .debug_info    0x00000f02     0x1468 Drivers\STM32F1xx_HAL_Driver\Src\stm32f1xx_hal_cortex.o
 .debug_info    0x0000236a      0xe7c Drivers\STM32F1xx_HAL_Driver\Src\stm32f1xx_hal_gpio.o
 .debug_info    0x000031e6     0x33c1 Drivers\STM32F1xx_HAL_Driver\Src\stm32f1xx_hal_i2c.o
 .debug_info    0x000065a7     0x19f5 Drivers\STM32F1xx_HAL_Driver\Src\stm32f1xx_hal_rcc.o
 .debug_info    0x00007f9c     0x3b1d Drivers\STM32F1xx_HAL_Driver\Src\stm32f1xx_hal_tim.o
 .debug_info    0x0000bab9     0x18e4 Drivers\STM32F1xx_HAL_Driver\Src\stm32f1xx_hal_tim_ex.o
 .debug_info    0x0000d39d     0x1941 Drivers\STM32F1xx_HAL_Driver\Src\stm32f1xx_hal_uart.o
 .debug_info    0x0000ecde     0x12d6 Src\MPU9250.o
 .debug_info    0x0000ffb4     0x101e Src\MS5611.o
 .debug_info    0x00010fd2      0xcad Src\MadgwickAHRS.o
 .debug_info    0x00011c7f      0x204 Src\circular_buffer.o
 .debug_info    0x00011e83      0x157 Src\common.o
 .debug_info    0x00011fda     0x111f Src\devices.o
 .debug_info    0x000130f9     0x1058 Src\i2c.o
 .debug_info    0x00014151      0xc7e Src\joystick.o
 .debug_info    0x00014dcf      0xce4 Src\main.o
 .debug_info    0x00015ab3      0xc0d Src\motor.o
 .debug_info    0x000166c0     0x1ecb Src\msp.o
 .debug_info    0x0001858b     0x1ee7 Src\peripherals.o
 .debug_info    0x0001a472      0xfc9 Src\pid.o
 .debug_info    0x0001b43b     0x10ea Src\serial.o
 .debug_info    0x0001c525     0x17fa Src\stm32f1xx_hal_msp.o
 .debug_info    0x0001dd1f      0xdc9 Src\stm32f1xx_it.o
 .debug_info    0x0001eae8      0xc07 Src\system_stm32f1xx.o
 .debug_info    0x0001f6ef      0x9c7 Src\timing.o
 .debug_info    0x000200b6       0x84 startup\startup_stm32f103xb.o

.debug_abbrev   0x00000000     0x440d
 .debug_abbrev  0x00000000      0x313 Drivers\STM32F1xx_HAL_Driver\Src\stm32f1xx_hal.o
 .debug_abbrev  0x00000313      0x37d Drivers\STM32F1xx_HAL_Driver\Src\stm32f1xx_hal_cortex.o
 .debug_abbrev  0x00000690      0x268 Drivers\STM32F1xx_HAL_Driver\Src\stm32f1xx_hal_gpio.o
 .debug_abbrev  0x000008f8      0x397 Drivers\STM32F1xx_HAL_Driver\Src\stm32f1xx_hal_i2c.o
 .debug_abbrev  0x00000c8f      0x347 Drivers\STM32F1xx_HAL_Driver\Src\stm32f1xx_hal_rcc.o
 .debug_abbrev  0x00000fd6      0x3bb Drivers\STM32F1xx_HAL_Driver\Src\stm32f1xx_hal_tim.o
 .debug_abbrev  0x00001391      0x30d Drivers\STM32F1xx_HAL_Driver\Src\stm32f1xx_hal_tim_ex.o
 .debug_abbrev  0x0000169e      0x36c Drivers\STM32F1xx_HAL_Driver\Src\stm32f1xx_hal_uart.o
 .debug_abbrev  0x00001a0a      0x2f3 Src\MPU9250.o
 .debug_abbrev  0x00001cfd      0x399 Src\MS5611.o
 .debug_abbrev  0x00002096      0x22f Src\MadgwickAHRS.o
 .debug_abbrev  0x000022c5      0x135 Src\circular_buffer.o
 .debug_abbrev  0x000023fa       0xab Src\common.o
 .debug_abbrev  0x000024a5      0x253 Src\devices.o
 .debug_abbrev  0x000026f8      0x23c Src\i2c.o
 .debug_abbrev  0x00002934      0x183 Src\joystick.o
 .debug_abbrev  0x00002ab7      0x209 Src\main.o
 .debug_abbrev  0x00002cc0      0x250 Src\motor.o
 .debug_abbrev  0x00002f10      0x3a0 Src\msp.o
 .debug_abbrev  0x000032b0      0x309 Src\peripherals.o
 .debug_abbrev  0x000035b9      0x2f0 Src\pid.o
 .debug_abbrev  0x000038a9      0x300 Src\serial.o
 .debug_abbrev  0x00003ba9      0x24f Src\stm32f1xx_hal_msp.o
 .debug_abbrev  0x00003df8      0x211 Src\stm32f1xx_it.o
 .debug_abbrev  0x00004009      0x1eb Src\system_stm32f1xx.o
 .debug_abbrev  0x000041f4      0x207 Src\timing.o
 .debug_abbrev  0x000043fb       0x12 startup\startup_stm32f103xb.o

.debug_loc      0x00000000     0xa604
 .debug_loc     0x00000000       0x73 Drivers\STM32F1xx_HAL_Driver\Src\stm32f1xx_hal.o
 .debug_loc     0x00000073      0x46b Drivers\STM32F1xx_HAL_Driver\Src\stm32f1xx_hal_cortex.o
 .debug_loc     0x000004de      0x36a Drivers\STM32F1xx_HAL_Driver\Src\stm32f1xx_hal_gpio.o
 .debug_loc     0x00000848     0x2abb Drivers\STM32F1xx_HAL_Driver\Src\stm32f1xx_hal_i2c.o
 .debug_loc     0x00003303      0x835 Drivers\STM32F1xx_HAL_Driver\Src\stm32f1xx_hal_rcc.o
 .debug_loc     0x00003b38     0x3001 Drivers\STM32F1xx_HAL_Driver\Src\stm32f1xx_hal_tim.o
 .debug_loc     0x00006b39      0x746 Drivers\STM32F1xx_HAL_Driver\Src\stm32f1xx_hal_tim_ex.o
 .debug_loc     0x0000727f      0xd96 Drivers\STM32F1xx_HAL_Driver\Src\stm32f1xx_hal_uart.o
 .debug_loc     0x00008015       0x9d Src\MPU9250.o
 .debug_loc     0x000080b2      0x2c6 Src\MS5611.o
 .debug_loc     0x00008378      0xbf9 Src\MadgwickAHRS.o
 .debug_loc     0x00008f71       0x7c Src\circular_buffer.o
 .debug_loc     0x00008fed      0x116 Src\common.o
 .debug_loc     0x00009103       0xba Src\devices.o
 .debug_loc     0x000091bd      0x35e Src\i2c.o
 .debug_loc     0x0000951b      0x2b9 Src\motor.o
 .debug_loc     0x000097d4      0x730 Src\msp.o
 .debug_loc     0x00009f04       0x3c Src\peripherals.o
 .debug_loc     0x00009f40      0x313 Src\pid.o
 .debug_loc     0x0000a253      0x1e4 Src\serial.o
 .debug_loc     0x0000a437       0xdf Src\stm32f1xx_hal_msp.o
 .debug_loc     0x0000a516       0xcd Src\system_stm32f1xx.o
 .debug_loc     0x0000a5e3       0x21 Src\timing.o

.debug_aranges  0x00000000      0xd10
 .debug_aranges
                0x00000000       0xa8 Drivers\STM32F1xx_HAL_Driver\Src\stm32f1xx_hal.o
 .debug_aranges
                0x000000a8       0x90 Drivers\STM32F1xx_HAL_Driver\Src\stm32f1xx_hal_cortex.o
 .debug_aranges
                0x00000138       0x58 Drivers\STM32F1xx_HAL_Driver\Src\stm32f1xx_hal_gpio.o
 .debug_aranges
                0x00000190      0x170 Drivers\STM32F1xx_HAL_Driver\Src\stm32f1xx_hal_i2c.o
 .debug_aranges
                0x00000300       0x88 Drivers\STM32F1xx_HAL_Driver\Src\stm32f1xx_hal_rcc.o
 .debug_aranges
                0x00000388      0x250 Drivers\STM32F1xx_HAL_Driver\Src\stm32f1xx_hal_tim.o
 .debug_aranges
                0x000005d8       0xe8 Drivers\STM32F1xx_HAL_Driver\Src\stm32f1xx_hal_tim_ex.o
 .debug_aranges
                0x000006c0      0x110 Drivers\STM32F1xx_HAL_Driver\Src\stm32f1xx_hal_uart.o
 .debug_aranges
                0x000007d0       0x70 Src\MPU9250.o
 .debug_aranges
                0x00000840       0x50 Src\MS5611.o
 .debug_aranges
                0x00000890       0x30 Src\MadgwickAHRS.o
 .debug_aranges
                0x000008c0       0x38 Src\circular_buffer.o
 .debug_aranges
                0x000008f8       0x30 Src\common.o
 .debug_aranges
                0x00000928       0x68 Src\devices.o
 .debug_aranges
                0x00000990       0x38 Src\i2c.o
 .debug_aranges
                0x000009c8       0x28 Src\joystick.o
 .debug_aranges
                0x000009f0       0x30 Src\main.o
 .debug_aranges
                0x00000a20       0x38 Src\motor.o
 .debug_aranges
                0x00000a58       0xc8 Src\msp.o
 .debug_aranges
                0x00000b20       0x30 Src\peripherals.o
 .debug_aranges
                0x00000b50       0x40 Src\pid.o
 .debug_aranges
                0x00000b90       0x60 Src\serial.o
 .debug_aranges
                0x00000bf0       0x58 Src\stm32f1xx_hal_msp.o
 .debug_aranges
                0x00000c48       0x50 Src\stm32f1xx_it.o
 .debug_aranges
                0x00000c98       0x28 Src\system_stm32f1xx.o
 .debug_aranges
                0x00000cc0       0x28 Src\timing.o
 .debug_aranges
                0x00000ce8       0x28 startup\startup_stm32f103xb.o

.debug_ranges   0x00000000     0x13d8
 .debug_ranges  0x00000000       0x98 Drivers\STM32F1xx_HAL_Driver\Src\stm32f1xx_hal.o
 .debug_ranges  0x00000098      0x128 Drivers\STM32F1xx_HAL_Driver\Src\stm32f1xx_hal_cortex.o
 .debug_ranges  0x000001c0       0x60 Drivers\STM32F1xx_HAL_Driver\Src\stm32f1xx_hal_gpio.o
 .debug_ranges  0x00000220      0x3a0 Drivers\STM32F1xx_HAL_Driver\Src\stm32f1xx_hal_i2c.o
 .debug_ranges  0x000005c0      0x238 Drivers\STM32F1xx_HAL_Driver\Src\stm32f1xx_hal_rcc.o
 .debug_ranges  0x000007f8      0x328 Drivers\STM32F1xx_HAL_Driver\Src\stm32f1xx_hal_tim.o
 .debug_ranges  0x00000b20       0xd8 Drivers\STM32F1xx_HAL_Driver\Src\stm32f1xx_hal_tim_ex.o
 .debug_ranges  0x00000bf8      0x148 Drivers\STM32F1xx_HAL_Driver\Src\stm32f1xx_hal_uart.o
 .debug_ranges  0x00000d40       0x78 Src\MPU9250.o
 .debug_ranges  0x00000db8      0x138 Src\MS5611.o
 .debug_ranges  0x00000ef0       0x20 Src\MadgwickAHRS.o
 .debug_ranges  0x00000f10       0x40 Src\circular_buffer.o
 .debug_ranges  0x00000f50       0x20 Src\common.o
 .debug_ranges  0x00000f70       0x58 Src\devices.o
 .debug_ranges  0x00000fc8       0x28 Src\i2c.o
 .debug_ranges  0x00000ff0       0x18 Src\joystick.o
 .debug_ranges  0x00001008       0x20 Src\main.o
 .debug_ranges  0x00001028       0x28 Src\motor.o
 .debug_ranges  0x00001050      0x100 Src\msp.o
 .debug_ranges  0x00001150       0xb0 Src\peripherals.o
 .debug_ranges  0x00001200       0x58 Src\pid.o
 .debug_ranges  0x00001258       0x68 Src\serial.o
 .debug_ranges  0x000012c0       0x88 Src\stm32f1xx_hal_msp.o
 .debug_ranges  0x00001348       0x40 Src\stm32f1xx_it.o
 .debug_ranges  0x00001388       0x18 Src\system_stm32f1xx.o
 .debug_ranges  0x000013a0       0x18 Src\timing.o
 .debug_ranges  0x000013b8       0x20 startup\startup_stm32f103xb.o

.debug_line     0x00000000     0x8833
 .debug_line    0x00000000      0x420 Drivers\STM32F1xx_HAL_Driver\Src\stm32f1xx_hal.o
 .debug_line    0x00000420      0x42c Drivers\STM32F1xx_HAL_Driver\Src\stm32f1xx_hal_cortex.o
 .debug_line    0x0000084c      0x445 Drivers\STM32F1xx_HAL_Driver\Src\stm32f1xx_hal_gpio.o
 .debug_line    0x00000c91     0x1436 Drivers\STM32F1xx_HAL_Driver\Src\stm32f1xx_hal_i2c.o
 .debug_line    0x000020c7      0x8b7 Drivers\STM32F1xx_HAL_Driver\Src\stm32f1xx_hal_rcc.o
 .debug_line    0x0000297e     0x1142 Drivers\STM32F1xx_HAL_Driver\Src\stm32f1xx_hal_tim.o
 .debug_line    0x00003ac0      0x705 Drivers\STM32F1xx_HAL_Driver\Src\stm32f1xx_hal_tim_ex.o
 .debug_line    0x000041c5      0xa79 Drivers\STM32F1xx_HAL_Driver\Src\stm32f1xx_hal_uart.o
 .debug_line    0x00004c3e      0x43f Src\MPU9250.o
 .debug_line    0x0000507d      0x42d Src\MS5611.o
 .debug_line    0x000054aa      0x3b2 Src\MadgwickAHRS.o
 .debug_line    0x0000585c      0x198 Src\circular_buffer.o
 .debug_line    0x000059f4       0x7c Src\common.o
 .debug_line    0x00005a70      0x3ab Src\devices.o
 .debug_line    0x00005e1b      0x327 Src\i2c.o
 .debug_line    0x00006142      0x2a7 Src\joystick.o
 .debug_line    0x000063e9      0x2d2 Src\main.o
 .debug_line    0x000066bb      0x2f5 Src\motor.o
 .debug_line    0x000069b0      0x52a Src\msp.o
 .debug_line    0x00006eda      0x4c3 Src\peripherals.o
 .debug_line    0x0000739d      0x402 Src\pid.o
 .debug_line    0x0000779f      0x403 Src\serial.o
 .debug_line    0x00007ba2      0x3fc Src\stm32f1xx_hal_msp.o
 .debug_line    0x00007f9e      0x32f Src\stm32f1xx_it.o
 .debug_line    0x000082cd      0x282 Src\system_stm32f1xx.o
 .debug_line    0x0000854f      0x267 Src\timing.o
 .debug_line    0x000087b6       0x7d startup\startup_stm32f103xb.o

.debug_str      0x00000000     0x4c59
 .debug_str     0x00000000      0xb29 Drivers\STM32F1xx_HAL_Driver\Src\stm32f1xx_hal.o
                                0xbdc (size before relaxing)
 .debug_str     0x00000b29      0x2e1 Drivers\STM32F1xx_HAL_Driver\Src\stm32f1xx_hal_cortex.o
                                0xd28 (size before relaxing)
 .debug_str     0x00000e0a      0x1d0 Drivers\STM32F1xx_HAL_Driver\Src\stm32f1xx_hal_gpio.o
                                0x895 (size before relaxing)
 .debug_str     0x00000fda      0xa18 Drivers\STM32F1xx_HAL_Driver\Src\stm32f1xx_hal_i2c.o
                               0x10ee (size before relaxing)
 .debug_str     0x000019f2      0x2d3 Drivers\STM32F1xx_HAL_Driver\Src\stm32f1xx_hal_rcc.o
                                0xa5b (size before relaxing)
 .debug_str     0x00001cc5      0xf09 Drivers\STM32F1xx_HAL_Driver\Src\stm32f1xx_hal_tim.o
                               0x17a0 (size before relaxing)
 .debug_str     0x00002bce      0x4e9 Drivers\STM32F1xx_HAL_Driver\Src\stm32f1xx_hal_tim_ex.o
                               0x103a (size before relaxing)
 .debug_str     0x000030b7      0x520 Drivers\STM32F1xx_HAL_Driver\Src\stm32f1xx_hal_uart.o
                                0xe11 (size before relaxing)
 .debug_str     0x000035d7      0x338 Src\MPU9250.o
                                0x983 (size before relaxing)
 .debug_str     0x0000390f      0x325 Src\MS5611.o
                                0x9fa (size before relaxing)
 .debug_str     0x00003c34       0xcb Src\MadgwickAHRS.o
                                0x726 (size before relaxing)
 .debug_str     0x00003cff       0x4e Src\circular_buffer.o
                                0x1fa (size before relaxing)
 .debug_str     0x00003d4d       0x37 Src\common.o
                                0x149 (size before relaxing)
 .debug_str     0x00003d84       0xd4 Src\devices.o
                                0xad1 (size before relaxing)
 .debug_str     0x00003e58       0x5e Src\i2c.o
                                0xac1 (size before relaxing)
 .debug_str     0x00003eb6      0x1a4 Src\joystick.o
                                0x810 (size before relaxing)
 .debug_str     0x0000405a       0x7b Src\main.o
                                0x803 (size before relaxing)
 .debug_str     0x000040d5       0xb6 Src\motor.o
                                0x730 (size before relaxing)
 .debug_str     0x0000418b      0x7fa Src\msp.o
                               0x1072 (size before relaxing)
 .debug_str     0x00004985       0xc9 Src\peripherals.o
                               0x1550 (size before relaxing)
 .debug_str     0x00004a4e       0x59 Src\pid.o
                                0x855 (size before relaxing)
 .debug_str     0x00004aa7       0x72 Src\serial.o
                                0xb2c (size before relaxing)
 .debug_str     0x00004b19       0x24 Src\stm32f1xx_hal_msp.o
                               0x119d (size before relaxing)
 .debug_str     0x00004b3d       0xb8 Src\stm32f1xx_it.o
                                0xa69 (size before relaxing)
 .debug_str     0x00004bf5       0x4d Src\system_stm32f1xx.o
                                0x6fe (size before relaxing)
 .debug_str     0x00004c42       0x17 Src\timing.o
                                0x658 (size before relaxing)

.comment        0x00000000       0x7c
 .comment       0x00000000       0x7c Drivers\STM32F1xx_HAL_Driver\Src\stm32f1xx_hal.o
                                 0x7d (size before relaxing)
 .comment       0x0000007c       0x7d Drivers\STM32F1xx_HAL_Driver\Src\stm32f1xx_hal_cortex.o
 .comment       0x0000007c       0x7d Drivers\STM32F1xx_HAL_Driver\Src\stm32f1xx_hal_gpio.o
 .comment       0x0000007c       0x7d Drivers\STM32F1xx_HAL_Driver\Src\stm32f1xx_hal_i2c.o
 .comment       0x0000007c       0x7d Drivers\STM32F1xx_HAL_Driver\Src\stm32f1xx_hal_rcc.o
 .comment       0x0000007c       0x7d Drivers\STM32F1xx_HAL_Driver\Src\stm32f1xx_hal_tim.o
 .comment       0x0000007c       0x7d Drivers\STM32F1xx_HAL_Driver\Src\stm32f1xx_hal_tim_ex.o
 .comment       0x0000007c       0x7d Drivers\STM32F1xx_HAL_Driver\Src\stm32f1xx_hal_uart.o
 .comment       0x0000007c       0x7d Src\MPU9250.o
 .comment       0x0000007c       0x7d Src\MS5611.o
 .comment       0x0000007c       0x7d Src\MadgwickAHRS.o
 .comment       0x0000007c       0x7d Src\circular_buffer.o
 .comment       0x0000007c       0x7d Src\common.o
 .comment       0x0000007c       0x7d Src\devices.o
 .comment       0x0000007c       0x7d Src\i2c.o
 .comment       0x0000007c       0x7d Src\joystick.o
 .comment       0x0000007c       0x7d Src\main.o
 .comment       0x0000007c       0x7d Src\motor.o
 .comment       0x0000007c       0x7d Src\msp.o
 .comment       0x0000007c       0x7d Src\peripherals.o
 .comment       0x0000007c       0x7d Src\pid.o
 .comment       0x0000007c       0x7d Src\serial.o
 .comment       0x0000007c       0x7d Src\stm32f1xx_hal_msp.o
 .comment       0x0000007c       0x7d Src\stm32f1xx_it.o
 .comment       0x0000007c       0x7d Src\system_stm32f1xx.o
 .comment       0x0000007c       0x7d Src\timing.o

.debug_frame    0x00000000     0x310c
 .debug_frame   0x00000000      0x164 Drivers\STM32F1xx_HAL_Driver\Src\stm32f1xx_hal.o
 .debug_frame   0x00000164      0x120 Drivers\STM32F1xx_HAL_Driver\Src\stm32f1xx_hal_cortex.o
 .debug_frame   0x00000284       0xd4 Drivers\STM32F1xx_HAL_Driver\Src\stm32f1xx_hal_gpio.o
 .debug_frame   0x00000358      0x628 Drivers\STM32F1xx_HAL_Driver\Src\stm32f1xx_hal_i2c.o
 .debug_frame   0x00000980      0x14c Drivers\STM32F1xx_HAL_Driver\Src\stm32f1xx_hal_rcc.o
 .debug_frame   0x00000acc      0x854 Drivers\STM32F1xx_HAL_Driver\Src\stm32f1xx_hal_tim.o
 .debug_frame   0x00001320      0x328 Drivers\STM32F1xx_HAL_Driver\Src\stm32f1xx_hal_tim_ex.o
 .debug_frame   0x00001648      0x330 Drivers\STM32F1xx_HAL_Driver\Src\stm32f1xx_hal_uart.o
 .debug_frame   0x00001978      0x13c Src\MPU9250.o
 .debug_frame   0x00001ab4       0xb0 Src\MS5611.o
 .debug_frame   0x00001b64       0x60 Src\MadgwickAHRS.o
 .debug_frame   0x00001bc4       0x50 Src\circular_buffer.o
 .debug_frame   0x00001c14       0x64 Src\common.o
 .debug_frame   0x00001c78       0xe8 Src\devices.o
 .debug_frame   0x00001d60       0xa0 Src\i2c.o
 .debug_frame   0x00001e00       0x4c Src\joystick.o
 .debug_frame   0x00001e4c       0x60 Src\main.o
 .debug_frame   0x00001eac       0xa0 Src\motor.o
 .debug_frame   0x00001f4c      0x318 Src\msp.o
 .debug_frame   0x00002264       0x70 Src\peripherals.o
 .debug_frame   0x000022d4       0xb4 Src\pid.o
 .debug_frame   0x00002388       0xfc Src\serial.o
 .debug_frame   0x00002484       0xd8 Src\stm32f1xx_hal_msp.o
 .debug_frame   0x0000255c       0xbc Src\stm32f1xx_it.o
 .debug_frame   0x00002618       0x30 Src\system_stm32f1xx.o
 .debug_frame   0x00002648       0x40 Src\timing.o
 .debug_frame   0x00002688       0x2c c:/program files (x86)/atollic/truestudio for arm 8.0.0/armtools/bin/../lib/gcc/arm-atollic-eabi/6.3.1/../../../../arm-atollic-eabi/lib/armv7-m\libc_nano.a(lib_a-init.o)
 .debug_frame   0x000026b4       0x70 c:/program files (x86)/atollic/truestudio for arm 8.0.0/armtools/bin/../lib/gcc/arm-atollic-eabi/6.3.1/../../../../arm-atollic-eabi/lib/armv7-m\libc_nano.a(lib_a-sprintf.o)
 .debug_frame   0x00002724       0x90 c:/program files (x86)/atollic/truestudio for arm 8.0.0/armtools/bin/../lib/gcc/arm-atollic-eabi/6.3.1/../../../../arm-atollic-eabi/lib/armv7-m\libc_nano.a(lib_a-nano-svfprintf.o)
 .debug_frame   0x000027b4       0x60 c:/program files (x86)/atollic/truestudio for arm 8.0.0/armtools/bin/../lib/gcc/arm-atollic-eabi/6.3.1/../../../../arm-atollic-eabi/lib/armv7-m\libc_nano.a(lib_a-nano-vfprintf_i.o)
 .debug_frame   0x00002814       0x28 c:/program files (x86)/atollic/truestudio for arm 8.0.0/armtools/bin/../lib/gcc/arm-atollic-eabi/6.3.1/../../../../arm-atollic-eabi/lib/armv7-m\libc_nano.a(lib_a-memchr-stub.o)
 .debug_frame   0x0000283c       0x28 c:/program files (x86)/atollic/truestudio for arm 8.0.0/armtools/bin/../lib/gcc/arm-atollic-eabi/6.3.1/../../../../arm-atollic-eabi/lib/armv7-m\libc_nano.a(lib_a-memcpy-stub.o)
 .debug_frame   0x00002864       0x28 c:/program files (x86)/atollic/truestudio for arm 8.0.0/armtools/bin/../lib/gcc/arm-atollic-eabi/6.3.1/../../../../arm-atollic-eabi/lib/armv7-m\libc_nano.a(lib_a-memmove.o)
 .debug_frame   0x0000288c       0x38 c:/program files (x86)/atollic/truestudio for arm 8.0.0/armtools/bin/../lib/gcc/arm-atollic-eabi/6.3.1/../../../../arm-atollic-eabi/lib/armv7-m\libc_nano.a(lib_a-nano-freer.o)
 .debug_frame   0x000028c4       0x2c c:/program files (x86)/atollic/truestudio for arm 8.0.0/armtools/bin/../lib/gcc/arm-atollic-eabi/6.3.1/../../../../arm-atollic-eabi/lib/armv7-m\libc_nano.a(lib_a-nano-mallocr.o)
 .debug_frame   0x000028f0       0x3c c:/program files (x86)/atollic/truestudio for arm 8.0.0/armtools/bin/../lib/gcc/arm-atollic-eabi/6.3.1/../../../../arm-atollic-eabi/lib/armv7-m\libc_nano.a(lib_a-nano-reallocr.o)
 .debug_frame   0x0000292c       0x2c c:/program files (x86)/atollic/truestudio for arm 8.0.0/armtools/bin/../lib/gcc/arm-atollic-eabi/6.3.1/../../../../arm-atollic-eabi/lib/armv7-m\libc_nano.a(lib_a-sbrkr.o)
 .debug_frame   0x00002958       0x30 c:/program files (x86)/atollic/truestudio for arm 8.0.0/armtools/bin/../lib/gcc/arm-atollic-eabi/6.3.1/../../../../arm-atollic-eabi/lib/armv7-m\libc_nano.a(lib_a-mlock.o)
 .debug_frame   0x00002988       0x20 c:/program files (x86)/atollic/truestudio for arm 8.0.0/armtools/bin/../lib/gcc/arm-atollic-eabi/6.3.1/../../../../arm-atollic-eabi/lib/armv7-m\libc_nano.a(lib_a-nano-msizer.o)
 .debug_frame   0x000029a8       0x5c c:/program files (x86)/atollic/truestudio for arm 8.0.0/armtools/bin/../lib/gcc/arm-atollic-eabi/6.3.1/../../../../arm-atollic-eabi/lib/armv7-m\libc_nano.a(lib_a-reent.o)
 .debug_frame   0x00002a04       0x38 c:/program files (x86)/atollic/truestudio for arm 8.0.0/armtools/bin/../lib/gcc/arm-atollic-eabi/6.3.1/../../../../arm-atollic-eabi/lib/armv7-m\libm.a(lib_a-w_asin.o)
 .debug_frame   0x00002a3c       0x20 c:/program files (x86)/atollic/truestudio for arm 8.0.0/armtools/bin/../lib/gcc/arm-atollic-eabi/6.3.1/../../../../arm-atollic-eabi/lib/armv7-m\libm.a(lib_a-w_atan2.o)
 .debug_frame   0x00002a5c       0x40 c:/program files (x86)/atollic/truestudio for arm 8.0.0/armtools/bin/../lib/gcc/arm-atollic-eabi/6.3.1/../../../../arm-atollic-eabi/lib/armv7-m\libm.a(lib_a-w_pow.o)
 .debug_frame   0x00002a9c       0x40 c:/program files (x86)/atollic/truestudio for arm 8.0.0/armtools/bin/../lib/gcc/arm-atollic-eabi/6.3.1/../../../../arm-atollic-eabi/lib/armv7-m\libm.a(lib_a-w_sqrt.o)
 .debug_frame   0x00002adc       0x40 c:/program files (x86)/atollic/truestudio for arm 8.0.0/armtools/bin/../lib/gcc/arm-atollic-eabi/6.3.1/../../../../arm-atollic-eabi/lib/armv7-m\libm.a(lib_a-e_asin.o)
 .debug_frame   0x00002b1c       0x48 c:/program files (x86)/atollic/truestudio for arm 8.0.0/armtools/bin/../lib/gcc/arm-atollic-eabi/6.3.1/../../../../arm-atollic-eabi/lib/armv7-m\libm.a(lib_a-e_atan2.o)
 .debug_frame   0x00002b64       0x64 c:/program files (x86)/atollic/truestudio for arm 8.0.0/armtools/bin/../lib/gcc/arm-atollic-eabi/6.3.1/../../../../arm-atollic-eabi/lib/armv7-m\libm.a(lib_a-e_pow.o)
 .debug_frame   0x00002bc8       0x30 c:/program files (x86)/atollic/truestudio for arm 8.0.0/armtools/bin/../lib/gcc/arm-atollic-eabi/6.3.1/../../../../arm-atollic-eabi/lib/armv7-m\libm.a(lib_a-e_sqrt.o)
 .debug_frame   0x00002bf8       0x38 c:/program files (x86)/atollic/truestudio for arm 8.0.0/armtools/bin/../lib/gcc/arm-atollic-eabi/6.3.1/../../../../arm-atollic-eabi/lib/armv7-m\libm.a(lib_a-s_atan.o)