stm32f1xx_hal_tim.c:4598:13:TIM_OC1_SetConfig	16	static
stm32f1xx_hal_tim.c:4748:13:TIM_OC3_SetConfig	16	static
stm32f1xx_hal_tim.c:4822:13:TIM_OC4_SetConfig	12	static
stm32f1xx_hal_tim.c:4882:13:TIM_SlaveTimer_SetConfig	12	static
stm32f1xx_hal_tim.c:272:13:HAL_TIM_Base_MspInit	0	static
stm32f1xx_hal_tim.c:286:13:HAL_TIM_Base_MspDeInit	0	static
stm32f1xx_hal_tim.c:245:19:HAL_TIM_Base_DeInit	8	static
stm32f1xx_hal_tim.c:301:19:HAL_TIM_Base_Start	0	static
stm32f1xx_hal_tim.c:324:19:HAL_TIM_Base_Stop	0	static
stm32f1xx_hal_tim.c:347:19:HAL_TIM_Base_Start_IT	0	static
stm32f1xx_hal_tim.c:367:19:HAL_TIM_Base_Stop_IT	0	static
stm32f1xx_hal_tim.c:388:19:HAL_TIM_Base_Start_DMA	8	static
stm32f1xx_hal_tim.c:432:19:HAL_TIM_Base_Stop_DMA	0	static
stm32f1xx_hal_tim.c:547:13:HAL_TIM_OC_MspInit	0	static
stm32f1xx_hal_tim.c:561:13:HAL_TIM_OC_MspDeInit	0	static
stm32f1xx_hal_tim.c:520:19:HAL_TIM_OC_DeInit	8	static
stm32f1xx_hal_tim.c:1051:13:HAL_TIM_PWM_MspInit	0	static
stm32f1xx_hal_tim.c:1065:13:HAL_TIM_PWM_MspDeInit	0	static
stm32f1xx_hal_tim.c:1024:19:HAL_TIM_PWM_DeInit	8	static
stm32f1xx_hal_tim.c:1558:13:HAL_TIM_IC_MspInit	0	static
stm32f1xx_hal_tim.c:1572:13:HAL_TIM_IC_MspDeInit	0	static
stm32f1xx_hal_tim.c:1531:19:HAL_TIM_IC_DeInit	8	static
stm32f1xx_hal_tim.c:2038:13:HAL_TIM_OnePulse_MspInit	0	static
stm32f1xx_hal_tim.c:2052:13:HAL_TIM_OnePulse_MspDeInit	0	static
stm32f1xx_hal_tim.c:2011:19:HAL_TIM_OnePulse_DeInit	8	static
stm32f1xx_hal_tim.c:2070:19:HAL_TIM_OnePulse_Start	0	static
stm32f1xx_hal_tim.c:2103:19:HAL_TIM_OnePulse_Stop	0	static
stm32f1xx_hal_tim.c:2136:19:HAL_TIM_OnePulse_Start_IT	0	static
stm32f1xx_hal_tim.c:2175:19:HAL_TIM_OnePulse_Stop_IT	0	static
stm32f1xx_hal_tim.c:2352:13:HAL_TIM_Encoder_MspInit	0	static
stm32f1xx_hal_tim.c:2366:13:HAL_TIM_Encoder_MspDeInit	0	static
stm32f1xx_hal_tim.c:2325:19:HAL_TIM_Encoder_DeInit	8	static
stm32f1xx_hal_tim.c:2385:19:HAL_TIM_Encoder_Start	0	static
stm32f1xx_hal_tim.c:2427:19:HAL_TIM_Encoder_Stop	0	static
stm32f1xx_hal_tim.c:2471:19:HAL_TIM_Encoder_Start_IT	0	static
stm32f1xx_hal_tim.c:2519:19:HAL_TIM_Encoder_Stop_IT	0	static
stm32f1xx_hal_tim.c:2573:19:HAL_TIM_Encoder_Start_DMA	24	static
stm32f1xx_hal_tim.c:2690:19:HAL_TIM_Encoder_Stop_DMA	0	static
stm32f1xx_hal_tim.c:3316:19:HAL_TIM_DMABurst_WriteStart	24	static
stm32f1xx_hal_tim.c:3539:19:HAL_TIM_DMABurst_ReadStart	24	static
stm32f1xx_hal_tim.c:3671:19:HAL_TIM_DMABurst_ReadStop	16	static
stm32f1xx_hal_tim.c:3447:19:HAL_TIM_DMABurst_WriteStop	0	static
stm32f1xx_hal_tim.c:3743:19:HAL_TIM_GenerateEvent	0	static
stm32f1xx_hal_tim.c:3780:19:HAL_TIM_ConfigOCrefClear	16	static
stm32f1xx_hal_tim.c:3905:19:HAL_TIM_ConfigClockSource	16	static
stm32f1xx_hal_tim.c:4079:19:HAL_TIM_ConfigTI1Input	0	static
stm32f1xx_hal_tim.c:4111:19:HAL_TIM_SlaveConfigSynchronization	16	static
stm32f1xx_hal_tim.c:4146:19:HAL_TIM_SlaveConfigSynchronization_IT	16	static
stm32f1xx_hal_tim.c:4184:10:HAL_TIM_ReadCapturedValue	0	static
stm32f1xx_hal_tim.c:4271:13:HAL_TIM_PeriodElapsedCallback	0	static
stm32f1xx_hal_tim.c:4524:13:TIM_DMAPeriodElapsedCplt	8	static
stm32f1xx_hal_tim.c:4285:13:HAL_TIM_OC_DelayElapsedCallback	0	static
stm32f1xx_hal_tim.c:4298:13:HAL_TIM_IC_CaptureCallback	0	static
stm32f1xx_hal_tim.c:4491:6:TIM_DMACaptureCplt	8	static
stm32f1xx_hal_tim.c:4312:13:HAL_TIM_PWM_PulseFinishedCallback	0	static
stm32f1xx_hal_tim.c:4459:6:TIM_DMADelayPulseCplt	8	static
stm32f1xx_hal_tim.c:4326:13:HAL_TIM_TriggerCallback	0	static
stm32f1xx_hal_tim.c:2752:6:HAL_TIM_IRQHandler	8	static
stm32f1xx_hal_tim.c:4538:13:TIM_DMATriggerCplt	8	static
stm32f1xx_hal_tim.c:4340:13:HAL_TIM_ErrorCallback	0	static
stm32f1xx_hal_tim.c:4445:6:TIM_DMAError	8	static
stm32f1xx_hal_tim.c:4373:22:HAL_TIM_Base_GetState	0	static
stm32f1xx_hal_tim.c:4383:22:HAL_TIM_OC_GetState	0	static
stm32f1xx_hal_tim.c:4393:22:HAL_TIM_PWM_GetState	0	static
stm32f1xx_hal_tim.c:4403:22:HAL_TIM_IC_GetState	0	static
stm32f1xx_hal_tim.c:4413:22:HAL_TIM_OnePulse_GetState	0	static
stm32f1xx_hal_tim.c:4423:22:HAL_TIM_Encoder_GetState	0	static
stm32f1xx_hal_tim.c:4553:6:TIM_Base_SetConfig	0	static
stm32f1xx_hal_tim.c:206:19:HAL_TIM_Base_Init	8	static
stm32f1xx_hal_tim.c:481:19:HAL_TIM_OC_Init	8	static
stm32f1xx_hal_tim.c:985:19:HAL_TIM_PWM_Init	8	static
stm32f1xx_hal_tim.c:1492:19:HAL_TIM_IC_Init	8	static
stm32f1xx_hal_tim.c:1965:19:HAL_TIM_OnePulse_Init	16	static
stm32f1xx_hal_tim.c:2235:19:HAL_TIM_Encoder_Init	24	static
stm32f1xx_hal_tim.c:4672:6:TIM_OC2_SetConfig	16	static
stm32f1xx_hal_tim.c:2915:19:HAL_TIM_OC_ConfigChannel	16	static
stm32f1xx_hal_tim.c:3080:19:HAL_TIM_PWM_ConfigChannel	16	static
stm32f1xx_hal_tim.c:5026:6:TIM_TI1_SetConfig	16	static
stm32f1xx_hal_tim.c:2984:19:HAL_TIM_IC_ConfigChannel	24	static
stm32f1xx_hal_tim.c:3180:19:HAL_TIM_OnePulse_ConfigChannel	48	static
stm32f1xx_hal_tim.c:5350:6:TIM_CCxChannelCmd	8	static
stm32f1xx_hal_tim.c:613:19:HAL_TIM_OC_Stop	8	static
stm32f1xx_hal_tim.c:1085:19:HAL_TIM_PWM_Start	8	static
stm32f1xx_hal_tim.c:581:19:HAL_TIM_OC_Start	0	static
stm32f1xx_hal_tim.c:1117:19:HAL_TIM_PWM_Stop	8	static
stm32f1xx_hal_tim.c:1152:19:HAL_TIM_PWM_Start_IT	8	static
stm32f1xx_hal_tim.c:645:19:HAL_TIM_OC_Start_IT	0	static
stm32f1xx_hal_tim.c:1218:19:HAL_TIM_PWM_Stop_IT	8	static
stm32f1xx_hal_tim.c:711:19:HAL_TIM_OC_Stop_IT	0	static
stm32f1xx_hal_tim.c:1286:19:HAL_TIM_PWM_Start_DMA	16	static
stm32f1xx_hal_tim.c:779:19:HAL_TIM_OC_Start_DMA	0	static
stm32f1xx_hal_tim.c:1403:19:HAL_TIM_PWM_Stop_DMA	8	static
stm32f1xx_hal_tim.c:896:19:HAL_TIM_OC_Stop_DMA	0	static
stm32f1xx_hal_tim.c:1592:19:HAL_TIM_IC_Start	8	static
stm32f1xx_hal_tim.c:1618:19:HAL_TIM_IC_Stop	8	static
stm32f1xx_hal_tim.c:1644:19:HAL_TIM_IC_Start_IT	8	static
stm32f1xx_hal_tim.c:1703:19:HAL_TIM_IC_Stop_IT	8	static
stm32f1xx_hal_tim.c:1765:19:HAL_TIM_IC_Start_DMA	16	static
stm32f1xx_hal_tim.c:1878:19:HAL_TIM_IC_Stop_DMA	8	static
