msp.c:49:13:MSP_SendFrame	24	static
msp.c:376:6:MSP_SendIdent	16	static
msp.c:396:6:MSP_SendStatus	24	static
msp.c:360:6:MSP_Init	8	static
msp.c:415:6:MSP_SendRawIMU	40	static
msp.c:430:6:MSP_SendMotor	16	static
msp.c:445:6:MSP_SendRC	32	static
msp.c:460:6:MSP_SendAttitude	16	static
msp.c:475:6:MSP_SendAltitude	16	static
msp.c:490:6:MSP_SendAnalog	16	static
msp.c:505:6:MSP_SendRCTuning	16	static
msp.c:520:6:MSP_SendPID	48	static
msp.c:535:6:MSP_SendMisc	40	static
msp.c:550:6:MSP_SendMotorPins	16	static
msp.c:565:6:MSP_SendBoxNames	16	static
msp.c:580:6:MSP_SendPIDNames	16	static
msp.c:595:6:MSP_SendBoxIDs	16	static
msp.c:610:13:MSP_SetRawRC_Callback	0	static
msp.c:625:13:MSP_SetPID_Callback	0	static
msp.c:104:13:MSP_ParseFrame.isra.0	8	static
msp.c:224:6:MSP_Update	16	static
msp.c:308:6:MSP_Read	80	static
msp.c:640:13:MSP_SetBox_Callback	0	static
msp.c:655:13:MSP_SetRCTuning_Callback	0	static
msp.c:670:13:MSP_SetMisc_Callback	0	static
msp.c:685:13:MSP_SetHead_Callback	0	static
msp.c:700:13:MSP_SetMotor_Callback	0	static
msp.c:715:6:MSP_SetLED_Callback	16	static
