msp.c:42:13:MSP_SendFrame	24	static
msp.c:304:6:MSP_SendIdent	16	static
msp.c:324:6:MSP_SendStatus	24	static
msp.c:288:6:MSP_Init	8	static
msp.c:343:6:MSP_SendRawIMU	40	static
msp.c:358:6:MSP_SendMotor	16	static
msp.c:373:6:MSP_SendRC	32	static
msp.c:388:6:MSP_SendAttitude	16	static
msp.c:403:6:MSP_SendAltitude	16	static
msp.c:418:6:MSP_SendAnalog	16	static
msp.c:433:6:MSP_SendRCTuning	16	static
msp.c:448:6:MSP_SendPID	48	static
msp.c:463:6:MSP_SendMisc	40	static
msp.c:478:6:MSP_SendMotorPins	16	static
msp.c:493:6:MSP_SendBoxNames	16	static
msp.c:508:6:MSP_SendPIDNames	16	static
msp.c:523:6:MSP_SendBoxIDs	16	static
msp.c:538:13:MSP_SetRawRC_Callback	0	static
msp.c:553:13:MSP_SetPID_Callback	0	static
msp.c:72:13:MSP_ParseFrame.isra.0	8	static
msp.c:185:6:MSP_Update	16	static
msp.c:265:6:MSP_Read	80	static
msp.c:568:13:MSP_SetBox_Callback	0	static
msp.c:583:13:MSP_SetRCTuning_Callback	0	static
msp.c:598:13:MSP_SetMisc_Callback	0	static
msp.c:613:13:MSP_SetHead_Callback	0	static
msp.c:628:13:MSP_SetMotor_Callback	0	static
msp.c:643:6:MSP_SetLED_Callback	16	static
