multiwii.c:39:9:MSP_Checksum	8	static
multiwii.c:48:6:MSP_SendFrame	24	static
multiwii.c:64:6:MSP_RecieveFrame	0	static
multiwii.c:69:6:MSP_ParseFrame	0	static
multiwii.c:74:6:MSP_Test	16	static
multiwii.c:87:6:MSP_SendStatus	24	static
multiwii.c:102:6:MSP_SendRawIMU	40	static
multiwii.c:117:6:MSP_SendMotor	16	static
multiwii.c:132:6:MSP_SendRC	32	static
multiwii.c:147:6:MSP_SendAttitude	16	static
multiwii.c:162:6:MSP_SendAltitude	16	static
multiwii.c:177:6:MSP_SendAnalog	16	static
multiwii.c:192:6:MSP_SendRCTuning	16	static
multiwii.c:207:6:MSP_SendPID	48	static
multiwii.c:222:6:MSP_SendMisc	40	static
multiwii.c:237:6:MSP_SendMotorPins	16	static
multiwii.c:252:6:MSP_SendBoxNames	16	static
multiwii.c:267:6:MSP_SendPIDNames	16	static
multiwii.c:282:6:MSP_SendBoxIDs	16	static
