stm32f1xx_hal_tim_ex.c:1827:13:TIM_CCxNChannelCmd	8	static
stm32f1xx_hal_tim_ex.c:272:13:HAL_TIMEx_HallSensor_MspInit	0	static
stm32f1xx_hal_tim_ex.c:167:19:HAL_TIMEx_HallSensor_Init	48	static
stm32f1xx_hal_tim_ex.c:286:13:HAL_TIMEx_HallSensor_MspDeInit	0	static
stm32f1xx_hal_tim_ex.c:245:19:HAL_TIMEx_HallSensor_DeInit	8	static
stm32f1xx_hal_tim_ex.c:300:19:HAL_TIMEx_HallSensor_Start	8	static
stm32f1xx_hal_tim_ex.c:321:19:HAL_TIMEx_HallSensor_Stop	8	static
stm32f1xx_hal_tim_ex.c:342:19:HAL_TIMEx_HallSensor_Start_IT	8	static
stm32f1xx_hal_tim_ex.c:366:19:HAL_TIMEx_HallSensor_Stop_IT	8	static
stm32f1xx_hal_tim_ex.c:392:19:HAL_TIMEx_HallSensor_Start_DMA	16	static
stm32f1xx_hal_tim_ex.c:439:19:HAL_TIMEx_HallSensor_Stop_DMA	8	static
stm32f1xx_hal_tim_ex.c:916:19:HAL_TIMEx_PWMN_Start	8	static
stm32f1xx_hal_tim_ex.c:499:19:HAL_TIMEx_OCN_Start	0	static
stm32f1xx_hal_tim_ex.c:975:19:HAL_TIMEx_PWMN_Start_IT	8	static
stm32f1xx_hal_tim_ex.c:559:19:HAL_TIMEx_OCN_Start_IT	0	static
stm32f1xx_hal_tim_ex.c:1042:19:HAL_TIMEx_PWMN_Stop_IT	8	static
stm32f1xx_hal_tim_ex.c:626:19:HAL_TIMEx_OCN_Stop_IT	0	static
stm32f1xx_hal_tim_ex.c:1117:19:HAL_TIMEx_PWMN_Start_DMA	16	static
stm32f1xx_hal_tim_ex.c:701:19:HAL_TIMEx_OCN_Start_DMA	0	static
stm32f1xx_hal_tim_ex.c:1232:19:HAL_TIMEx_PWMN_Stop_DMA	8	static
stm32f1xx_hal_tim_ex.c:816:19:HAL_TIMEx_OCN_Stop_DMA	0	static
stm32f1xx_hal_tim_ex.c:1319:19:HAL_TIMEx_OnePulseN_Start	8	static
stm32f1xx_hal_tim_ex.c:1344:19:HAL_TIMEx_OnePulseN_Stop	8	static
stm32f1xx_hal_tim_ex.c:945:19:HAL_TIMEx_PWMN_Stop	0	static
stm32f1xx_hal_tim_ex.c:529:19:HAL_TIMEx_OCN_Stop	0	static
stm32f1xx_hal_tim_ex.c:1373:19:HAL_TIMEx_OnePulseN_Start_IT	8	static
stm32f1xx_hal_tim_ex.c:1404:19:HAL_TIMEx_OnePulseN_Stop_IT	8	static
stm32f1xx_hal_tim_ex.c:1479:19:HAL_TIMEx_ConfigCommutationEvent	8	static
stm32f1xx_hal_tim_ex.c:1528:19:HAL_TIMEx_ConfigCommutationEvent_IT	8	static
stm32f1xx_hal_tim_ex.c:1581:19:HAL_TIMEx_ConfigCommutationEvent_DMA	8	static
stm32f1xx_hal_tim_ex.c:1625:19:HAL_TIMEx_ConfigBreakDeadTime	8	static
stm32f1xx_hal_tim_ex.c:1673:19:HAL_TIMEx_MasterConfigSynchronization	8	static
stm32f1xx_hal_tim_ex.c:1726:13:HAL_TIMEx_CommutationCallback	0	static
stm32f1xx_hal_tim_ex.c:1754:6:TIMEx_DMACommutationCplt	8	static
stm32f1xx_hal_tim_ex.c:1740:13:HAL_TIMEx_BreakCallback	0	static
stm32f1xx_hal_tim_ex.c:1791:22:HAL_TIMEx_HallSensor_GetState	0	static
