MPU9250.c:45:6:IMU_WriteByte	32	static
MPU9250.c:63:9:IMU_ReadByte	32	static
MPU9250.c:79:6:IMU_ReadByteArray	24	static
MPU9250.c:95:6:MPU9250_Init	8	static
MPU9250.c:121:6:MPU9250_ReadAccelData	16	static
MPU9250.c:151:6:MPU9250_ReadGyroData	24	static
MPU9250.c:181:6:AK8963_Init	16	static
MPU9250.c:230:6:AK8963_ReadData	48	static
MPU9250.c:274:6:IMU_Init	8	static
MPU9250.c:300:6:AHRS_ComputeAngles	48	static
MPU9250.c:331:7:AHRS_GetPitch	0	static
MPU9250.c:343:7:AHRS_GetRoll	0	static
MPU9250.c:355:7:AHRS_GetYaw	0	static
